[    0.000000][    T0] Booting Linux on physical CPU 0x0000000000 [0x410fd811]
[    0.000000][    T0] Linux version 6.6.89-android15-8-ge6068c2aa11d-abogki454747580-4k (kleaf@build-host) (Android (11368308, +pgo, +bolt, +lto, +mlgo, based on r510928) clang version 18.0.0 (https://android.googlesource.com/toolchain/llvm-project 477610d4d0d988e69dbc3fae4fe86bff3f07f2b5), LLD 18.0.0) #1 SMP PREEMPT Tue Oct 28 11:42:57 UTC 2025
[    0.000000][    T0] KASLR enabled
[    0.000000][    T0] Machine model: MT6991
[    0.000000][    T0] stackdepot: disabled
[    0.000000][    T0] KVM is not available. Ignoring kvm-arm.mode
[    0.000000][    T0] efi: UEFI not found.
[    0.000000][    T0] OF: reserved mem: 0x0000000080000000..0x000000008000ffff (64 KiB) map non-reusable mkp-kernel-code-protection-memory
[    0.000000][    T0] OF: reserved mem: 0x000000012fe70000..0x000000012fffffff (1600 KiB) map non-reusable ccci-dpmaif-cache-memory
[    0.000000][    T0] OF: reserved mem: 0x000000012fe20000..0x000000012fe6ffff (320 KiB) nomap non-reusable ccci-dpmaif-nocache-memory
[    0.000000][    T0] Reserved memory: created CMA memory pool at 0x0000000122000000, size 208 MiB
[    0.000000][    T0] OF: reserved mem: initialized node ssmr-reserved-cma-memory, compatible id shared-dma-pool
[    0.000000][    T0] OF: reserved mem: 0x0000000122000000..0x000000012effffff (212992 KiB) map reusable ssmr-reserved-cma-memory
[    0.000000][    T0] OF: reserved mem: 0x0000000088080000..0x000000008808ffff (64 KiB) nomap non-reusable mblock-1-aee_debug_kinfo
[    0.000000][    T0] OF: reserved mem: 0x0000000088090000..0x000000008809ffff (64 KiB) nomap non-reusable mblock-3-minirdump
[    0.000000][    T0] OF: reserved mem: 0x0000000088410000..0x000000008841ffff (64 KiB) nomap non-reusable mblock-6-crypto_hw
[    0.000000][    T0] OF: reserved mem: 0x0000000088800000..0x00000000889fffff (2048 KiB) nomap non-reusable mblock-4-BL31-reserved
[    0.000000][    T0] OF: reserved mem: 0x000000008be00000..0x000000008c9fffff (12288 KiB) nomap non-reusable mblock-52-debug_met_res-ram
[    0.000000][    T0] OF: reserved mem: 0x000000008ca00000..0x000000008cbfffff (2048 KiB) nomap non-reusable mblock-37-apu_sapu_apurvgzctrlshm
[    0.000000][    T0] OF: reserved mem: 0x000000008cd30000..0x000000008cffffff (2880 KiB) nomap non-reusable mblock-36-apu_apusys-rv_aee-coredump
[    0.000000][    T0] OF: reserved mem: 0x000000008d000000..0x000000008e50ffff (21568 KiB) nomap non-reusable mblock-31-reserve-memory-scp_share
[    0.000000][    T0] OF: reserved mem: 0x000000008e600000..0x000000008ebfffff (6144 KiB) nomap non-reusable mblock-35-apu_apusys-rv_secure
[    0.000000][    T0] OF: reserved mem: 0x000000008ec00000..0x000000008effffff (4096 KiB) nomap non-reusable mblock-34-apu_sdsp_mvpugzshmdata
[    0.000000][    T0] OF: reserved mem: 0x000000008f000000..0x000000008fdfffff (14336 KiB) nomap non-reusable mblock-19-scp_aov_reserved
[    0.000000][    T0] OF: reserved mem: 0x000000008fe00000..0x000000008fffffff (2048 KiB) nomap non-reusable mblock-33-apu_sdsp_mvpugzshmalgo
[    0.000000][    T0] OF: reserved mem: 0x0000000090370000..0x000000009047ffff (1088 KiB) nomap non-reusable mblock-56-sspm_ap-shared
[    0.000000][    T0] OF: reserved mem: 0x0000000090480000..0x00000000906fffff (2560 KiB) nomap non-reusable mblock-26-SSPM-reserved
[    0.000000][    T0] OF: reserved mem: 0x00000000aec00000..0x00000000aef0ffff (3136 KiB) nomap non-reusable mblock-2-pstore
[    0.000000][    T0] OF: reserved mem: 0x00000000b8000000..0x00000000b8f7ffff (15872 KiB) nomap non-reusable mblock-30-SCP-reserved
[    0.000000][    T0] OF: reserved mem: 0x00000000bd200000..0x00000000bdffffff (14336 KiB) nomap non-reusable mblock-46-me_vcp_reserved
[    0.000000][    T0] OF: reserved mem: 0x00000000be000000..0x00000000beafffff (11264 KiB) map non-reusable mblock-5-aee_lk
[    0.000000][    T0] OF: reserved mem: 0x00000000bf000000..0x00000000bf4fffff (5120 KiB) nomap non-reusable mblock-28-tee-secmem
[    0.000000][    T0] OF: reserved mem: 0x00000000bf6e0000..0x00000000bf7fffff (1152 KiB) nomap non-reusable mblock-27-MCUPM-reserved
[    0.000000][    T0] OF: reserved mem: 0x00000000bf800000..0x00000000bfbfffff (4096 KiB) nomap non-reusable mblock-10-emi_isu_buf
[    0.000000][    T0] OF: reserved mem: 0x00000000bfc00000..0x00000000bfdfffff (2048 KiB) nomap non-reusable mblock-12-atf-log-reserved
[    0.000000][    T0] OF: reserved mem: 0x00000000bffe0000..0x00000000bffeffff (64 KiB) nomap non-reusable mblock-38-ccci_tag_mem
[    0.000000][    T0] OF: reserved mem: 0x00000000bfff0000..0x00000000bfffffff (64 KiB) nomap non-reusable mblock-9-emi_mbist_buf
[    0.000000][    T0] OF: reserved mem: 0x00000000c0000000..0x00000000c01fffff (2048 KiB) nomap non-reusable mblock-32-mm_ccu_reserved
[    0.000000][    T0] OF: reserved mem: 0x00000000d2000000..0x00000000d355ffff (21888 KiB) nomap non-reusable mblock-40-ap_md_c_smem
[    0.000000][    T0] OF: reserved mem: 0x00000000d4000000..0x00000000d413ffff (1280 KiB) nomap non-reusable mblock-20-ap_md_nc_smem
[    0.000000][    T0] OF: reserved mem: 0x00000000d6000000..0x00000000d873ffff (40192 KiB) nomap non-reusable mblock-39-md_mem_usage
[    0.000000][    T0] OF: reserved mem: 0x00000000d9000000..0x00000000d914ffff (1344 KiB) nomap non-reusable mblock-41-md_mem_usage
[    0.000000][    T0] OF: reserved mem: 0x00000000da000000..0x00000000e095ffff (107904 KiB) nomap non-reusable mblock-42-md_mem_usage
[    0.000000][    T0] OF: reserved mem: 0x00000000e0a00000..0x00000000e0ebffff (4864 KiB) nomap non-reusable mblock-43-md_mem_usage
[    0.000000][    T0] Reserved memory: created CMA memory pool at 0x00000000e7000000, size 84 MiB
[    0.000000][    T0] OF: reserved mem: initialized node mblock-51-shared-dma-pool_wifi-tx-cma-reserve-memory_cma, compatible id shared-dma-pool
[    0.000000][    T0] OF: reserved mem: 0x00000000e7000000..0x00000000ec3fffff (86016 KiB) map reusable mblock-51-shared-dma-pool_wifi-tx-cma-reserve-memory_cma
[    0.000000][    T0] OF: reserved mem: 0x00000000ed000000..0x00000000edbfffff (12288 KiB) nomap non-reusable mblock-47-consys_wifi_emi
[    0.000000][    T0] OF: reserved mem: 0x00000000edc00000..0x00000000ee5fffff (10240 KiB) nomap non-reusable mblock-48-consys_emi
[    0.000000][    T0] Reserved memory: created DMA memory pool at 0x00000000ee600000, size 0 MiB
[    0.000000][    T0] OF: reserved mem: initialized node mblock-49-shared-dma-pool_wifi-misc-reserve-memory_dma, compatible id shared-dma-pool
[    0.000000][    T0] OF: reserved mem: 0x00000000ee600000..0x00000000ee69ffff (640 KiB) nomap non-reusable mblock-49-shared-dma-pool_wifi-misc-reserve-memory_dma
[    0.000000][    T0] Reserved memory: created DMA memory pool at 0x00000000ee6a0000, size 25 MiB
[    0.000000][    T0] OF: reserved mem: initialized node mblock-50-shared-dma-pool_wifi-reserve-memory_dma, compatible id shared-dma-pool
[    0.000000][    T0] OF: reserved mem: 0x00000000ee6a0000..0x00000000eff9ffff (25600 KiB) nomap non-reusable mblock-50-shared-dma-pool_wifi-reserve-memory_dma
[    0.000000][    T0] OF: reserved mem: 0x00000000f0000000..0x00000000f29bffff (42752 KiB) nomap non-reusable mblock-45-adsp_image_reserved
[    0.000000][    T0] OF: reserved mem: 0x00000000f3700000..0x00000000f3ffffff (9216 KiB) nomap non-reusable mblock-44-md_mem_usage
[    0.000000][    T0] OF: reserved mem: 0x00000000f6800000..0x00000000f71fffff (10240 KiB) nomap non-reusable mblock-14-platform-debug_dfdsoc_dump
[    0.000000][    T0] OF: reserved mem: 0x00000000f7280000..0x00000000f73fffff (1536 KiB) nomap non-reusable mblock-54-me_GPUEB_SHARED
[    0.000000][    T0] OF: reserved mem: 0x00000000f7400000..0x00000000fd2fffff (97280 KiB) nomap non-reusable mblock-29-tee-reserved
[    0.000000][    T0] OF: reserved mem: 0x00000000fd400000..0x00000000fd5fffff (2048 KiB) nomap non-reusable mblock-18-me_GPUmputab_PMA
[    0.000000][    T0] OF: reserved mem: 0x00000000fd670000..0x00000000fd6affff (256 KiB) nomap non-reusable mblock-55-platform-debug_slbc_shared
[    0.000000][    T0] OF: reserved mem: 0x00000000fd6b0000..0x00000000fffeffff (42240 KiB) map non-reusable mblock-16-framebuffer
[    0.000000][    T0] OF: reserved mem: 0x000000013bc00000..0x000000013fffffff (69632 KiB) nomap non-reusable mblock-25-platform_mtksmmu_mpool
[    0.000000][    T0] OF: reserved mem: 0x000000016e000000..0x000000016ed9ffff (13952 KiB) nomap non-reusable mblock-53-adsp_shared_reserved
[    0.000000][    T0] OF: reserved mem: 0x000000027fff0000..0x000000027fffffff (64 KiB) nomap non-reusable mblock-7-dramc-rk0
[    0.000000][    T0] OF: reserved mem: 0x000000033fe00000..0x000000033fffffff (2048 KiB) nomap non-reusable mblock-17-me_cmdq_reserved
[    0.000000][    T0] OF: reserved mem: 0x000000047c800000..0x000000047c9fffff (2048 KiB) nomap non-reusable mblock-15-me_gpu_reserved
[    0.000000][    T0] OF: reserved mem: 0x000000047ca00000..0x000000047cbfffff (2048 KiB) nomap non-reusable mblock-23-mkp
[    0.000000][    T0] OF: reserved mem: 0x000000047cc00000..0x000000047cdfffff (2048 KiB) nomap non-reusable mblock-22-security_pvmfw
[    0.000000][    T0] OF: reserved mem: 0x000000047ce00000..0x000000047fdfffff (49152 KiB) nomap non-reusable mblock-21-gz
[    0.000000][    T0] OF: reserved mem: 0x000000047fe00000..0x000000047fe4ffff (320 KiB) map non-reusable mblock-24-gz-log
[    0.000000][    T0] OF: reserved mem: 0x000000047ffa0000..0x000000047ffaffff (64 KiB) nomap non-reusable mblock-13-security_dice_common
[    0.000000][    T0] OF: reserved mem: 0x000000047ffb0000..0x000000047ffeffff (256 KiB) map non-reusable mblock-11-log_store
[    0.000000][    T0] OF: reserved mem: 0x000000047fff0000..0x000000047fffffff (64 KiB) nomap non-reusable mblock-8-dramc-rk1
[    0.000000][    T0] KP  _  __                    _ ____       _       _     
[    0.000000][    T0] | |/ /___ _ __ _ __   ___| |  _ \ __ _| |_ ___| |__  
[    0.000000][    T0] | ' // _ \ '__| '_ \ / _ \ | |_) / _` | __/ __| '_ \ 
[    0.000000][    T0] | . \  __/ |  | | | |  __/ |  __/ (_| | || (__| | | |
[    0.000000][    T0] |_|\_\___|_|  |_| |_|\___|_|_|   \__,_|\__\___|_| |_|
[    0.000000][    T0] KP Kernel pa: 80000000
[    0.000000][    T0] KP Kernel va: ffffffdffba00000
[    0.000000][    T0] KP Kernel Version: 60659
[    0.000000][    T0] KP KernelPatch Version: d00
[    0.000000][    T0] KP KernelPatch Config: 2
[    0.000000][    T0] KP KernelPatch Compile Time: 05:08:59 Jan 25 2026
[    0.000000][    T0] KP KernelPatch link base: d000, runtime base: ffffffe3f7aac000
[    0.000000][    T0] KP Kernel stext prot: 50000080010783
[    0.000000][    T0] KP Region: ffffffe3f7aaf000, ffffffe3f8200000
[    0.000000][    T0] KP KernelPatch start prot: 4800047c0af703
[    0.000000][    T0] KP Text: ffffffe3f7aaf000, ffffffe3f7ac7640
[    0.000000][    T0] KP Data: ffffffe3f7acf000, ffffffe3f7ad8260
[    0.000000][    T0] KP Extra: ffffffe3f7adf000, ffffffe3f7affee0
[    0.000000][    T0] KP Hook: ffffffe3f7b00000, ffffffe3f7c00000
[    0.000000][    T0] KP RW: ffffffe3f7c00000, ffffffe3f7e00000
[    0.000000][    T0] KP ROX: ffffffe3f7e00000, ffffffe3f8200000
[    0.000000][    T0] KP add vmalloc area: ffffffe3f7aaf000, 751000
[    0.000000][    T0] KP Restore: ffffffdffc8a99b0, ffffffdffc8a9f70
[    0.000000][    T0] KP ID_AA64AFR0_EL1: 0
[    0.000000][    T0] KP ID_AA64AFR1_EL1: 0
[    0.000000][    T0] KP ID_AA64DFR0_EL1: 100f11f310305719
[    0.000000][    T0] KP ID_AA64DFR1_EL1: 0
[    0.000000][    T0] KP ID_AA64MMFR0_EL1: 2100022200101122
[    0.000000][    T0] KP ID_AA64MMFR1_EL1: 1001111010312122
[    0.000000][    T0] KP ID_AA64MMFR2_EL1: 1221011110101011
[    0.000000][    T0] KP ID_AA64PFR0_EL1: 1201111123111111
[    0.000000][    T0] KP ID_AA64PFR1_EL1: 10321
[    0.000000][    T0] KP MAIR_EL1: 40044ffff
[    0.000000][    T0] KP MIDR_EL1: 410fd811
[    0.000000][    T0] KP MPIDR_EL1: 81000000
[    0.000000][    T0] KP REVIDR_EL1: 3
[    0.000000][    T0] KP SCTLR_EL1: 200002034f4d99d
[    0.000000][    T0] KP TCR_EL1: 45000f2b5593519
[    0.000000][    T0] KP TTBR0_EL1: 81cd3000
[    0.000000][    T0] KP TTBR1_EL1: 81cd4000
[    0.000000][    T0] KP gen rand key: HADiXEnS7ubEJmP
[    0.000000][    T0] KP Symbol: ffffffe3f7ad66d0, ffffffe3f7ad8260
[    0.000000][    T0] KP sys_call_table addr: ffffffdffca90cb8
[    0.000000][    T0] KP compat_sys_call_table addr: ffffffdffca973b0
[    0.000000][    T0] KP syscall config_compat: 1
[    0.000000][    T0] KP syscall has_wrapper: 1
[    0.000000][    T0] [+] KP D panic addr: ffffffdffca4dca4
[    0.000000][    T0] [+] KP V Wrap func: ffffffdffca4dca4, origin: ffffffdffca4dca4, replace: ffffffe3f7b00290, relocate: ffffffe3f7b00068, chain: ffffffe3f7b00010
[    0.000000][    T0] [+] KP V Wrap chain add: ffffffdffca4dca4, ffffffe3f7ab5b20, 0 successed
[    0.000000][    T0] [+] KP V Wrap func: ffffffdffca4dca4 succsseed
[    0.000000][    T0] KP hook panic rc: 0
[    0.000000][    T0] [+] KP V Wrap func: ffffffdffca57914, origin: ffffffdffca57914, replace: ffffffe3f7b00760, relocate: ffffffe3f7b00538, chain: ffffffe3f7b004e0
[    0.000000][    T0] [+] KP V Wrap chain add: ffffffdffca57914, ffffffe3f7ab5980, 0 successed
[    0.000000][    T0] [+] KP V Wrap func: ffffffdffca57914 succsseed
[    0.000000][    T0] KP hook rest_init rc: 0
[    0.000000][    T0] [+] KP V Wrap func: ffffffdffca579fc, origin: ffffffdffca579fc, replace: ffffffe3f7b00c30, relocate: ffffffe3f7b00a08, chain: ffffffe3f7b009b0
[    0.000000][    T0] [+] KP V Wrap chain add: ffffffdffca579fc, ffffffe3f7ab5894, ffffffe3f7ab5880 successed
[    0.000000][    T0] [+] KP V Wrap func: ffffffdffca579fc succsseed
[    0.000000][    T0] KP hook kernel_init rc: 0
[    0.000000][    T0] Zone ranges:
[    0.000000][    T0]   DMA32    empty
[    0.000000][    T0]   Normal   [mem 0x0000000080000000-0x000000047fffffff]
[    0.000000][    T0] Movable zone start for each node
[    0.000000][    T0] NoSplit zone start for each node
[    0.000000][    T0] NoMerge zone start for each node
[    0.000000][    T0] Early memory node ranges
[    0.000000][    T0]   node   0: [mem 0x0000000080000000-0x000000008807ffff]
[    0.000000][    T0]   node   0: [mem 0x0000000088080000-0x000000008809ffff]
[    0.000000][    T0]   node   0: [mem 0x00000000880a0000-0x000000008840ffff]
[    0.000000][    T0]   node   0: [mem 0x0000000088410000-0x000000008841ffff]
[    0.000000][    T0]   node   0: [mem 0x0000000088420000-0x00000000887fffff]
[    0.000000][    T0]   node   0: [mem 0x0000000088800000-0x00000000889fffff]
[    0.000000][    T0]   node   0: [mem 0x0000000088a00000-0x000000008bdfffff]
[    0.000000][    T0]   node   0: [mem 0x000000008be00000-0x000000008cbfffff]
[    0.000000][    T0]   node   0: [mem 0x000000008cc00000-0x000000008cd2ffff]
[    0.000000][    T0]   node   0: [mem 0x000000008cd30000-0x000000008e50ffff]
[    0.000000][    T0]   node   0: [mem 0x000000008e510000-0x000000008e5fffff]
[    0.000000][    T0]   node   0: [mem 0x000000008e600000-0x000000008fffffff]
[    0.000000][    T0]   node   0: [mem 0x0000000090000000-0x000000009036ffff]
[    0.000000][    T0]   node   0: [mem 0x0000000090370000-0x00000000906fffff]
[    0.000000][    T0]   node   0: [mem 0x0000000090700000-0x00000000aebfffff]
[    0.000000][    T0]   node   0: [mem 0x00000000aec00000-0x00000000aef0ffff]
[    0.000000][    T0]   node   0: [mem 0x00000000aef10000-0x00000000b7ffffff]
[    0.000000][    T0]   node   0: [mem 0x00000000b8000000-0x00000000b8f7ffff]
[    0.000000][    T0]   node   0: [mem 0x00000000b8f80000-0x00000000bd1fffff]
[    0.000000][    T0]   node   0: [mem 0x00000000bd200000-0x00000000bdffffff]
[    0.000000][    T0]   node   0: [mem 0x00000000be000000-0x00000000beffffff]
[    0.000000][    T0]   node   0: [mem 0x00000000bf000000-0x00000000bf4fffff]
[    0.000000][    T0]   node   0: [mem 0x00000000bf500000-0x00000000bf6dffff]
[    0.000000][    T0]   node   0: [mem 0x00000000bf6e0000-0x00000000bfdfffff]
[    0.000000][    T0]   node   0: [mem 0x00000000bfe00000-0x00000000bffdffff]
[    0.000000][    T0]   node   0: [mem 0x00000000bffe0000-0x00000000c01fffff]
[    0.000000][    T0]   node   0: [mem 0x00000000c0200000-0x00000000d1ffffff]
[    0.000000][    T0]   node   0: [mem 0x00000000d2000000-0x00000000d355ffff]
[    0.000000][    T0]   node   0: [mem 0x00000000d3560000-0x00000000d3ffffff]
[    0.000000][    T0]   node   0: [mem 0x00000000d4000000-0x00000000d413ffff]
[    0.000000][    T0]   node   0: [mem 0x00000000d4140000-0x00000000d5ffffff]
[    0.000000][    T0]   node   0: [mem 0x00000000d6000000-0x00000000d873ffff]
[    0.000000][    T0]   node   0: [mem 0x00000000d8740000-0x00000000d8ffffff]
[    0.000000][    T0]   node   0: [mem 0x00000000d9000000-0x00000000d914ffff]
[    0.000000][    T0]   node   0: [mem 0x00000000d9150000-0x00000000d9ffffff]
[    0.000000][    T0]   node   0: [mem 0x00000000da000000-0x00000000e095ffff]
[    0.000000][    T0]   node   0: [mem 0x00000000e0960000-0x00000000e09fffff]
[    0.000000][    T0]   node   0: [mem 0x00000000e0a00000-0x00000000e0ebffff]
[    0.000000][    T0]   node   0: [mem 0x00000000e0ec0000-0x00000000ecffffff]
[    0.000000][    T0]   node   0: [mem 0x00000000ed000000-0x00000000eff9ffff]
[    0.000000][    T0]   node   0: [mem 0x00000000effa0000-0x00000000efffffff]
[    0.000000][    T0]   node   0: [mem 0x00000000f0000000-0x00000000f29bffff]
[    0.000000][    T0]   node   0: [mem 0x00000000f29c0000-0x00000000f36fffff]
[    0.000000][    T0]   node   0: [mem 0x00000000f3700000-0x00000000f3ffffff]
[    0.000000][    T0]   node   0: [mem 0x00000000f4000000-0x00000000f67fffff]
[    0.000000][    T0]   node   0: [mem 0x00000000f6800000-0x00000000f71fffff]
[    0.000000][    T0]   node   0: [mem 0x00000000f7200000-0x00000000f727ffff]
[    0.000000][    T0]   node   0: [mem 0x00000000f7280000-0x00000000fd2fffff]
[    0.000000][    T0]   node   0: [mem 0x00000000fd300000-0x00000000fd3fffff]
[    0.000000][    T0]   node   0: [mem 0x00000000fd400000-0x00000000fd5fffff]
[    0.000000][    T0]   node   0: [mem 0x00000000fd600000-0x00000000fd66ffff]
[    0.000000][    T0]   node   0: [mem 0x00000000fd670000-0x00000000fd6affff]
[    0.000000][    T0]   node   0: [mem 0x00000000fd6b0000-0x000000012fe1ffff]
[    0.000000][    T0]   node   0: [mem 0x000000012fe20000-0x000000012fe6ffff]
[    0.000000][    T0]   node   0: [mem 0x000000012fe70000-0x000000013bbfffff]
[    0.000000][    T0]   node   0: [mem 0x000000013bc00000-0x000000013fffffff]
[    0.000000][    T0]   node   0: [mem 0x0000000140000000-0x000000016dffffff]
[    0.000000][    T0]   node   0: [mem 0x000000016e000000-0x000000016ed9ffff]
[    0.000000][    T0]   node   0: [mem 0x000000016eda0000-0x000000027ffeffff]
[    0.000000][    T0]   node   0: [mem 0x000000027fff0000-0x000000027fffffff]
[    0.000000][    T0]   node   0: [mem 0x0000000280000000-0x000000033fdfffff]
[    0.000000][    T0]   node   0: [mem 0x000000033fe00000-0x000000033fffffff]
[    0.000000][    T0]   node   0: [mem 0x0000000340000000-0x000000047c0aefff]
[    0.000000][    T0]   node   0: [mem 0x000000047c0af000-0x000000047fdfffff]
[    0.000000][    T0]   node   0: [mem 0x000000047fe00000-0x000000047ff9ffff]
[    0.000000][    T0]   node   0: [mem 0x000000047ffa0000-0x000000047ffaffff]
[    0.000000][    T0]   node   0: [mem 0x000000047ffb0000-0x000000047ffeffff]
[    0.000000][    T0]   node   0: [mem 0x000000047fff0000-0x000000047fffffff]
[    0.000000][    T0] Initmem setup node 0 [mem 0x0000000080000000-0x000000047fffffff]
[    0.000000][    T0] cma: Reserved 16 MiB at 0x0000000100000000 on node -1
[    0.000000][    T0] psci: probing for conduit method from DT.
[    0.000000][    T0] psci: PSCIv1.1 detected in firmware.
[    0.000000][    T0] psci: Using standard PSCI v0.2 function IDs
[    0.000000][    T0] psci: MIGRATE_INFO_TYPE not supported.
[    0.000000][    T0] psci: SMC Calling Convention v1.4
[    0.000000][    T0] Load bootconfig: 816 bytes 48 nodes
[    0.000000][    T0] percpu: Embedded 31 pages/cpu s88552 r8192 d30232 u126976
[    0.000000][    T0] Detected PIPT I-cache on CPU0
[    0.000000][    T0] CPU features: SYS_ID_AA64MMFR1_EL1[11:8]: forced to 0
[    0.000000][    T0] CPU features: SYS_ID_AA64PFR1_EL1[11:8]: forced to 0
[    0.000000][    T0] CPU features: detected: Address authentication (architected QARMA3 algorithm)
[    0.000000][    T0] CPU features: detected: GIC system register CPU interface
[    0.000000][    T0] CPU features: detected: HCRX_EL2 register
[    0.000000][    T0] CPU features: detected: Hardware dirty bit management
[    0.000000][    T0] CPU features: detected: Spectre-v4
[    0.000000][    T0] CPU features: detected: Spectre-BHB
[    0.000000][    T0] CPU features: detected: SSBS not fully self-synchronizing
[    0.000000][    T0] alternatives: applying boot alternatives
[    0.000000][    T0] Kernel command line: console=ttynull stack_depot_disable=on cgroup_disable=pressure kasan.stacktrace=off kvm-arm.mode=protected bootconfig ioremap_guard  console=tty0 root=/dev/ram nosoftlockup kasan.page_alloc.sample=1 8250.nr_uarts=6 vmalloc=400M swiotlb=noforce log_buf_len=2m firmware_class.path=/vendor/firmware cgroup.memory=nosocket,nokmem disable_dma32=on transparent_hugepage=never nohugevmalloc kvm-arm.protected_modules=pkvm_mgmt,pkvm_tmem,pkvm_smmu,pkvm_mkp rcu_nocbs=0-7 MT6379 EVT = 00 loop.max_part=7 ufshcd_core.poll_queues=0 mediatek_drm.dsi_display0=panel_aa599_p_7_a0014_dsi_cmd:PanelID-0x00990500 arm64.nomte mtk_printk_ctrl.disable_uart=1 PMIC_UVLO=NoUVLO usb2jtag_mode=0 phx_rus_conf.main_on=1 phx_rus_conf.recovery_method=2 phx_rus_conf.kernel_time=240 phx_rus_conf.android_time=250 mtkboot.sbootstate=on stack_depot_disable=off root=/dev/ram bootopt=64S3,32N2,64N2 buildvariant=user oplus_bsp_tp_custom.dsi_display0=synaptics-s3910 ramoops.mem_address=0xaec00000 ramoops.mem_size=0x310000 ramoops.
[    0.000000][    T0] cgroup: Disabling pressure control group feature
[    0.000000][    T0] Unknown kernel command line parameters "MT6379 EVT = 00 stage  count vmalloc=400M PMIC_UVLO=NoUVLO usb2jtag_mode=0 bootopt=64S3,32N2,64N2 buildvariant=user oplus_uisoc=25627 oplus_region=151", will be passed to user space.
[    0.000000][    T0] random: crng init done
[    0.000000][    T0] printk: log_buf_len: 2097152 bytes
[    0.000000][    T0] printk: early log buf free: 111808(85%)
[    0.000000][    T0] Dentry cache hash table entries: 2097152 (order: 12, 16777216 bytes, linear)
[    0.000000][    T0] Inode-cache hash table entries: 1048576 (order: 11, 8388608 bytes, linear)
[    0.000000][    T0] Built 1 zonelists, mobility grouping on.  Total pages: 4128768
[    0.000000][    T0] mem auto-init: stack:all(zero), heap alloc:on, heap free:off
[    0.000000][    T0] stackdepot: allocating hash table via alloc_large_system_hash
[    0.000000][    T0] stackdepot hash table entries: 1048576 (order: 11, 8388608 bytes, linear)
[    0.000000][    T0] software IO TLB: SWIOTLB bounce buffer size adjusted to 16MB
[    0.000000][    T0] Memory: 15314860K/16777216K available (16896K kernel code, 2074K rwdata, 12500K rodata, 4160K init, 588K bss, 1146964K reserved, 315392K cma-reserved)
[    0.000000][    T0] SLUB: HWalign=64, Order=0-3, MinObjects=0, CPUs=8, Nodes=1
[    0.000000][    T0] 
[    0.000000][    T0] **********************************************************
[    0.000000][    T0] **   NOTICE NOTICE NOTICE NOTICE NOTICE NOTICE NOTICE   **
[    0.000000][    T0] **                                                      **
[    0.000000][    T0] ** trace_printk() being used. Allocating extra memory.  **
[    0.000000][    T0] **                                                      **
[    0.000000][    T0] ** This means that this is a DEBUG kernel and it is     **
[    0.000000][    T0] ** unsafe for production use.                           **
[    0.000000][    T0] **                                                      **
[    0.000000][    T0] ** If you see this message and you are not debugging    **
[    0.000000][    T0] ** the kernel, report this immediately to your vendor!  **
[    0.000000][    T0] **                                                      **
[    0.000000][    T0] **   NOTICE NOTICE NOTICE NOTICE NOTICE NOTICE NOTICE   **
[    0.000000][    T0] **********************************************************
[    0.000000][    T0] trace event string verifier disabled
[    0.000000][    T0] <hmbird_sched>:register minidump.
[    0.000000][    T0] rcu: Preemptible hierarchical RCU implementation.
[    0.000000][    T0] rcu: 	RCU event tracing is enabled.
[    0.000000][    T0] rcu: 	RCU restricting CPUs from NR_CPUS=32 to nr_cpu_ids=8.
[    0.000000][    T0] rcu: 	RCU priority boosting: priority 1 delay 500 ms.
[    0.000000][    T0] 	Trampoline variant of Tasks RCU enabled.
[    0.000000][    T0] 	Tracing variant of Tasks RCU enabled.
[    0.000000][    T0] rcu: RCU calculated value of scheduler-enlistment delay is 25 jiffies.
[    0.000000][    T0] rcu: Adjusting geometry for rcu_fanout_leaf=16, nr_cpu_ids=8
[    0.000000][    T0] NR_IRQS: 64, nr_irqs: 64, preallocated irqs: 0
[    0.000000][    T0] GIC: enabling workaround for GICv3: ARM64 erratum 2941627
[    0.000000][    T0] GICv3: 960 SPIs implemented
[    0.000000][    T0] GICv3: 224 Extended SPIs implemented
[    0.000000][    T0] Root IRQ handler: gic_handle_irq
[    0.000000][    T0] GICv3: GICv3 features: 16 PPIs
[    0.000000][    T0] GICv3: CPU0: found redistributor 0 region 0:0x000000000c440000
[    0.000000][    T0] GICv3: GIC: PPI partition interrupt-partition-0[0] { /cpus/cpu@0[0] /cpus/cpu@1[1] /cpus/cpu@2[2] /cpus/cpu@3[3] }
[    0.000000][    T0] GICv3: GIC: PPI partition interrupt-partition-1[1] { /cpus/cpu@100[4] /cpus/cpu@101[5] /cpus/cpu@102[6] }
[    0.000000][    T0] GICv3: GIC: PPI partition interrupt-partition-2[2] { /cpus/cpu@200[7] }
[    0.000000][    T0] rcu: 	Offload RCU callbacks from CPUs: 0-7.
[    0.000000][    T0] rcu: srcu_init: Setting srcu_struct sizes based on contention.
[    0.000000][    T0] arch_timer: cp15 timer(s) running at 13.00MHz (virt).
[    0.000000][    T0] clocksource: arch_sys_counter: mask: 0xffffffffffffff max_cycles: 0x2ff89eacb, max_idle_ns: 440795202429 ns
[    0.000000][    T0] sched_clock: 56 bits at 13MHz, resolution 76ns, wraps every 4398046511101ns
[    0.001718][    T0] kfence: initialized - using 524288 bytes for 63 objects at 0x(____ptrval____)-0x(____ptrval____)
[    0.001798][    T0] Calibrating delay loop (skipped), value calculated using timer frequency.. 26.00 BogoMIPS (lpj=52000)
[    0.001804][    T0] pid_max: default: 32768 minimum: 301
[    0.001884][    T0] LSM: initializing lsm=capability,selinux,bpf,integrity
[    0.001921][    T0] SELinux:  Initializing.
[    0.002008][    T0] LSM support for eBPF active
[    0.002060][    T0] Mount-cache hash table entries: 32768 (order: 6, 262144 bytes, linear)
[    0.002077][    T0] Mountpoint-cache hash table entries: 32768 (order: 6, 262144 bytes, linear)
[    0.002390][    T0] KP entering init ...
[    0.002402][    T0] KP alias_page: ffffffc080005000
[    0.002404][    T0] KP alias_pte: 6800008268f703
[    0.002406][    T0] KP hotpatch_init done: 0
[    0.002409][    T0] [+] KP V Hook func: ffffffdffbcb7d90, origin: ffffffdffbcb7d90, replace: ffffffe3f7ab6d70, relocate: ffffffe3f7b00ed8, chain: ffffffe3f7b00e80
[    0.002427][    T0] [+] KP V Hook func: ffffffdffbcb7d90 succsseed
[    0.002429][    T0] KP bypass_kcfi done: 0
[    0.002431][    T0] KP current: 
[    0.002432][    T0] KP     sp_el0: ffffffdffdb0e780
[    0.002434][    T0] KP     sp: ffffffdffdaf3d10
[    0.002486][    T0] KP     init_task addr lookup: ffffffdffdb0e780
[    0.002487][    T0] KP     init_thread_union addr lookup: ffffffdffdaf0000
[    0.002489][    T0] KP     sp_el0: current
[    0.002491][    T0] KP     init_task addr: ffffffdffdb0e780
[    0.002492][    T0] KP     init stack end: ffffffdffdaf0000
[    0.002494][    T0] KP     thread_size: 4000
[    0.002495][    T0] KP     stack_end_offset: 0
[    0.002497][    T0] KP     thread_info_in_task: 1
[    0.002502][    T0] KP     comm_offset of task: 830
[    0.002504][    T0] KP     stack offset of task: 38
[    0.002505][    T0] KP struct task_struct: 
[    0.002521][    T0] KP     init_cred addr: ffffffdffdb20a48
[    0.002524][    T0] KP     cred offset: 818
[    0.002525][    T0] KP     real_cred offset: 820
[    0.002535][    T0] KP     seccomp offset: 8e8
[    0.002561][    T0] KP     active_mm offset: 5a8
[    0.002576][    T0] KP struct cred: 
[    0.002598][    T0] KP     full_cap capability: ffffffff
[    0.002603][    T0] KP     cap_effective offset: 40
[    0.002604][    T0] KP     cap_inheritable offset: 30
[    0.002606][    T0] KP     cap_permitted offset: 38
[    0.002607][    T0] KP     cap_bset offset: 48
[    0.002610][    T0] KP     securebits offset: 28
[    0.002616][    T0] KP     uid offset: 8
[    0.002617][    T0] KP     euid offset: 18
[    0.002618][    T0] KP     gid offset: c
[    0.002619][    T0] KP     egid offset: 1c
[    0.002622][    T0] KP     fsuid offset: 20
[    0.002624][    T0] KP     fsgid offset: 24
[    0.002637][    T0] KP     suid offset: 10
[    0.002643][    T0] KP     sgid offset: 14
[    0.002648][    T0] KP     cap_ambient offset: 50
[    0.002659][    T0] KP struct mm_struct: 
[    0.002661][    T0] KP     pgd offset: 70
[    0.002662][    T0] KP resolve_struct done: 0
[    0.002664][    T0] [+] KP V Hook func: ffffffdffc03765c, origin: ffffffdffc03765c, replace: ffffffe3f7ab5e00, relocate: ffffffe3f7b013a8, chain: ffffffe3f7b01350
[    0.002676][    T0] [+] KP V Hook func: ffffffdffc03765c succsseed
[    0.002678][    T0] [+] KP V Hook func: ffffffdffc036550, origin: ffffffdffc036550, replace: ffffffe3f7ab5d20, relocate: ffffffe3f7b01878, chain: ffffffe3f7b01820
[    0.002691][    T0] [+] KP V Hook func: ffffffdffc036550 succsseed
[    0.002692][    T0] KP bypass_selinux done: 0
[    0.002705][    T0] [+] KP V Wrap func: ffffffdffbaaa4a0, origin: ffffffdffbaaa4a0, replace: ffffffe3f7b01f70, relocate: ffffffe3f7b01d48, chain: ffffffe3f7b01cf0
[    0.002710][    T0] [+] KP V Wrap chain add: ffffffdffbaaa4a0, 0, ffffffe3f7aba054 successed
[    0.002723][    T0] [+] KP V Wrap func: ffffffdffbaaa4a0 succsseed
[    0.002726][    T0] KP hook copy_process: ffffffdffbaaa4a0, rc: 0
[    0.002727][    T0] KP task_observer done: 0
[    0.002737][    T0] [+] KP V Wrap func pointer add: ffffffdffca90e20, ffffffe3f7ab7b94, 0 successed
[    0.002740][    T0] KP supercall_install done: 0
[    0.002742][    T0] KP kstorage_init done: 0
[    0.002747][    T0] [+] KP D su_add_allow_uid: uid: 2000, to_uid: 0, sctx: u:r:magisk:s0, rc: 0
[    0.002753][    T0] [+] KP D su_add_allow_uid: uid: 0, to_uid: 0, sctx: u:r:magisk:s0, rc: 0
[    0.002757][    T0] KP su config: 0, enable: 0, wrap: 0
[    0.002765][    T0] [+] KP V Wrap func pointer add: ffffffdffca913a0, ffffffe3f7ab7500, 0 successed
[    0.002768][    T0] KP hook __NR_execve rc: 0
[    0.002775][    T0] [+] KP V Wrap func pointer add: ffffffdffca90f30, ffffffe3f7ab73d0, 0 successed
[    0.002778][    T0] KP hook __NR3264_fstatat rc: 0
[    0.002785][    T0] [+] KP V Wrap func pointer add: ffffffdffca90e38, ffffffe3f7ab73d0, 0 successed
[    0.002788][    T0] KP hook __NR_faccessat rc: 0
[    0.002795][    T0] [+] KP V Wrap func pointer add: ffffffdffca97408, ffffffe3f7ab7500, 0 successed
[    0.002798][    T0] KP hook 32 __NR_execve rc: 0
[    0.002805][    T0] [+] KP V Wrap func pointer add: ffffffdffca97de8, ffffffe3f7ab73d0, 0 successed
[    0.002808][    T0] KP hook 32 __NR_fstatat64 rc: 0
[    0.002816][    T0] [+] KP V Wrap func pointer add: ffffffdffca97e20, ffffffe3f7ab73d0, 0 successed
[    0.002818][    T0] KP hook 32 __NR_faccessat rc: 0
[    0.002819][    T0] KP su_compat_init done: 0
[    0.002820][    T0] [+] KP V Wrap func pointer add: ffffffdffca913a0, ffffffe3f7abe414, ffffffe3f7abe3d0 successed
[    0.002823][    T0] KP hook __NR_execve rc: 0
[    0.002831][    T0] [+] KP V Wrap func pointer add: ffffffdffca91580, ffffffe3f7abe414, ffffffe3f7abe3d0 successed
[    0.002833][    T0] KP hook __NR_execveat rc: 0
[    0.002835][    T0] KP resolve_pt_regs done: 0
[    0.002865][    T0] [+] KP V Wrap func: ffffffdffc04f2d0, origin: ffffffdffc04f2d0, replace: ffffffe3f7b04ac0, relocate: ffffffe3f7b04898, chain: ffffffe3f7b04840
[    0.002869][    T0] [+] KP V Wrap chain add: ffffffdffc04f2d0, ffffffe3f7ac09e0, ffffffe3f7ac09f0 successed
[    0.002880][    T0] [+] KP V Wrap func: ffffffdffc04f2d0 succsseed
[    0.002882][    T0] KP android_sepolicy_flags_fix done: 0
[    0.002884][    T0] [+] KP V Wrap func pointer add: ffffffdffca913a0, ffffffe3f7ac11a0, ffffffe3f7ac0bf4 successed
[    0.002886][    T0] KP hook __NR_execve rc: 0
[    0.002887][    T0] [+] KP V Wrap func pointer add: ffffffdffca91580, ffffffe3f7ac1174, ffffffe3f7ac0c40 successed
[    0.002888][    T0] KP hook __NR_execveat rc: 0
[    0.002896][    T0] [+] KP V Wrap func pointer add: ffffffdffca90e78, ffffffe3f7ac1770, ffffffe3f7ac0b70 successed
[    0.002899][    T0] KP hook __NR_openat rc: 0
[    0.002902][    T0] [+] KP V Wrap func: ffffffdffc4d70a4, origin: ffffffdffc4d70a4, replace: ffffffe3f7b05460, relocate: ffffffe3f7b05238, chain: ffffffe3f7b051e0
[    0.002906][    T0] [+] KP V Wrap chain add: ffffffdffc4d70a4, ffffffe3f7ac0b00, 0 successed
[    0.002917][    T0] [+] KP V Wrap func: ffffffdffc4d70a4 succsseed
[    0.002919][    T0] KP hook input_handle_event rc: 0
[    0.002920][    T0] KP android_user_init done: 0
[    0.003015][    T1] KP event: pre-kernel-init
[    0.003023][    T1] [+] KP D loading module: 
[    0.003024][    T1] [+] KP D     name: HymoFS
[    0.003026][    T1] [+] KP D     version: v0.0.7
[    0.003028][    T1] [+] KP D     license: GPL v2
[    0.003029][    T1] [+] KP D     author: Anatdx
[    0.003031][    T1] [+] KP D     description: HymoFS kernel patch module
[    0.003046][    T1] [+] KP I alloc module size: 54bc1
[    0.003065][    T1] [+] KP D final section addresses:
[    0.003067][    T1] [+] KP D     .text ffffffe3f7e00008 94d0
[    0.003075][    T1] [+] KP D     .export_symbol ffffffe3f7e0b008 80
[    0.003077][    T1] [+] KP D     .text.unlikely. ffffffe3f7e094d8 e50
[    0.003079][    T1] [+] KP D     .rodata.cst16 ffffffe3f7e0b088 10
[    0.003081][    T1] [+] KP D     .rodata.cst8 ffffffe3f7e0b098 10
[    0.003083][    T1] [+] KP D     .init.text ffffffe3f7e0a328 148
[    0.003085][    T1] [+] KP D     .bss ffffffe3f7e0d008 424a0
[    0.003087][    T1] [+] KP D     .kpm.info ffffffe3f7e0b0a8 5f
[    0.003089][    T1] [+] KP D     .discard.addressable ffffffe3f7e4f4a8 40
[    0.003091][    T1] [+] KP D     .data ffffffe3f7e4f4e8 113d
[    0.003093][    T1] [+] KP D     .rodata.str1.1 ffffffe3f7e0b107 100e
[    0.003095][    T1] [+] KP D     .rodata ffffffe3f7e0c118 148
[    0.003097][    T1] [+] KP D     .kpm.init ffffffe3f7e50628 8
[    0.003099][    T1] [+] KP D     .kpm.ctl0 ffffffe3f7e50630 8
[    0.003100][    T1] [+] KP D     .kpm.ctl1 ffffffe3f7e50638 8
[    0.003102][    T1] [+] KP D     .kpm.exit ffffffe3f7e50640 8
[    0.003103][    T1] [+] KP D     .plt ffffffe3f7e0a478 4
[    0.003105][    T1] [+] KP D     .init.plt ffffffe3f7e0a47c 4
[    0.003107][    T1] [+] KP D     .text.ftrace_trampoline ffffffe3f7e0a480 4
[    0.003108][    T1] [+] KP D     .symtab ffffffe3f7e51008 1998
[    0.003110][    T1] [+] KP D     .strtab ffffffe3f7e539d1 11f8
[    0.003967][    T1] [+] KP I kernel function vprintk addr: ffffffdffbb4d3ac
[    0.004001][    T1] [+] KP I kernel function seq_putc addr: ffffffdffbe0b8b4
[    0.004027][    T1] [+] KP I kernel function seq_puts addr: ffffffdffbe0b8dc
[    0.004053][    T1] [+] KP I kernel function strnlen_user addr: ffffffdffc1b23ec
[    0.004074][    T1] [+] KP I kernel function _raw_spin_lock addr: ffffffdffca653c8
[    0.004092][    T1] [+] KP I kernel function _raw_spin_unlock addr: ffffffdffca65590
[    0.004109][    T1] [+] KP I kernel function _raw_spin_trylock addr: ffffffdffca652a8
[    0.004138][    T1] [+] KP I kernel function mutex_lock addr: ffffffdffca5cfb8
[    0.004162][    T1] [+] KP I kernel function mutex_unlock addr: ffffffdffca5d0b4
[    0.004180][    T1] [+] KP I kernel function __rcu_read_lock addr: ffffffdffbb73ba0
[    0.004206][    T1] [+] KP I kernel function __rcu_read_unlock addr: ffffffdffbb73bb8
[    0.004234][    T1] [+] KP I kernel function rcu_barrier addr: ffffffdffbb6e82c
[    0.004249][    T1] [+] KP I kernel function down_read addr: ffffffdffca5feec
[    0.004270][    T1] [+] KP I kernel function up_read addr: ffffffdffbb35740
[    0.004299][    T1] [+] KP I kernel function path_get addr: ffffffdffbde2794
[    0.004325][    T1] [+] KP I kernel function path_put addr: ffffffdffbde27d4
[    0.004353][    T1] [+] KP I kernel function system_state addr: ffffffdffdafb240
[    0.004371][    T1] [+] KP I kernel function uts_sem addr: ffffffdffdb1fac0
[    0.004372][    T1] [+] KP I hymofs: resolve symbols done
[    0.004393][    T1] [+] KP I kernel function d_path addr: ffffffdffbe23068
[    0.004421][    T1] [+] KP I kernel function getname addr: ffffffdffbde230c
[    0.004444][    T1] [+] KP I kernel function getname_uflags addr: ffffffdffbde22e0
[    0.004466][    T1] [+] KP I kernel function vfs_getattr_nosec addr: ffffffdffbdda860
[    0.004577][    T1] [+] KP I kernel function __arm64_sys_getdents addr: ffffffdffbdef290
[    0.004676][    T1] [+] KP I kernel function __arm64_sys_getdents64 addr: ffffffdffbdef448
[    0.004678][    T1] [+] KP I hymofs: getdents target=__arm64_sys_getdents ABI=pt_regs
[    0.004680][    T1] [+] KP I hymofs: getdents64 target=__arm64_sys_getdents64 ABI=pt_regs
[    0.004709][    T1] [+] KP I kernel function filename_lookup addr: ffffffdffbde2dd8
[    0.004736][    T1] [+] KP I kernel function cmdline_proc_show addr: ffffffdffbe8a744
[    0.004766][    T1] [+] KP I kernel function show_mountinfo addr: ffffffdffbe3243c
[    0.004787][    T1] [+] KP I kernel function __arm64_sys_newuname addr: ffffffdffbaccc54
[    0.004941][    T1] [+] KP I kernel function __arm64_sys_reboot addr: ffffffdffbae4590
[    0.004963][    T1] [+] KP I kernel function vfs_getxattr addr: ffffffdffbe0cecc
[    0.004986][    T1] [+] KP I kernel function listxattr addr: ffffffdffbe0ee10
[    0.004997][    T1] [+] KP V Wrap func: ffffffdffbae4590, origin: ffffffdffbae4590, replace: ffffffe3f7b05930, relocate: ffffffe3f7b05708, chain: ffffffe3f7b056b0
[    0.005002][    T1] [+] KP V Wrap chain add: ffffffdffbae4590, ffffffe3f7e075dc, 0 successed
[    0.005014][    T1] [+] KP V Wrap func: ffffffdffbae4590 succsseed
[    0.005016][    T1] [-] KP E hymofs: reboot hook active (regs)
[    0.005017][    T1] [+] KP I load_module: [HymoFS] succeed with [(null)] 
[    0.005021][    T1] KP load kpm: HymoFS, rc: 0
[    0.005177][    T1] cacheinfo: Unable to detect cache hierarchy for CPU 0
[    0.005499][    T1] RCU Tasks: Setting shift to 3 and lim to 1 rcu_task_cb_adjust=1.
[    0.005534][    T1] RCU Tasks Trace: Setting shift to 3 and lim to 1 rcu_task_cb_adjust=1.
[    0.005603][    T1] rcu: Hierarchical SRCU implementation.
[    0.005605][    T1] rcu: 	Max phase no-delay instances is 1000.
[    0.006094][    T1] dyndbg: Ignore empty _ddebug table in a CONFIG_DYNAMIC_DEBUG_CORE build
[    0.009731][    T1] EFI services will not be available.
[    0.009924][    T1] smp: Bringing up secondary CPUs ...
[    0.010499][    T0] Detected PIPT I-cache on CPU1
[    0.010531][    T0] GICv3: CPU1: found redistributor 100 region 0:0x000000000c460000
[    0.010555][    T0] CPU1: Booted secondary processor 0x0000000100 [0x410fd811]
[    0.011188][    T0] Detected PIPT I-cache on CPU2
[    0.011224][    T0] GICv3: CPU2: found redistributor 200 region 0:0x000000000c480000
[    0.011250][    T0] CPU2: Booted secondary processor 0x0000000200 [0x410fd811]
[    0.011909][    T0] Detected PIPT I-cache on CPU3
[    0.011949][    T0] GICv3: CPU3: found redistributor 300 region 0:0x000000000c4a0000
[    0.011976][    T0] CPU3: Booted secondary processor 0x0000000300 [0x410fd811]
[    0.012715][    T0] Detected PIPT I-cache on CPU4
[    0.012753][    T0] GICv3: CPU4: found redistributor 400 region 0:0x000000000c4c0000
[    0.012775][    T0] CPU4: Booted secondary processor 0x0000000400 [0x410fd821]
[    0.013436][    T0] Detected PIPT I-cache on CPU5
[    0.013476][    T0] GICv3: CPU5: found redistributor 500 region 0:0x000000000c4e0000
[    0.013498][    T0] CPU5: Booted secondary processor 0x0000000500 [0x410fd821]
[    0.014143][    T0] Detected PIPT I-cache on CPU6
[    0.014185][    T0] GICv3: CPU6: found redistributor 600 region 0:0x000000000c500000
[    0.014207][    T0] CPU6: Booted secondary processor 0x0000000600 [0x410fd821]
[    0.014924][    T0] Detected PIPT I-cache on CPU7
[    0.014976][    T0] GICv3: CPU7: found redistributor 700 region 0:0x000000000c520000
[    0.015004][    T0] CPU7: Booted secondary processor 0x0000000700 [0x410fd851]
[    0.015117][    T1] smp: Brought up 1 node, 8 CPUs
[    0.015125][    T1] SMP: Total of 8 processors activated.
[    0.015129][    T1] CPU features: detected: Branch Target Identification
[    0.015133][    T1] CPU features: detected: ARMv8.4 Translation Table Level
[    0.015135][    T1] CPU features: detected: Data cache clean to the PoU not required for I/D coherence
[    0.015138][    T1] CPU features: detected: Common not Private translations
[    0.015140][    T1] CPU features: detected: CRC32 instructions
[    0.015142][    T1] CPU features: detected: Data cache clean to Point of Deep Persistence
[    0.015143][    T1] CPU features: detected: Data cache clean to Point of Persistence
[    0.015145][    T1] CPU features: detected: Data independent timing control (DIT)
[    0.015146][    T1] CPU features: detected: E0PD
[    0.015147][    T1] CPU features: detected: Enhanced Counter Virtualization
[    0.015148][    T1] CPU features: detected: Enhanced Counter Virtualization (CNTPOFF)
[    0.015150][    T1] CPU features: detected: Enhanced Privileged Access Never
[    0.015151][    T1] CPU features: detected: Enhanced Virtualization Traps
[    0.015153][    T1] CPU features: detected: Fine Grained Traps
[    0.015155][    T1] CPU features: detected: Generic authentication (architected QARMA3 algorithm)
[    0.015156][    T1] CPU features: detected: RCpc load-acquire (LDAPR)
[    0.015158][    T1] CPU features: detected: LSE atomic instructions
[    0.015160][    T1] CPU features: detected: Privileged Access Never
[    0.015162][    T1] CPU features: detected: RAS Extension Support
[    0.015163][    T1] CPU features: detected: Speculation barrier (SB)
[    0.015164][    T1] CPU features: detected: Stage-2 Force Write-Back
[    0.015166][    T1] CPU features: detected: TLB range maintenance instructions
[    0.015167][    T1] CPU features: detected: WFx with timeout
[    0.015170][    T1] CPU features: detected: Speculative Store Bypassing Safe (SSBS)
[    0.015171][    T1] CPU features: detected: Scalable Vector Extension
[    0.015212][   T48] CPU features: detected CPU4: Activity Monitors Unit (AMU)
[    0.015212][   T63] CPU features: detected CPU6: Activity Monitors Unit (AMU)
[    0.015212][   T22] CPU features: detected CPU0: Activity Monitors Unit (AMU)
[    0.015212][   T56] CPU features: detected CPU5: Activity Monitors Unit (AMU)
[    0.015213][   T41] CPU features: detected CPU3: Activity Monitors Unit (AMU)
[    0.015213][   T34] CPU features: detected CPU2: Activity Monitors Unit (AMU)
[    0.015213][   T27] CPU features: detected CPU1: Activity Monitors Unit (AMU)
[    0.015212][   T70] CPU features: detected CPU7: Activity Monitors Unit (AMU)
[    0.015249][    T1] SVE: maximum available vector length 16 bytes per vector
[    0.015253][    T1] SVE: default vector length 16 bytes per vector
[    0.015259][    T1] CPU: All CPU(s) started at EL1
[    0.015268][    T1] alternatives: applying system-wide alternatives
[    0.046152][    T1] clocksource: jiffies: mask: 0xffffffff max_cycles: 0xffffffff, max_idle_ns: 7645041785100000 ns
[    0.046166][    T1] futex hash table entries: 2048 (order: 5, 131072 bytes, linear)
[    0.047975][    T1] pinctrl core: initialized pinctrl subsystem
[    0.048326][    T1] NET: Registered PF_NETLINK/PF_ROUTE protocol family
[    0.049268][    T1] DMA: preallocated 2048 KiB GFP_KERNEL pool for atomic allocations
[    0.049297][    T1] audit: initializing netlink subsys (disabled)
[    0.049381][   T76] audit: type=2000 audit(0.048:1): state=initialized audit_enabled=0 res=1
[    0.049391][    T1] ramoops: using module parameters
[    0.054283][    T1] pstore: Using crash dump compression: deflate
[    0.054287][    T1] printk: console [ramoops-1] enabled
[    0.055199][    T1] pstore: Registered ramoops as persistent store backend
[    0.055203][    T1] ramoops: using 0x310000@0xaec00000, ecc: 0
[    0.055349][    T1] thermal_sys: Registered thermal governor 'bang_bang'
[    0.055352][    T1] thermal_sys: Registered thermal governor 'step_wise'
[    0.055356][    T1] thermal_sys: Registered thermal governor 'user_space'
[    0.055359][    T1] thermal_sys: Registered thermal governor 'power_allocator'
[    0.055381][    T1] cpuidle: using governor menu
[    0.055641][    T1] hw-breakpoint: found 6 breakpoint and 4 watchpoint registers.
[    0.055740][    T1] ASID allocator initialised with 65536 entries
[    0.055803][    T1] Serial: AMBA PL011 UART driver
[    0.064138][    T1] /spmi@1c01a000/mt6379@e/auxadc: Fixed dependency cycle(s) with /spmi@1c01a000/mt6379@e/auxadc
[    0.064155][    T1] /spmi@1c01a000/mt6379@e/mtk-gauge: Fixed dependency cycle(s) with /spmi@1c01a000/mt6379@e/mtk-gauge
[    0.064165][    T1] /spmi@1c01a000/mt6379@e/auxadc2: Fixed dependency cycle(s) with /spmi@1c01a000/mt6379@e/auxadc2
[    0.064174][    T1] /spmi@1c01a000/mt6379@e/mtk-gauge2: Fixed dependency cycle(s) with /spmi@1c01a000/mt6379@e/mtk-gauge2
[    0.075181][    T1] OF: /ktf-mmqos-test: could not find phandle 262214
[    0.075395][    T1] OF: /soc/ccu_rproc@3c080000: could not find phandle 263105
[    0.075437][    T1] OF: /soc/ccu_rproc1@3c180000: could not find phandle 263107
[    0.078788][    T1] OF: /soc/mml0-rdma0@3e050000: could not find phandle 262212
[    0.078827][    T1] OF: /soc/mml0-rdma2@3e070000: could not find phandle 262208
[    0.078900][    T1] OF: /soc/mml0-wrot0@3e0f0000: could not find phandle 262213
[    0.078935][    T1] OF: /soc/mml0-wrot2@3e110000: could not find phandle 262209
[    0.078976][    T1] OF: /soc/mml0-rrot0@3e120000: could not find phandle 262214
[    0.079078][    T1] OF: /soc/mml1-rdma0@3e450000: could not find phandle 262244
[    0.079111][    T1] OF: /soc/mml1-rdma2@3e470000: could not find phandle 262240
[    0.079175][    T1] OF: /soc/mml1-wrot0@3e4f0000: could not find phandle 262245
[    0.079207][    T1] OF: /soc/mml1-wrot2@3e510000: could not find phandle 262241
[    0.079244][    T1] OF: /soc/mml1-rrot0@3e520000: could not find phandle 262246
[    0.080092][    T1] OF: /soc/disp-mdp-rdma0@32170000: could not find phandle 263174
[    0.080129][    T1] OF: /soc/disp-mdp-rdma1@325e0000: could not find phandle 263209
[    0.080167][    T1] OF: /soc/disp1-wdma1@325a0000: could not find phandle 263210
[    0.080206][    T1] OF: /soc/disp1-wdma2@325b0000: could not find phandle 263211
[    0.080243][    T1] OF: /soc/disp1-wdma4@325d0000: could not find phandle 263213
[    0.080285][    T1] OF: /soc/disp-ovl0-exdma2@32850000: could not find phandle 262146
[    0.080319][    T1] OF: /soc/disp-ovl0-exdma3@32860000: could not find phandle 262178
[    0.080350][    T1] OF: /soc/disp-ovl0-exdma4@32870000: could not find phandle 262787
[    0.080381][    T1] OF: /soc/disp-ovl0-exdma5@32880000: could not find phandle 262819
[    0.080412][    T1] OF: /soc/disp-ovl0-exdma6@32890000: could not find phandle 262179
[    0.080443][    T1] OF: /soc/disp-ovl0-exdma7@328a0000: could not find phandle 262147
[    0.080474][    T1] OF: /soc/disp-ovl0-exdma8@328b0000: could not find phandle 262820
[    0.080504][    T1] OF: /soc/disp-ovl0-exdma9@328c0000: could not find phandle 262788
[    0.080584][    T1] OF: /soc/disp-wdma0@329f0000: could not find phandle 262824
[    0.080628][    T1] OF: /soc/disp-ovl1-exdma2@32c50000: could not find phandle 263234
[    0.080662][    T1] OF: /soc/disp-ovl1-exdma3@32c60000: could not find phandle 263266
[    0.080693][    T1] OF: /soc/disp-ovl1-exdma4@32c70000: could not find phandle 263299
[    0.080725][    T1] OF: /soc/disp-ovl1-exdma5@32c80000: could not find phandle 263331
[    0.080757][    T1] OF: /soc/disp-ovl1-exdma6@32c90000: could not find phandle 263267
[    0.080789][    T1] OF: /soc/disp-ovl1-exdma7@32ca0000: could not find phandle 263235
[    0.080821][    T1] OF: /soc/disp-ovl1-exdma8@32cb0000: could not find phandle 263332
[    0.080853][    T1] OF: /soc/disp-ovl1-exdma9@32cc0000: could not find phandle 263300
[    0.080940][    T1] OF: /soc/disp-wdma0@32df0000: could not find phandle 263336
[    0.081138][    T1] OF: /soc/disp-oddmr0@32500000: could not find phandle 263200
[    0.081182][    T1] OF: /soc/disp-postmask0@32180000: could not find phandle 263172
[    0.081612][    T1] OF: /soc/jpgenc@38030000: could not find phandle 262375
[    0.081658][    T1] OF: /soc/jpgenc@38830000: could not find phandle 262407
[    0.081722][    T1] OF: /soc/jpgdec0@38040000: could not find phandle 262385
[    0.081763][    T1] OF: /soc/jpgdec1@38840000: could not find phandle 262417
[    0.082113][    T1] OF: /soc/cam-raw-a@3a800000: could not find phandle 262656
[    0.082161][    T1] OF: /soc/cam-yuv-a@3a880000: could not find phandle 262688
[    0.082203][    T1] OF: /soc/cam-raw-b@3a900000: could not find phandle 263520
[    0.082248][    T1] OF: /soc/cam-yuv-b@3a980000: could not find phandle 263584
[    0.082289][    T1] OF: /soc/cam-raw-c@3aa00000: could not find phandle 263552
[    0.082331][    T1] OF: /soc/cam-yuv-c@3aa80000: could not find phandle 263616
[    0.082377][    T1] OF: /soc/camsv1@3a500000: could not find phandle 262592
[    0.082422][    T1] OF: /soc/camsv2@3a510000: could not find phandle 262560
[    0.082465][    T1] OF: /soc/camsv3@3a520000: could not find phandle 263072
[    0.082510][    T1] OF: /soc/camsv4@3a530000: could not find phandle 263073
[    0.082555][    T1] OF: /soc/camsv5@3a540000: could not find phandle 263074
[    0.082600][    T1] OF: /soc/camsv6@3a550000: could not find phandle 263075
[    0.082643][    T1] OF: /soc/mraw1@3a700000: could not find phandle 262944
[    0.082686][    T1] OF: /soc/mraw2@3a710000: could not find phandle 262976
[    0.082727][    T1] OF: /soc/mraw3@3a720000: could not find phandle 262946
[    0.082770][    T1] OF: /soc/mraw4@3a730000: could not find phandle 262978
[    0.082815][    T1] OF: /soc/pda@3a750000: could not find phandle 262948
[    0.084324][    T1] /soc/i2c@139b0000/sensor1@10: Fixed dependency cycle(s) with /soc/seninf-top@3a300000/seninf-csi-port-0
[    0.084364][    T1] /soc/i2c@13a30000/sensor0@1a: Fixed dependency cycle(s) with /soc/seninf-top@3a300000/seninf-csi-port-3
[    0.084416][    T1] /soc/i2c@13ab0000/sensor2@0c: Fixed dependency cycle(s) with /soc/seninf-top@3a300000/seninf-csi-port-4
[    0.084516][    T1] /soc/typec-mux-switch: Fixed dependency cycle(s) with /spmi@1c01a000/mt6379@e/tcpc
[    0.084559][    T1] /soc/gce@300c0000: Fixed dependency cycle(s) with /soc/gce@300c0000
[    0.084569][    T1] /soc/gce@30140000: Fixed dependency cycle(s) with /soc/gce@30140000
[    0.085715][    T1] /soc/dsi@32490000: Fixed dependency cycle(s) with /soc/dsi@32490000/panel7@6
[    0.085741][    T1] /soc/dsi@32490000/panel7@6: Fixed dependency cycle(s) with /soc/dsi@32490000
[    0.088100][    T1] /soc/seninf-top@3a300000/seninf-csi-port-0: Fixed dependency cycle(s) with /soc/i2c@139b0000/sensor1@10
[    0.088114][    T1] /soc/seninf-top@3a300000/seninf-csi-port-3: Fixed dependency cycle(s) with /soc/i2c@13a30000/sensor0@1a
[    0.088126][    T1] /soc/seninf-top@3a300000/seninf-csi-port-4: Fixed dependency cycle(s) with /soc/i2c@13ab0000/sensor2@0c
[    0.089558][    T1] /soc/funnel@d041000: Fixed dependency cycle(s) with /soc/etf@d044000
[    0.089564][    T1] /soc/funnel@d041000: Fixed dependency cycle(s) with /soc/gpu-etm
[    0.089574][    T1] /soc/funnel@d041000: Fixed dependency cycle(s) with /soc/funnel0
[    0.089584][    T1] /soc/funnel@d041000: Fixed dependency cycle(s) with /soc/btm2
[    0.089589][    T1] /soc/funnel@d041000: Fixed dependency cycle(s) with /soc/btm1
[    0.089594][    T1] /soc/funnel@d041000: Fixed dependency cycle(s) with /soc/btm0
[    0.089599][    T1] /soc/funnel@d041000: Fixed dependency cycle(s) with /soc/btts
[    0.089607][    T1] /soc/etf@d044000: Fixed dependency cycle(s) with /soc/etr@d07d000
[    0.089620][    T1] /soc/etf@d044000: Fixed dependency cycle(s) with /soc/funnel@d041000
[    0.089634][    T1] /soc/etr@d07d000: Fixed dependency cycle(s) with /soc/etf@d044000
[    0.089648][    T1] /soc/btts: Fixed dependency cycle(s) with /soc/funnel@d041000
[    0.089662][    T1] /soc/btm0: Fixed dependency cycle(s) with /soc/funnel@d041000
[    0.089676][    T1] /soc/btm1: Fixed dependency cycle(s) with /soc/funnel@d041000
[    0.089690][    T1] /soc/btm2: Fixed dependency cycle(s) with /soc/funnel@d041000
[    0.089703][    T1] /soc/gpu-etm: Fixed dependency cycle(s) with /soc/funnel@d041000
[    0.089717][    T1] /soc/ete0: Fixed dependency cycle(s) with /soc/funnel0
[    0.089731][    T1] /soc/ete1: Fixed dependency cycle(s) with /soc/funnel0
[    0.089744][    T1] /soc/ete2: Fixed dependency cycle(s) with /soc/funnel0
[    0.089758][    T1] /soc/ete3: Fixed dependency cycle(s) with /soc/funnel0
[    0.089771][    T1] /soc/ete4: Fixed dependency cycle(s) with /soc/funnel0
[    0.089785][    T1] /soc/ete5: Fixed dependency cycle(s) with /soc/funnel0
[    0.089799][    T1] /soc/ete6: Fixed dependency cycle(s) with /soc/funnel0
[    0.089812][    T1] /soc/ete7: Fixed dependency cycle(s) with /soc/funnel0
[    0.089822][    T1] /soc/funnel0: Fixed dependency cycle(s) with /soc/funnel@d041000
[    0.089828][    T1] /soc/funnel0: Fixed dependency cycle(s) with /soc/ete7
[    0.089832][    T1] /soc/funnel0: Fixed dependency cycle(s) with /soc/ete6
[    0.089837][    T1] /soc/funnel0: Fixed dependency cycle(s) with /soc/ete5
[    0.089842][    T1] /soc/funnel0: Fixed dependency cycle(s) with /soc/ete4
[    0.089847][    T1] /soc/funnel0: Fixed dependency cycle(s) with /soc/ete3
[    0.089852][    T1] /soc/funnel0: Fixed dependency cycle(s) with /soc/ete2
[    0.089857][    T1] /soc/funnel0: Fixed dependency cycle(s) with /soc/ete1
[    0.089862][    T1] /soc/funnel0: Fixed dependency cycle(s) with /soc/ete0
[    0.092302][    T1] /soc/i2c@139b0000/sensor1@10: Fixed dependency cycle(s) with /soc/seninf-top@3a300000/seninf-csi-port-0
[    0.092477][    T1] /soc/i2c@13a30000/sensor0@1a: Fixed dependency cycle(s) with /soc/seninf-top@3a300000/seninf-csi-port-3
[    0.092716][    T1] /soc/i2c@13ab0000/sensor2@0c: Fixed dependency cycle(s) with /soc/seninf-top@3a300000/seninf-csi-port-4
[    0.093932][    T1] /spmi@1c01a000/mt6379@e/tcpc: Fixed dependency cycle(s) with /soc/typec-mux-switch
[    0.093958][    T1] /soc/typec-mux-switch: Fixed dependency cycle(s) with /spmi@1c01a000/mt6379@e/tcpc
[    0.094251][    T1] /soc/gce@300c0000: Fixed dependency cycle(s) with /soc/gce@300c0000
[    0.094358][    T1] /soc/gce@30140000: Fixed dependency cycle(s) with /soc/gce@30140000
[    0.098884][    T1] /soc/dsi@32490000: Fixed dependency cycle(s) with /soc/dsi@32490000/panel7@6
[    0.098936][    T1] /soc/dsi@32490000/panel7@6: Fixed dependency cycle(s) with /soc/dsi@32490000
[    0.108031][    T1] /soc/seninf-top@3a300000/seninf-csi-port-0: Fixed dependency cycle(s) with /soc/i2c@139b0000/sensor1@10
[    0.108050][    T1] /soc/seninf-top@3a300000/seninf-csi-port-3: Fixed dependency cycle(s) with /soc/i2c@13a30000/sensor0@1a
[    0.108064][    T1] /soc/seninf-top@3a300000/seninf-csi-port-4: Fixed dependency cycle(s) with /soc/i2c@13ab0000/sensor2@0c
[    0.111662][    T1] /soc/funnel@d041000: Fixed dependency cycle(s) with /soc/etf@d044000
[    0.111671][    T1] /soc/funnel@d041000: Fixed dependency cycle(s) with /soc/gpu-etm
[    0.111681][    T1] /soc/funnel@d041000: Fixed dependency cycle(s) with /soc/funnel0
[    0.111686][    T1] /soc/funnel@d041000: Fixed dependency cycle(s) with /soc/btm2
[    0.111691][    T1] /soc/funnel@d041000: Fixed dependency cycle(s) with /soc/btm1
[    0.111696][    T1] /soc/funnel@d041000: Fixed dependency cycle(s) with /soc/btm0
[    0.111701][    T1] /soc/funnel@d041000: Fixed dependency cycle(s) with /soc/btts
[    0.111756][    T1] /soc/funnel@d041000: Fixed dependency cycle(s) with /soc/etf@d044000
[    0.111773][    T1] /soc/etf@d044000: Fixed dependency cycle(s) with /soc/etr@d07d000
[    0.111786][    T1] /soc/etf@d044000: Fixed dependency cycle(s) with /soc/funnel@d041000
[    0.111839][    T1] /soc/etf@d044000: Fixed dependency cycle(s) with /soc/etr@d07d000
[    0.111864][    T1] /soc/etr@d07d000: Fixed dependency cycle(s) with /soc/etf@d044000
[    0.111909][    T1] /soc/funnel@d041000: Fixed dependency cycle(s) with /soc/btts
[    0.111934][    T1] /soc/btts: Fixed dependency cycle(s) with /soc/funnel@d041000
[    0.111978][    T1] /soc/funnel@d041000: Fixed dependency cycle(s) with /soc/btm0
[    0.112004][    T1] /soc/btm0: Fixed dependency cycle(s) with /soc/funnel@d041000
[    0.112044][    T1] /soc/funnel@d041000: Fixed dependency cycle(s) with /soc/btm1
[    0.112068][    T1] /soc/btm1: Fixed dependency cycle(s) with /soc/funnel@d041000
[    0.112108][    T1] /soc/funnel@d041000: Fixed dependency cycle(s) with /soc/btm2
[    0.112132][    T1] /soc/btm2: Fixed dependency cycle(s) with /soc/funnel@d041000
[    0.112170][    T1] /soc/funnel@d041000: Fixed dependency cycle(s) with /soc/gpu-etm
[    0.112195][    T1] /soc/gpu-etm: Fixed dependency cycle(s) with /soc/funnel@d041000
[    0.112244][    T1] /soc/ete0: Fixed dependency cycle(s) with /soc/funnel0
[    0.112279][    T1] /soc/ete1: Fixed dependency cycle(s) with /soc/funnel0
[    0.112313][    T1] /soc/ete2: Fixed dependency cycle(s) with /soc/funnel0
[    0.112350][    T1] /soc/ete3: Fixed dependency cycle(s) with /soc/funnel0
[    0.112385][    T1] /soc/ete4: Fixed dependency cycle(s) with /soc/funnel0
[    0.112418][    T1] /soc/ete5: Fixed dependency cycle(s) with /soc/funnel0
[    0.112452][    T1] /soc/ete6: Fixed dependency cycle(s) with /soc/funnel0
[    0.112485][    T1] /soc/ete7: Fixed dependency cycle(s) with /soc/funnel0
[    0.112521][    T1] /soc/ete7: Fixed dependency cycle(s) with /soc/funnel0
[    0.112545][    T1] /soc/ete6: Fixed dependency cycle(s) with /soc/funnel0
[    0.112569][    T1] /soc/ete5: Fixed dependency cycle(s) with /soc/funnel0
[    0.112593][    T1] /soc/ete4: Fixed dependency cycle(s) with /soc/funnel0
[    0.112616][    T1] /soc/ete3: Fixed dependency cycle(s) with /soc/funnel0
[    0.112640][    T1] /soc/ete2: Fixed dependency cycle(s) with /soc/funnel0
[    0.112663][    T1] /soc/ete1: Fixed dependency cycle(s) with /soc/funnel0
[    0.112688][    T1] /soc/ete0: Fixed dependency cycle(s) with /soc/funnel0
[    0.112708][    T1] /soc/funnel@d041000: Fixed dependency cycle(s) with /soc/funnel0
[    0.112729][    T1] /soc/funnel0: Fixed dependency cycle(s) with /soc/funnel@d041000
[    0.112745][    T1] /soc/funnel0: Fixed dependency cycle(s) with /soc/ete7
[    0.112764][    T1] /soc/funnel0: Fixed dependency cycle(s) with /soc/ete6
[    0.112780][    T1] /soc/funnel0: Fixed dependency cycle(s) with /soc/ete5
[    0.112797][    T1] /soc/funnel0: Fixed dependency cycle(s) with /soc/ete4
[    0.112813][    T1] /soc/funnel0: Fixed dependency cycle(s) with /soc/ete3
[    0.112829][    T1] /soc/funnel0: Fixed dependency cycle(s) with /soc/ete2
[    0.112846][    T1] /soc/funnel0: Fixed dependency cycle(s) with /soc/ete1
[    0.112863][    T1] /soc/funnel0: Fixed dependency cycle(s) with /soc/ete0
[    0.116648][    T1] OF: /dvs@3a770000: could not find phandle 262756
[    0.116927][    T1] OF: /dvp@3a770800: could not find phandle 262756
[    0.117178][    T1] OF: /dvgf@3a770c00: could not find phandle 262756
[    0.121056][    T1] /soc/usb0@16701000: Fixed dependency cycle(s) with /extcon-usb
[    0.121087][    T1] /extcon-usb: Fixed dependency cycle(s) with /soc/usb0@16701000
[    0.121278][    T1] /spmi@1c01a000/mt6379@e/led-controller/led@2: Fixed dependency cycle(s) with /mtk-composite-v4l2-1
[    0.121302][    T1] /spmi@1c01a000/mt6379@e/led-controller/led@1: Fixed dependency cycle(s) with /mtk-composite-v4l2-1
[    0.121309][    T1] /spmi@1c01a000/mt6379@e/led-controller/led@0: Fixed dependency cycle(s) with /mtk-composite-v4l2-1
[    0.121316][    T1] /mtk-composite-v4l2-1: Fixed dependency cycle(s) with /spmi@1c01a000/mt6379@e/led-controller/led@2
[    0.121322][    T1] /mtk-composite-v4l2-1: Fixed dependency cycle(s) with /spmi@1c01a000/mt6379@e/led-controller/led@1
[    0.121328][    T1] /mtk-composite-v4l2-1: Fixed dependency cycle(s) with /spmi@1c01a000/mt6379@e/led-controller/led@0
[    0.121394][    T1] /soc/i2c@13a30000/camera_ois_power@33: Fixed dependency cycle(s) with /mtk-composite-v4l2-2
[    0.121417][    T1] /soc/i2c@13a30000/camera_af_main@0c: Fixed dependency cycle(s) with /mtk-composite-v4l2-2
[    0.121425][    T1] /mtk-composite-v4l2-2: Fixed dependency cycle(s) with /soc/i2c@13a30000/camera_ois_power@33
[    0.121432][    T1] /mtk-composite-v4l2-2: Fixed dependency cycle(s) with /soc/i2c@13a30000/camera_af_main@0c
[    0.126209][    T1] Modules: 23664 pages in range for non-PLT usage
[    0.126213][    T1] Modules: 515184 pages in range for PLT usage
[    0.127904][    T1] iommu: Default domain type: Translated
[    0.127917][    T1] iommu: DMA domain TLB invalidation policy: strict mode
[    0.128105][    T1] SCSI subsystem initialized
[    0.128150][    T1] usbcore: registered new interface driver usbfs
[    0.128161][    T1] usbcore: registered new interface driver hub
[    0.128174][    T1] usbcore: registered new device driver usb
[    0.128232][    T1] mc: Linux media interface: v0.10
[    0.128248][    T1] videodev: Linux video capture interface: v2.00
[    0.128280][    T1] EDAC MC: Ver: 3.0.0
[    0.128657][    T1] scmi_core: SCMI protocol bus registered
[    0.128757][    T1] Advanced Linux Sound Architecture Driver Initialized.
[    0.129289][    T1] clocksource: Switched to clocksource arch_sys_counter
[    0.129444][    T1] VFS: Disk quotas dquot_6.6.0
[    0.129460][    T1] VFS: Dquot-cache hash table entries: 512 (order 0, 4096 bytes)
[    0.129750][    T1] NET: Registered PF_INET protocol family
[    0.129904][    T1] IP idents hash table entries: 262144 (order: 9, 2097152 bytes, linear)
[    0.134127][    T1] tcp_listen_portaddr_hash hash table entries: 8192 (order: 5, 131072 bytes, linear)
[    0.134244][    T1] Table-perturb hash table entries: 65536 (order: 6, 262144 bytes, linear)
[    0.134306][    T1] TCP established hash table entries: 131072 (order: 8, 1048576 bytes, linear)
[    0.135106][    T1] TCP bind hash table entries: 65536 (order: 9, 2097152 bytes, linear)
[    0.136348][    T1] TCP: Hash tables configured (established 131072 bind 65536)
[    0.136398][    T1] UDP hash table entries: 8192 (order: 6, 262144 bytes, linear)
[    0.136662][    T1] UDP-Lite hash table entries: 8192 (order: 6, 262144 bytes, linear)
[    0.136958][    T1] NET: Registered PF_UNIX/PF_LOCAL protocol family
[    0.136977][    T1] NET: Registered PF_XDP protocol family
[    0.136984][    T1] PCI: CLS 0 bytes, default 64
[    0.137106][   T82] Trying to unpack rootfs image as initramfs...
[    0.141331][    T1] kvm [1]: HYP mode not available
[    0.142260][    T1] Initialise system trusted keyrings
[    0.142330][    T1] workingset: timestamp_bits=46 max_order=22 bucket_order=0
[    0.142633][    T1] fuse: init (API version 7.39)
[    0.149380][    T1] Key type asymmetric registered
[    0.149388][    T1] Asymmetric key parser 'x509' registered
[    0.149414][    T1] Block layer SCSI generic (bsg) driver version 0.4 loaded (major 240)
[    0.149510][    T1] io scheduler mq-deadline registered
[    0.149515][    T1] io scheduler kyber registered
[    0.149529][    T1] io scheduler bfq registered
[    0.158495][    T1] Serial: 8250/16550 driver, 6 ports, IRQ sharing disabled
[    0.161508][    T1] printk: console [ttynull0] enabled
[    0.164753][    T1] brd: module loaded
[    0.167622][    T1] loop: module loaded
[    0.168543][    T1] wireguard: WireGuard 1.0.0 loaded. See www.wireguard.com for information.
[    0.168550][    T1] wireguard: Copyright (C) 2015-2019 Jason A. Donenfeld <Jason@zx2c4.com>. All Rights Reserved.
[    0.168897][    T1] tun: Universal TUN/TAP device driver, 1.6
[    0.170794][    T1] usbcore: registered new interface driver uas
[    0.170808][    T1] usbcore: registered new interface driver usb-storage
[    0.170906][    T1] usbcore: registered new interface driver xpad
[    0.171015][    T1] gspca_main: v2.14.0 registered
[    0.171026][    T1] usbcore: registered new interface driver uvcvideo
[    0.171888][    T1] device-mapper: uevent: version 1.0.3
[    0.171939][    T1] device-mapper: ioctl: 4.48.0-ioctl (2023-03-01) initialised: dm-devel@redhat.com
[    0.172972][    T1] sdhci: Secure Digital Host Controller Interface driver
[    0.172978][    T1] sdhci: Copyright(c) Pierre Ossman
[    0.172982][    T1] sdhci-pltfm: SDHCI platform and OF driver helper
[    0.174421][    T1] SMCCC: SOC_ID: ARCH_SOC_ID not implemented, skipping ....
[    0.174678][    T1] hid: raw HID events driver (C) Jiri Kosina
[    0.174979][    T1] usbcore: registered new interface driver usbhid
[    0.174983][    T1] usbhid: USB HID core driver
[    0.175030][    T1] ashmem: initialized
[    0.176572][    T1] hw perfevents: enabled with armv8_pmuv3 PMU driver, 32 counters available
[    0.176855][    T1] hw perfevents: enabled with armv9_cortex_x4 PMU driver, 32 counters available
[    0.177088][    T1] hw perfevents: enabled with armv9_cortex_a720 PMU driver, 21 counters available
[    0.178175][  T123] watchdog: Delayed init of the lockup detector failed: -19
[    0.178179][  T123] watchdog: Hard watchdog permanently disabled
[    0.178524][    T1] gnss: GNSS driver registered with major 505
[    0.179318][    T1] usbcore: registered new interface driver snd-usb-audio
[    0.179714][    T1] GACT probability NOT on
[    0.179724][    T1] Mirror/redirect action on
[    0.179736][    T1] netem: version 1.3
[    0.179746][    T1] u32 classifier
[    0.179749][    T1]     input device check on
[    0.179751][    T1]     Actions configured
[    0.199280][    T1] xt_time: kernel timezone is -0000
[    0.199344][    T1] ipip: IPv4 and MPLS over IPv4 tunneling driver
[    0.199525][    T1] gre: GRE over IPv4 demultiplexor driver
[    0.199530][    T1] ip_gre: GRE over IPv4 tunneling driver
[    0.199822][    T1] IPv4 over IPsec tunneling driver
[    0.199928][    T1] Initializing XFRM netlink socket
[    0.199934][    T1] IPsec XFRM device driver
[    0.199972][    T1] NET: Registered PF_INET6 protocol family
[    0.200449][    T1] Segment Routing with IPv6
[    0.200459][    T1] In-situ OAM (IOAM) with IPv6
[    0.200492][    T1] mip6: Mobile IPv6
[    0.200630][    T1] sit: IPv6, IPv4 and MPLS over IPv4 tunneling driver
[    0.200870][    T1] ip6_gre: GRE over IPv6 tunneling driver
[    0.200988][    T1] NET: Registered PF_PACKET protocol family
[    0.200993][    T1] NET: Registered PF_KEY protocol family
[    0.201088][    T1] NET: Registered PF_VSOCK protocol family
[    0.204144][    T1] registered taskstats version 1
[    0.204230][    T1] Loading compiled-in X.509 certificates
[    0.205107][    T1] Loaded X.509 cert 'Build time autogenerated kernel key: fa633b45cfd23f6eee6bae365be34db0417b73d1'
[    0.208958][    T1] page_owner is disabled
[    0.209051][    T1] Key type .fscrypt registered
[    0.209055][    T1] Key type fscrypt-provisioning registered
[    0.210828][    T1] clk: Disabling unused clocks
[    0.210841][    T1] ALSA device list:
[    0.210846][    T1]   No soundcards found.
[    0.276574][   T82] rootfs image is not initramfs (Decoding failed); looks like an initrd
[    0.302515][   T82] Freeing initrd memory: 55908K
[    0.303075][    T1] Freeing unused kernel memory: 4160K
[    0.303163][    T1] Run /init as init process
[    0.303366][    T1] KP event: post-kernel-init
[    0.304622][    T1] init: init first stage started!
[    0.307377][    T1] init: softdep lines in modules.softdep must have at least 4 entries
[    0.307389][    T1] init: softdep lines in modules.softdep must have at least 4 entries
[    0.307395][    T1] init: softdep lines in modules.softdep must have at least 4 entries
[    0.307400][    T1] init: softdep lines in modules.softdep must have at least 4 entries
[    0.307405][    T1] init: softdep lines in modules.softdep must have at least 4 entries
[    0.307409][    T1] init: softdep lines in modules.softdep must have at least 4 entries
[    0.307624][    T1] init: Loading module /lib/modules/bootprof.ko with args ''
[    0.307725][    T1] bootprof: loading out-of-tree module taints kernel.
[    0.308130][    T1] BOOTPROF: pl=1811, bl2ext=1716 ,lk=7976, logo=1499, tfa=382, sec_os=2, gz=293
[    0.308199][    T1] BOOTPROF:       308.199692: ON (TH:15)
[    0.308204][    T1] BOOTPROF:       308.204615:Kernel_init_done
[    0.308246][    T1] init: Loaded kernel module /lib/modules/bootprof.ko
[    0.308338][    T1] init: Loading module /lib/modules/mrdump.ko with args ''
[    0.309079][    T1] mboot_params:[DT] 0x800@0x11d000, 0x2(0xec0)
[    0.309088][    T1] mboot_params: [DT] 0x10000@0x88090000
[    0.309159][    T1] mboot_params: using dram:0x88081000(0x1000)
[    0.309164][    T1] mboot_params: buffer start: 0xffffffc08012d000, size: 0x1000
[    0.309168][    T1] mboot_params: last init function: 0x0
[    0.309204][    T1] mrdump_parse_chosen: mrdump_cbaddr=0x0000000088082000, mrdump_cbsize=0x0000000000008000
[    0.309210][    T1] mrdump_parse_chosen: lk version MRDUMP11
[    0.309213][    T1] mrdump_parse_chosen: ddr reserve mode no
[    0.309256][    T1] [mrdump] phys:0x88080000 - 0x88090000 (0x10000)
[    0.309268][    T1] [mrdump] rmem->priv = ffffffc080c30000
[    0.309335][    T1] mrdump_cblock_init: done.
[    0.309341][    T1] minirdump: [DT] reserved 0x88090000+0x10000->0000000070470fdd
[    0.309370][   T87] mrdump_ka_work_func: retry in 0.1 second
[    0.310455][    T1] aee kernel api ready
[    0.311304][    T1] mrdump: hang data 0xffffff8029c00000 size:0x400000
[    0.311704][    T1] monitor_hang: monitor_hang_boot_up_enable=0.
[    0.312483][    T1] MKP: mkp_init:43 start
[    0.312490][    T1] MKP: mkp_init:55 failed, ret: -3
[    0.312961][    T1] MKP: resource base=0x0000000080000000, size=0x0000000000010000
[    0.313064][    T1] enable_action_panic: enable mkp panic
[    0.313152][   T87] aee_get_stext failed
[    0.313154][   T87] aee_get_etext failed
[    0.313157][   T87] aee_get_init_begin failed
[    0.313160][   T87] mkp: init_debug_kinfo failed
[    0.313164][   T87] MKP: mkp_protect_kernel_work_fn: retry in 0.1 second
[    0.313817][    T1] MKP: mkp_init:64 done
[    0.314300][    T1] mtk_dbgtop_drm was loaded
[    0.314467][    T1] mtk_dbgtop_drm 1000d000.drm: driver probed
[    0.314472][    T1] mtk_dbgtop_drm 1000d000.drm: mtk_dbgtop_drm_probe: version = 2.
[    0.314476][    T1] mtk_dbgtop_drm 1000d000.drm: mtk_dbgtop_drm_probe: found sec-write = 1.
[    0.314488][    T1] mtk_dbgtop_drm 1000d000.drm: base 000000002725823c
[    0.315738][    T1] dbg-error-flag dbg-error-flag: driver probed
[    0.315914][    T1] dbg-error-flag dbg-error-flag: get systimer-l-offset(0xac)
[    0.315920][    T1] dbg-error-flag dbg-error-flag: get systimer-h-offset(0xb0)
[    0.315923][    T1] dbg-error-flag dbg-error-flag: get irq-status-offset(0x8c)
[    0.315926][    T1] dbg-error-flag dbg-error-flag: get wdt-status-offset(0x88)
[    0.315929][    T1] dbg-error-flag dbg-error-flag: get error-type-offset(0x98)
[    0.315932][    T1] dbg-error-flag dbg-error-flag: get vlp-trace-halt-irq-mask(mask = 0x1)
[    0.315936][    T1] dbg-error-flag dbg-error-flag: get infra-lastbus-timeout-mask(mask = 0x2)
[    0.315940][    T1] dbg-error-flag dbg-error-flag: get peri-lastbus-timeout-mask(mask = 0x4)
[    0.315943][    T1] dbg-error-flag dbg-error-flag: get dram-md32-wdt-event-ch-a-mask(mask = 0x8)
[    0.315946][    T1] dbg-error-flag dbg-error-flag: get dram-md32-wdt-event-ch-b-mask(mask = 0x10)
[    0.315949][    T1] dbg-error-flag dbg-error-flag: get dram-md32-wdt-event-ch-c-mask(mask = 0x20)
[    0.315953][    T1] dbg-error-flag dbg-error-flag: get dram-md32-wdt-event-ch-d-mask(mask = 0x40)
[    0.315957][    T1] dbg-error-flag dbg-error-flag: get ap-tracker-timeout-mask(mask = 0x100)
[    0.315961][    T1] dbg-error-flag dbg-error-flag: get infra-tracker-timeout-mask(mask = 0x200)
[    0.315965][    T1] dbg-error-flag dbg-error-flag: get apu-smmu-irq-mask(mask = 0x800)
[    0.315969][    T1] dbg-error-flag dbg-error-flag: get mfg-to-soc-dfd-event-mask(mask = 0x1000)
[    0.315972][    T1] dbg-error-flag dbg-error-flag: get mminfra-smmu-irq-mask(mask = 0x2000)
[    0.315976][    T1] dbg-error-flag dbg-error-flag: get mfg-to-emi-slv-parity-mask(mask = 0x4000)
[    0.315979][    T1] dbg-error-flag dbg-error-flag: get mcu2sub-emi-m1-parity-mask(mask = 0x8000)
[    0.315982][    T1] dbg-error-flag dbg-error-flag: get mcu2sub-emi-m0-parity-mask(mask = 0x10000)
[    0.315985][    T1] dbg-error-flag dbg-error-flag: get mcu2emi-m1-parity-mask(mask = 0x20000)
[    0.315989][    T1] dbg-error-flag dbg-error-flag: get mcu2emi-m0-parity-mask(mask = 0x40000)
[    0.315992][    T1] dbg-error-flag dbg-error-flag: get mcu2infra-reg-parity-mask(mask = 0x80000)
[    0.315996][    T1] dbg-error-flag dbg-error-flag: get infra-l3-cache2mcu-parity-mask(mask = 0x100000)
[    0.315999][    T1] dbg-error-flag dbg-error-flag: get gpueb-parity-fail-mask(mask = 0x200000)
[    0.316003][    T1] dbg-error-flag dbg-error-flag: get emi-parity-cen-mask(mask = 0x400000)
[    0.316006][    T1] dbg-error-flag dbg-error-flag: get emi-parity-sub-cen-mask(mask = 0x800000)
[    0.316009][    T1] dbg-error-flag dbg-error-flag: get emi-parity-chan1-mask(mask = 0x1000000)
[    0.316013][    T1] dbg-error-flag dbg-error-flag: get emi-parity-chan2-mask(mask = 0x2000000)
[    0.316017][    T1] dbg-error-flag dbg-error-flag: get emi-parity-chan3-mask(mask = 0x4000000)
[    0.316020][    T1] dbg-error-flag dbg-error-flag: get emi-parity-chan4-mask(mask = 0x8000000)
[    0.316024][    T1] dbg-error-flag dbg-error-flag: get dramc-error-flag-ch-a-mask(mask = 0x10000000)
[    0.316028][    T1] dbg-error-flag dbg-error-flag: get dramc-error-flag-ch-b-mask(mask = 0x20000000)
[    0.316031][    T1] dbg-error-flag dbg-error-flag: get dramc-error-flag-ch-c-mask(mask = 0x40000000)
[    0.316035][    T1] dbg-error-flag dbg-error-flag: get dramc-error-flag-ch-d-mask(mask = 0x80000000)
[    0.316169][    T1] dbg-error-flag dbg-error-flag: get irq-status0-offset(0x14)
[    0.316174][    T1] dbg-error-flag dbg-error-flag: get irq-status1-offset(0x18)
[    0.316177][    T1] dbg-error-flag dbg-error-flag: get irq-systimer-l-offset(0x60)
[    0.316181][    T1] dbg-error-flag dbg-error-flag: get irq-systimer-h-offset(0x64)
[    0.316184][    T1] dbg-error-flag dbg-error-flag: get error-type-offset(0x24)
[    0.316188][    T1] dbg-error-flag dbg-error-flag: get drm-req-systimer-l-offset(0x48)
[    0.316191][    T1] dbg-error-flag dbg-error-flag: get drm-req-systimer-h-offset(0x4c)
[    0.316194][    T1] dbg-error-flag dbg-error-flag: get drm-ack-systimer-l-offset(0x50)
[    0.316198][    T1] dbg-error-flag dbg-error-flag: get drm-ack-systimer-h-offset(0x54)
[    0.316204][    T1] dbg-error-flag dbg-error-flag: get vlp-tracker-timeout-mask(mask = 0x100)
[    0.316211][    T1] dbg-error-flag dbg-error-flag: get soc-dbg-err-flag-wdt-irq-mask(mask = 0x1)
[    0.316214][    T1] dbg-error-flag dbg-error-flag: get mmu-to-soc-dfd-trigger-event-mask(mask = 0x2)
[    0.316217][    T1] dbg-error-flag dbg-error-flag: get mfg2soc-dfd-smmu-trigger-event-mask(mask = 0x4)
[    0.317419][    T1] bus_parity c1b0900.bus-parity: driver probed
[    0.317426][    T1] bus_parity c1b0900.bus-parity: nr_mcu_bpm=6, nr_infra_bpm=6
[    0.317785][    T1] bus_parity c1b0900.bus-parity: can't find node 'mediatek,bus_tracer-v1' from dts.
[    0.317914][    T1] bus_parity c1b0900.bus-parity: find node 'mediatek, soc-dbg-error-flag' from dts.
[    0.317976][    T1] get chipid 0x1357:0x8a00:0xca01:0x1.
[    0.319141][    T1] last_bus lastbus: driver probed
[    0.319148][    T1] last_bus_probe: name = debug_ctrl_ao_DBGSYS_AO
[    0.319153][    T1] last_bus_probe: name = debug_ctrl_ao_APINFRA_IO_AO
[    0.319156][    T1] last_bus_probe: name = debug_ctrl_ao_APINFRA_IO_CTRL_AO
[    0.319160][    T1] last_bus_probe: name = debug_ctrl_ao_APINFRA_DRAMC_AO
[    0.319163][    T1] last_bus_probe: name = debug_ctrl_ao_APINFRA_EMI_AO
[    0.319166][    T1] last_bus_probe: name = debug_ctrl_ao_APINFRA_BIG4_AO
[    0.319169][    T1] last_bus_probe: name = debug_ctrl_ao_APINFRA_IO_INTF_AO
[    0.319172][    T1] last_bus_probe: name = debug_ctrl_ao_APINFRA_MEM_INTF_AO
[    0.319175][    T1] last_bus_probe: name = debug_ctrl_ao_APINFRA_INT_AO
[    0.319178][    T1] last_bus_probe: name = debug_ctrl_ao_APINFRA_MMU_AO
[    0.319181][    T1] last_bus_probe: name = debug_ctrl_ao_APINFRA_SLB_AO
[    0.319184][    T1] last_bus_probe: name = debug_ctrl_ao_APINFRA_MEM_AO
[    0.319187][    T1] last_bus_probe: name = debug_ctrl_ao_APINFRA_MEM_CTRL_AO
[    0.319191][    T1] last_bus_probe: name = debug_ctrl_ao_APINFRA_SSR_AO
[    0.319194][    T1] last_bus_probe: name = debug_ctrl_ao_NEMI_AO
[    0.319197][    T1] last_bus_probe: name = debug_ctrl_ao_SEMI_AO
[    0.319200][    T1] last_bus_probe: name = debug_ctrl_ao_EMI_INFRA_AO
[    0.319203][    T1] last_bus_probe: name = debug_ctrl_ao_PERI_PAR_AO
[    0.319206][    T1] last_bus_probe: name = debug_ctrl_ao_VLP_AO
[    0.319209][    T1] last_bus_probe: name = debug_ctrl_ao_MMUP_AO
[    0.319212][    T1] last_bus lastbus: couldn't find property bus-status-offset(-22)
[    0.319216][    T1] last_bus lastbus: couldn't find property bus-status-num(-22)
[    0.319219][    T1] last_bus_probe: num_used_monitors = 20
[    0.321009][    T1] log_store: get address 0xa0d.
[    0.321017][    T1] log_store:[DT] log_store: 0x11df00@0x100
[    0.321020][    T1] log_store: get ok, sram addr:0x11df00, size:0x100
[    0.321025][    T1] log_store: sram header address 0x00000000ec28d29b.
[    0.321030][    T1] sig 0x5678ef90 flag 0x237 add 0x47ffb0000 size 0x40000 offsize 0x20 point 0x1a486
[    0.321149][    T1] log_store: pmic child device not found.
[    0.321155][    T1] log_store: bootmode: 0x0 boottype: 0x2.
[    0.321159][    T1] log store:sram_dram_buff addr 0x47ffb0000, size 0x40000.
[    0.321169][    T1] [PHY layout]log_store_mem:0x47ffb0000-0x47ffeffff (0x40000)
[    0.321174][    T1] buff 0000000090d616bc, sig cdab3412 size 40000 pl 0, sz 1a486 lk 1a486, sz 25b7a p c, l c
[    0.322006][    T1] proactive_compact: Register fragmentation_index interface passed!
[    0.322012][    T1] proactive_compact: proactive_compact init success!
[    0.323225][    T1] osvelte     1     1 I init            : init_kallsyms_lookup_name:250 +
[    0.323308][    T1] osvelte     1     1 I init            : osvelte_lowmem_dbg_init:765 +
[    0.323326][    T1] osvelte     1     1 I init            : mm_config_init:532 cmdline 
[    0.323641][    T1] logger: created 512K log 'osvelte'
[    0.324718][    T1] [mtk_boot_common] Roland:init_boot_common 376 0 2
[    0.325035][    T1] oplusboot: unknown parameter 'charger' ignored
[    0.325825][    T1] oplus_project_init start
[    0.326319][    T1] BOOTPROF:       326.319385: ON
[    0.326341][    T1] [PHOENIX] phx_parse_cmdline: hang_oplus_main_on 1
[    0.326345][    T1] [PHOENIX] phx_parse_cmdline: hang_oplus_recovery_method 2
[    0.326350][    T1] [PHOENIX] phx_parse_cmdline: phx_hlos_wd_pet_time 240
[    0.326353][    T1] [PHOENIX] phoenix_hlos_watchdog_init: phoenix hlos watchdog: on
[    0.326357][    T1] [PHOENIX] phx_is_qcom_platform: MTK platform
[    0.326359][    T1] [PHOENIX] phx_is_normal_mode_mtk: mtk_boot_mode: 0
[    0.326442][    T1] KE new cdt newcdt:4294967295 nVersion:1 Project:24813, Dtsi:24813, Audio:24813, nRF:43, PCB:40 eng_version:0 confidential:0
[    0.326447][    T1] Feature is: 
[    0.326448][    T1] [0]:2	
[    0.326451][    T1] [1]:0	
[    0.326454][    T1] [2]:0	
[    0.326456][    T1] [3]:0	
[    0.326459][    T1] [4]:0	
[    0.326461][    T1] [5]:0	
[    0.326465][    T1] [6]:0	
[    0.326467][    T1] [7]:0	
[    0.326469][    T1] [8]:0	
[    0.326472][    T1] [9]:0	
[    0.326474][    T1] [10]:0	
[    0.326477][    T1] [11]:0	
[    0.326480][    T1] [12]:0	
[    0.326482][    T1] [13]:0	
[    0.326484][    T1] [14]:0	
[    0.326487][    T1] [15]:0	
[    0.326489][    T1] [16]:0	
[    0.326492][    T1] [17]:0	
[    0.326494][    T1] [18]:0	
[    0.326496][    T1] [19]:0	
[    0.326499][    T1] [20]:0	
[    0.326501][    T1] [21]:0	
[    0.326504][    T1] [22]:0	
[    0.326506][    T1] [23]:0	
[    0.326508][    T1] [24]:0	
[    0.326511][    T1] [25]:0	
[    0.326513][    T1] [26]:0	
[    0.326516][    T1] [27]:0	
[    0.326518][    T1] [28]:0	
[    0.326520][    T1] [29]:0	
[    0.326523][    T1] [30]:0	
[    0.326526][    T1] [31]:0	
[    0.326528][    T1] [32]:0	
[    0.326531][    T1] [33]:0	
[    0.326533][    T1] [34]:0	
[    0.326536][    T1] [35]:0	
[    0.326539][    T1] [36]:0	
[    0.326541][    T1] [37]:0	
[    0.326544][    T1] [38]:0	
[    0.326546][    T1] [39]:0	
[    0.326549][    T1] 
[    0.326553][    T1] OCP: 0 0x0   0 0x0  
[    0.326556][    T1] oplus project info loading finished
[    0.326559][    T1] [PHOENIX] phoenix_hlos_watchdog_init: phoenix hlos watchdog pet time: 240
[    0.328611][    T1] mtk-wdt 1c010000.watchdog: error -ENXIO: IRQ index 0 not found
[    0.328622][    T1] [wdtk] kick watchdog
[    0.328692][   T86] [wdtk] kick watchdog
[    0.328699][    T1] mtk-wdt 1c010000.watchdog: Watchdog enabled (timeout=31 sec, nowayout=0)
[    0.330841][    T1] hangdet_init: compatible node found: watchdog
[    0.330853][    T1] apwdt enabled
[    0.331182][    T1] hangdet_init: compatible node found: systimer
[    0.331257][    T1] hangdet_init systimer_cnt 174291871
[    0.331261][    T1] hangdet_init set wdk_ktime 331261615
[    0.331321][   T83] [wdk] bind thread 165 to cpu 0
[    0.331398][    T1] Planted kprobe at ffffffdffbb95f20 for hrtimer_start_range_ns
[    0.331399][  T165] [wdk-c] cpu=0 o_k=0 lbit=0x1 cbit=0xff,fe,7,1,331269539,1,0,0,0,0,[331371154,15000000] 31 ffffffff  
[    0.331400][   T83] [wdk] bind thread 166 to cpu 1
[    0.331403][  T165] 
[    0.331445][  T166] [wdk-c] cpu=1 o_k=1 lbit=0x3 cbit=0xff,fc,7,1,331269539,3,0,0,0,0,[331438231,14999927] 31 ffffffff  
[    0.331459][  T166] 
[    0.331511][    T1] Planted kprobe at ffffffdffbba72b8 for hrtimer_start_range_ns
[    0.331518][    T1] reboot set flag, old value 0x6c002000, 1.
[    0.331521][    T1] reboot set flag new value 0x6c002800.
[    0.331536][   T83] [wdk] bind thread 167 to cpu 2
[    0.331579][  T167] [wdk-c] cpu=2 o_k=2 lbit=0x7 cbit=0xff,f8,7,1,331269539,7,0,0,0,0,[331572692,14999794] 31 ffffffff  
[    0.331591][  T167] 
[    0.331623][   T83] [wdk] bind thread 168 to cpu 3
[    0.331660][  T168] [wdk-c] cpu=3 o_k=3 lbit=0xf cbit=0xff,f0,7,1,331269539,f,0,0,0,0,[331655462,14999711] 31 ffffffff  
[    0.331665][  T168] 
[    0.331698][   T83] [wdk] bind thread 169 to cpu 4
[    0.331764][   T83] [wdk] bind thread 170 to cpu 5
[    0.331789][  T170] [wdk-c] cpu=5 o_k=5 lbit=0x2f cbit=0xff,d0,7,1,331269539,3f,0,0,0,0,[331785539,14999578] 31 ffffffff  
[    0.331793][  T170] 
[    0.331840][   T83] [wdk] bind thread 171 to cpu 6
[    0.331868][  T171] [wdk-c] cpu=6 o_k=6 lbit=0x6f cbit=0xff,90,7,1,331269539,7f,0,0,0,0,[331864615,14999500] 31 ffffffff  
[    0.331873][  T171] 
[    0.331888][   T83] [wdk] bind thread 172 to cpu 7
[    0.331894][   T83] [wdk] WDT start kicker done CPU_NR=8 online cpu NR8
[    0.331898][   T83] [wdk]init_wk done late_initcall cpus_kick_bit=0xff -----
[    0.331939][  T172] [wdk-c] cpu=7 o_k=7 lbit=0xef cbit=0xff,10,7,1,331269539,ff,0,0,0,0,[331933923,14999431] 31 ffffffff  
[    0.331949][  T172] 
[    0.333948][    T1] [DEVAPC]: driver registered
[    0.333961][    T1] [DEVAPC]: subsys_enabled[0]:1
[    0.333965][    T1] [DEVAPC]: subsys_enabled[1]:1
[    0.333969][    T1] [DEVAPC]: subsys_enabled[2]:1
[    0.333973][    T1] [DEVAPC]: subsys_enabled[3]:1
[    0.333979][    T1] [DEVAPC]: subsys_enabled[4]:1
[    0.333983][    T1] [DEVAPC]: subsys_enabled[5]:1
[    0.333989][    T1] [DEVAPC]: subsys_enabled[6]:1
[    0.333994][    T1] [DEVAPC]: subsys_enabled[7]:1
[    0.334008][    T1] [DEVAPC]: subsys_enabled[8]:1
[    0.334130][    T1] [DEVAPC]: IRQ[0]:32
[    0.334145][    T1] [DEVAPC]: IRQ[1]:33
[    0.334157][    T1] [DEVAPC]: IRQ[2]:34
[    0.334169][    T1] [DEVAPC]: IRQ[3]:35
[    0.334181][    T1] [DEVAPC]: IRQ[4]:36
[    0.334193][    T1] [DEVAPC]: IRQ[5]:37
[    0.334205][    T1] [DEVAPC]: IRQ[6]:38
[    0.334225][    T1] [DEVAPC]: IRQ[7]:39
[    0.334238][    T1] [DEVAPC]: IRQ[8]:40
[    0.334249][    T1] [DEVAPC]: IRQ[9]:41
[    0.334261][    T1] [DEVAPC]: IRQ[10]:42
[    0.334274][    T1] [DEVAPC]: IRQ[11]:43
[    0.334285][    T1] [DEVAPC]: IRQ[12]:44
[    0.334299][    T1] [DEVAPC]: IRQ[13]:45
[    0.334312][    T1] [DEVAPC]: IRQ[14]:46
[    0.334324][    T1] [DEVAPC]: IRQ[15]:47
[    0.334340][    T1] [DEVAPC]: IRQ[16]:48
[    0.334353][    T1] [DEVAPC]: IRQ[17]:49
[    0.334364][    T1] [DEVAPC]: IRQ[18]:50
[    0.334468][    T1] [DEVAPC]: (Infra) Cannot get devapc clock from CCF (-2)
[    0.334576][    T1] [DEVAPC]: no violation for slave:0x0
[    0.334586][    T1] [DEVAPC]: no violation for slave:0x1
[    0.334595][    T1] [DEVAPC]: no violation for slave:0x2
[    0.334655][    T1] [DEVAPC]: no violation for slave:0x3
[    0.334694][    T1] [DEVAPC]: no violation for slave:0x4
[    0.334790][    T1] [DEVAPC]: no violation for slave:0x5
[    0.334817][    T1] [DEVAPC]: no violation for slave:0x6
[    0.334828][    T1] [DEVAPC]: no violation for slave:0x7
[    0.334848][    T1] [DEVAPC]: no violation for slave:0x8
[    0.334856][    T1] [DEVAPC]: no violation for slave:0x9
[    0.334872][    T1] [DEVAPC]: no violation for slave:0xa
[    0.334889][    T1] [DEVAPC]: no violation for slave:0xb
[    0.334902][    T1] [DEVAPC]: no violation for slave:0xc
[    0.335012][    T1] [DEVAPC]: no violation for slave:0xd
[    0.335077][    T1] [DEVAPC]: no violation for slave:0xe
[    0.335344][    T1] [DEVAPC]: no violation for slave:0xf
[    0.335589][    T1] [DEVAPC]: no violation for slave:0x10
[    0.335721][    T1] [DEVAPC]: no violation for slave:0x11
[    0.335736][    T1] [DEVAPC]: no violation for slave:0x12
[    0.335758][    T1] [DEVAPC]: no violation for slave:0x13
[    0.337327][  T169] [thread:169] 1970-01-01 00:00:00.332042 UTC;android time 1970-01-01 00:00:00.332042
[    0.337400][  T169] [wdk-k] cpu=4 o_k=4 lbit=0xff cbit=0xff,0,7,1,331269539,ff,0,0,0,0,[337324077,14994044] 31 ffffffff  
[    0.337403][  T169] 
[    0.339604][    T1] [DEVAPC]: start_devapc done
[    0.340471][    T1] [scmi] secure-sspm-mbox-clr not support
[    0.340476][    T1] [scmi] secure-sspm-md2spm-clr support, secure_sspm_md2spm_clr_support: 1
[    0.340481][    T1] mtk_tinysys_mbox 1c351000.tinysys-mbox: MTK MBOX Mailbox registered
[    0.341268][   T82] arm-scmi firmware:scmi: SCMI Notifications - Core Enabled.
[    0.341494][   T82] arm-scmi firmware:scmi: SCMI Protocol v1.0 'mtk:mtk' Firmware version 0x5353504d
[    0.341661][   T82] arm-scmi firmware:scmi: Detected UNSUPPORTED higher version 0x10000 for protocol 0x80.Backward compatibility is NOT assured.
[    0.341994][    T1] ise-wakelock 0
[    0.342000][    T1] ise_lpm_freerun_en 0
[    0.342002][    T1] ise_lpm_deinit_bypass 0
[    0.342069][    T1] ise not enable, start to deinit
[    0.342069][    T1]  
[    0.344065][    T1] mt6991-pinctrl 1002d000.pinctrl: mtk_eint_do_init eint total 293 pins.
[    0.344092][    T1] mt6991-pinctrl 1002d000.pinctrl: mtk_eint_do_init eint in new mode, assign the matrix number to 230.
[    0.347592][   T82] input: gpio-keys as /devices/platform/odm/odm:oplus_magic_key/input/input0
[    0.353700][    T1] mtk-dvfsrc 1c013000.dvfsrc: error -ENXIO: IRQ index 0 not found
[    0.356609][    T1] mtk-dvfsrc-devfreq mtk-dvfsrc-devfreq: _opp_is_duplicate: duplicate OPPs detected. Existing: freq: 9594000000, volt: 0, enabled: 1. New: freq: 9594000000, volt: 0, enabled: 1
[    0.358337][    T1] [Power/dcm] 
[    0.358337][    T1] ******** dcm dump register *********
[    0.358345][    T1] [Power/dcm] CLK_AXI_VDNR_DCM_TOP_APINFRA_IO_INTX_BUS_u_APINFRA_IO_INTX_BUS_CTRL_0(0xffffffc080a3d008): 0x80822015
[    0.358349][    T1] [Power/dcm] CLK_FMEM_SUB_CFG_VDNR_DCM_TOP_APINFRA_MEM_INTX_BUS_u_APINFRA_MEM_INTX_BUS_CTRL_0(0xffffffc080a5500c): 0x8082201d
[    0.358353][    T1] [Power/dcm] CLK_FMEM_SUB_VDNR_DCM_TOP_APINFRA_MEM_INTX_BUS_u_APINFRA_MEM_INTX_BUS_CTRL_0(0xffffffc080a55014): 0x00440091
[    0.358357][    T1] [Power/dcm] CLK_FMEM_SUB_VDNR_DCM_TOP_APINFRA_MEM_INTX_BUS_u_APINFRA_MEM_INTX_BUS_CTRL_1(0xffffffc080a55018): 0x403ff010
[    0.358360][    T1] [Power/dcm] CLK_FMEM_SUB_VDNR_DCM_TOP_APINFRA_MEM_INTX_BUS_u_APINFRA_MEM_INTX_BUS_CTRL_2(0xffffffc080a5501c): 0x807e0208
[    0.358363][    T1] [Power/dcm] CLK_FMEM_SUB_VDNR_DCM_TOP_APINFRA_MEM_INTX_BUS_u_APINFRA_MEM_INTX_BUS_CTRL_3(0xffffffc080a55020): 0x201e0208
[    0.358366][    T1] [Power/dcm] CLK_FMEM_SUB_VDNR_DCM_TOP_APINFRA_MEM_INTX_BUS_u_APINFRA_MEM_INTX_BUS_CTRL_4(0xffffffc080a55024): 0x01fe0208
[    0.358370][    T1] [Power/dcm] CLK_FMEM_SUB_VDNR_DCM_TOP_APINFRA_MEM_INTX_BUS_u_APINFRA_MEM_INTX_BUS_CTRL_5(0xffffffc080a55028): 0x00c04110
[    0.358373][    T1] [Power/dcm] CLK_IO_NOC_VDNR_DCM_TOP_APINFRA_IO_INTF_PAR_BUS_u_APINFRA_IO_INTF_PAR_BUS_CTRL_0(0xffffffc080a45004): 0x80822011
[    0.358376][    T1] [Power/dcm] MCUSYS_PAR_WRAP_NON_SEC_ACP_SLAVE_DCM_EN                    (0xffffffc080a352dc): 0x00000001
[    0.358379][    T1] [Power/dcm] MCUSYS_PAR_WRAP_NON_SEC_ADB_FIFO_DCM_EN                     (0xffffffc080a35278): 0x1fff07ff
[    0.358382][    T1] [Power/dcm] MCUSYS_PAR_WRAP_NON_SEC_CBIP_CABGEN_1TO2_CONFIG             (0xffffffc080a352ac): 0x00000308
[    0.358386][    T1] [Power/dcm] MCUSYS_PAR_WRAP_NON_SEC_CBIP_CABGEN_1TO2_INFRA_CONFIG       (0xffffffc080a352c4): 0x00000308
[    0.358389][    T1] [Power/dcm] MCUSYS_PAR_WRAP_NON_SEC_CBIP_CABGEN_1TO2_L3GIC_CONFIG       (0xffffffc080a352bc): 0x00000308
[    0.358392][    T1] [Power/dcm] MCUSYS_PAR_WRAP_NON_SEC_CBIP_CABGEN_2TO1_CONFIG             (0xffffffc080a352a4): 0x00000000
[    0.358395][    T1] [Power/dcm] MCUSYS_PAR_WRAP_NON_SEC_CBIP_CABGEN_2TO5_CONFIG             (0xffffffc080a352b0): 0x00001f08
[    0.358397][    T1] [Power/dcm] MCUSYS_PAR_WRAP_NON_SEC_CBIP_CABGEN_3TO1_CONFIG             (0xffffffc080a352a0): 0x00000308
[    0.358401][    T1] [Power/dcm] MCUSYS_PAR_WRAP_NON_SEC_CBIP_CABGEN_4TO2_CONFIG             (0xffffffc080a352a8): 0x00000708
[    0.358403][    T1] [Power/dcm] MCUSYS_PAR_WRAP_NON_SEC_CBIP_P2P_CONFIG0                    (0xffffffc080a352b4): 0x00000007
[    0.358406][    T1] [Power/dcm] MCUSYS_PAR_WRAP_NON_SEC_CI700_DCM_CTRL                      (0xffffffc080a35298): 0x8a080003
[    0.358409][    T1] [Power/dcm] MCUSYS_PAR_WRAP_NON_SEC_EBG_CKE_WRAP_FIFO_CFG               (0xffffffc080a35404): 0x00000000
[    0.358412][    T1] [Power/dcm] MCUSYS_PAR_WRAP_NON_SEC_GIC_SPI_SLOW_CK_CFG                 (0xffffffc080a352e0): 0x00000001
[    0.358415][    T1] [Power/dcm] MCUSYS_PAR_WRAP_NON_SEC_L3GIC_ARCH_CG_CONFIG                (0xffffffc080a35294): 0x00000001
[    0.358418][    T1] [Power/dcm] MCUSYS_PAR_WRAP_NON_SEC_L3_SHARE_DCM_CTRL                   (0xffffffc080a35078): 0x00000001
[    0.358421][    T1] [Power/dcm] MCUSYS_PAR_WRAP_NON_SEC_MP0_DCM_CFG0                        (0xffffffc080a3527c): 0x01ffffff
[    0.358424][    T1] [Power/dcm] MCUSYS_PAR_WRAP_NON_SEC_MP_ADB_DCM_CFG0                     (0xffffffc080a35270): 0x00010007
[    0.358427][    T1] [Power/dcm] MCUSYS_PAR_WRAP_NON_SEC_MP_CENTRAL_FABRIC_SUB_CHANNEL_CG    (0xffffffc080a352b8): 0x00000001
[    0.358430][    T1] [Power/dcm] MCUSYS_PAR_WRAP_NON_SEC_QDCM_CONFIG0                        (0xffffffc080a35280): 0x01111001
[    0.358433][    T1] [Power/dcm] MCUSYS_PAR_WRAP_NON_SEC_QDCM_CONFIG1                        (0xffffffc080a35284): 0x00001111
[    0.358436][    T1] [Power/dcm] MCUSYS_PAR_WRAP_NON_SEC_QDCM_CONFIG2                        (0xffffffc080a35288): 0x99999999
[    0.358439][    T1] [Power/dcm] MCUSYS_PAR_WRAP_NON_SEC_QDCM_CONFIG3                        (0xffffffc080a3528c): 0x00009999
[    0.358442][    T1] [Power/dcm] VDNR_DCM_TOP_APINFRA_MEM_INTF_PAR_BUS_u_APINFRA_MEM_INTF_PAR_BUS_CTRL_0(0xffffffc080a4d000): 0x80822012
[    0.358449][    T1] [Power/dcm] current sw version: 1
[    0.358452][    T1] [Power/dcm] B0_VDNR_DCM_TOP_PERI_PAR_BUS_u_PERI_PAR_BUS_CTRL_0          (0xffffffc080a5d020): 0x22014923
[    0.358456][    T1] [Power/dcm] B0_VDNR_DCM_TOP_PERI_PAR_BUS_u_PERI_PAR_BUS_CTRL_1          (0xffffffc080a5d024): 0x04403010
[    0.358459][    T1] [Power/dcm] B0_VDNR_DCM_TOP_PERI_PAR_BUS_u_PERI_PAR_BUS_CTRL_2          (0xffffffc080a5d028): 0x04403010
[    0.358462][    T1] [Power/dcm] B0_VDNR_DCM_TOP_PERI_PAR_BUS_u_PERI_PAR_BUS_CTRL_3          (0xffffffc080a5d02c): 0x04407930
[    0.358466][    T1] [Power/dcm] VDNR_DCM_TOP_VLP_PAR_BUS_TOP_u_VLP_PAR_BUS_TOP_CTRL_0       (0xffffffc080a6505c): 0x80802027
[    0.358469][    T1] [Power/dcm] [dcm_restore]type:0x00000000, INIT_DCM_TYPE_BY_K=0x0
[    0.362491][    T1] mtk_iommu: debug mtk_m4u_dbg_probe start, smmu_v3_enable:1
[    0.368834][    T1] emicen was loaded
[    0.369045][    T1] emicen_drv 10469000.emicen: driver probed
[    0.369070][    T1] emicen_drv 10469000.emicen: cen->offset 0x80000000
[    0.369097][    T1] emicen_drv 10469000.emicen: No chn_swap info
[    0.369100][    T1] emicen_drv 10469000.emicen: No chn_swap info
[    0.369103][    T1] emicen_drv 10469000.emicen: No chn_swap info
[    0.369105][    T1] emicen_drv 10469000.emicen: No chn_swap info
[    0.369108][    T1] emicen_drv 10469000.emicen: cen->chn_swap[0] 0
[    0.369111][    T1] emicen_drv 10469000.emicen: cen->chn_swap[1] 1
[    0.369114][    T1] emicen_drv 10469000.emicen: cen->chn_swap[2] 2
[    0.369117][    T1] emicen_drv 10469000.emicen: cen->chn_swap[3] 3
[    0.369120][    T1] emicen_drv 10469000.emicen: No a2d-conf-offset
[    0.369123][    T1] emicen_drv 10469000.emicen: No a2d-chn-conf-offset
[    0.369126][    T1] a2d_cen: 0xf053f154, 0x10000000, 0x88880043, 0x10804330, 0xc0, 0x9044000
[    0.369130][    T1] a2d_chn: 0x488fc51, 0x80c5, 0x1ac00901
[    0.369133][    T1] emicen_drv 10469000.emicen: version(2) ch_cnt(4), rk_cnt(2)
[    0.369137][    T1] emicen_drv 10469000.emicen: rk_size0(0x200000000)
[    0.369140][    T1] emicen_drv 10469000.emicen: rk_size1(0x200000000)
[    0.369143][    T1] emicen_drv 10469000.emicen: a2d-disph 0xe
[    0.369146][    T1] emicen_drv 10469000.emicen: a2d-hash 0xb
[    0.369149][    T1] emicen_drv 10469000.emicen: emi_a2d_emi_cen[0] 0xf053f154
[    0.369152][    T1] emicen_drv 10469000.emicen: emi_a2d_emi_cen[1] 0x10000000
[    0.369155][    T1] emicen_drv 10469000.emicen: emi_a2d_emi_cen[2] 0x88880043
[    0.369158][    T1] emicen_drv 10469000.emicen: emi_a2d_emi_cen[3] 0x10804330
[    0.369160][    T1] emicen_drv 10469000.emicen: emi_a2d_emi_cen[4] 0xc0
[    0.369164][    T1] emicen_drv 10469000.emicen: emi_a2d_emi_cen[5] 0x9044000
[    0.369166][    T1] emicen_drv 10469000.emicen: emi_a2d_emi_chn[0] 0x488fc51
[    0.369169][    T1] emicen_drv 10469000.emicen: emi_a2d_emi_chn[1] 0x80c5
[    0.369172][    T1] emicen_drv 10469000.emicen: emi_a2d_emi_chn[2] 0x1ac00901
[    0.369587][    T1] emiisu wad loaded
[    0.369699][    T1] emiisu_drv soc:emiisu: driver probed
[    0.369712][    T1] emiisu_probe: Turn off EMIISU dump
[    0.369715][    T1] set_isu_ctrl_flag: lsu_ctrl_flag_last: 0xffffffff
[    0.369717][    T1] set_isu_ctrl_flag: cur_ctrl_trace_idx=0
[    0.369721][    T1] set_isu_ctrl_flag: isu_ctrl_trace[0]: ts=369720616, val=1f, readback=dec0dec0
[    0.369725][    T1] set_isu_ctrl_flag: KERN_REC_OFF_PROBE
[    0.369727][    T1] emiisu_drv soc:emiisu: buf_size(400000),buf_addr(ffffffc081800000),ver_addr(ffffffc080afd8e4),con_addr(ffffffc080c058d0),ctrl_intf(1)
[    0.372942][    T1] arm-smmu-v3 14900000.iommu: [arm_smmu_device_dt_probe] coherent:1(256), options:0x0, features:0x100
[    0.372960][    T1] arm-smmu-v3 14900000.iommu: [arm_smmu_device_probe] res:0x14900000~0x14adffff, ioaddr:0x14900000, base:0xffffffc080ae5000, page1:0xffffffc080aed000, wp:0xffffffc080af5000
[    0.372969][    T1] arm-smmu-v3 14900000.iommu: [mtk_smmu_data_init] plat_data{smmu_plat:1, flags:0x944, smmu_type:2}
[    0.372975][    T1] mtk-smmu-v3: [mtk_smmu_config_translation] smmu:SOCSYS, trans:0x3, ret:0
[    0.372980][    T1] arm-smmu-v3 14900000.iommu: [populate_iommu_groups] groups_node full_name:iommu-groups, nr_groups:1
[    0.372993][    T1] mtk-smmu-v3: populate_iommu_groups, group label=soc_common, id=0x0000000000000000
[    0.372997][    T1] arm-smmu-v3 14900000.iommu: [populate_iommu_groups], group label=soc_common, id=0x0000000000000000, domain_type=0x3, smmu_type=2
[    0.373002][    T1] mtk-smmu-v3: [mtk_smmu_irq_pause_timer_init] smmu:SOCSYS
[    0.373051][    T1] arm-smmu-v3 14900000.iommu: [arm_smmu_probe_irq] combined irq:347
[    0.373055][    T1] arm-smmu-v3 14900000.iommu: [arm_smmu_device_probe] delay_hw_init:0
[    0.373061][    T1] arm-smmu-v3 14900000.iommu: [arm_smmu_device_hw_probe] coherent:1, IDR0:0x0=0x80f363f, split:8
[    0.373069][    T1] arm-smmu-v3 14900000.iommu: ias 40-bit, oas 36-bit (features 0x0000dfae)
[    0.373469][    T1] arm-smmu-v3 14900000.iommu: allocated 16384 entries for cmdq
[    0.373594][    T1] arm-smmu-v3 14900000.iommu: allocated 32768 entries for evtq
[    0.373659][    T1] [arm_smmu_init_bypass_stes] strtab:0xffffff8080240000, nent:256, bypass:0, force:0, val:0x9
[    0.373664][    T1] arm-smmu-v3 14900000.iommu: [mtk_smmu_hw_init] plat_data{smmu_plat:1, flags:0x944, smmu:SOCSYS}
[    0.373668][    T1] arm-smmu-v3 14900000.iommu: [arm_smmu_sid_in_range] ret:1 sid:0, num_l1_ents:256, limit:256
[    0.373671][    T1] arm-smmu-v3 14900000.iommu: [smmu_init_wpcfg] start, wp_base:0xffffffc080af5000
[    0.373680][    T1] arm-smmu-v3 14900000.iommu: [smmu_init_wpcfg] AXSLC done SMMU_TCU_CTL1_AXSLC(0xffffffc080af5204)=0x28100e2
[    0.373684][    T1] arm-smmu-v3 14900000.iommu: [smmu_init_wpcfg] GLB_CTL0(0xffffffc080af5000)=0x1c0805
[    0.374232][    T1] arm-smmu-v3 14900000.iommu: [arm_smmu_device_probe] device_reset:0
[    0.374686][    T1] arm-smmu-v3 4c000000.iommu: [arm_smmu_device_dt_probe] coherent:1(256), options:0x0, features:0x100
[    0.374697][    T1] arm-smmu-v3 4c000000.iommu: [arm_smmu_device_probe] res:0x4c000000~0x4c1dffff, ioaddr:0x4c000000, base:0xffffffc080c15000, page1:0xffffffc080c1d000, wp:0xffffffc080c2d000
[    0.374711][    T1] arm-smmu-v3 4c000000.iommu: [mtk_smmu_data_init] plat_data{smmu_plat:1, flags:0x9e0, smmu_type:1}
[    0.374715][    T1] arm-smmu-v3 4c000000.iommu: parse tcu-prefetch:2
