[    0.000000][    T0] Booting Linux on physical CPU 0x0000000000 [0x410fd811]
[    0.000000][    T0] Linux version 6.6.89-android15-8-ge6068c2aa11d-abogki454747580-4k (kleaf@build-host) (Android (11368308, +pgo, +bolt, +lto, +mlgo, based on r510928) clang version 18.0.0 (https://android.googlesource.com/toolchain/llvm-project 477610d4d0d988e69dbc3fae4fe86bff3f07f2b5), LLD 18.0.0) #1 SMP PREEMPT Tue Oct 28 11:42:57 UTC 2025
[    0.000000][    T0] KASLR enabled
[    0.000000][    T0] Machine model: MT6991
[    0.000000][    T0] stackdepot: disabled
[    0.000000][    T0] KVM is not available. Ignoring kvm-arm.mode
[    0.000000][    T0] efi: UEFI not found.
[    0.000000][    T0] OF: reserved mem: 0x0000000080000000..0x000000008000ffff (64 KiB) map non-reusable mkp-kernel-code-protection-memory
[    0.000000][    T0] OF: reserved mem: 0x000000012fe70000..0x000000012fffffff (1600 KiB) map non-reusable ccci-dpmaif-cache-memory
[    0.000000][    T0] OF: reserved mem: 0x000000012fe20000..0x000000012fe6ffff (320 KiB) nomap non-reusable ccci-dpmaif-nocache-memory
[    0.000000][    T0] Reserved memory: created CMA memory pool at 0x0000000122000000, size 208 MiB
[    0.000000][    T0] OF: reserved mem: initialized node ssmr-reserved-cma-memory, compatible id shared-dma-pool
[    0.000000][    T0] OF: reserved mem: 0x0000000122000000..0x000000012effffff (212992 KiB) map reusable ssmr-reserved-cma-memory
[    0.000000][    T0] OF: reserved mem: 0x0000000088080000..0x000000008808ffff (64 KiB) nomap non-reusable mblock-1-aee_debug_kinfo
[    0.000000][    T0] OF: reserved mem: 0x0000000088090000..0x000000008809ffff (64 KiB) nomap non-reusable mblock-3-minirdump
[    0.000000][    T0] OF: reserved mem: 0x0000000088410000..0x000000008841ffff (64 KiB) nomap non-reusable mblock-6-crypto_hw
[    0.000000][    T0] OF: reserved mem: 0x0000000088800000..0x00000000889fffff (2048 KiB) nomap non-reusable mblock-4-BL31-reserved
[    0.000000][    T0] OF: reserved mem: 0x000000008be00000..0x000000008c9fffff (12288 KiB) nomap non-reusable mblock-52-debug_met_res-ram
[    0.000000][    T0] OF: reserved mem: 0x000000008ca00000..0x000000008cbfffff (2048 KiB) nomap non-reusable mblock-37-apu_sapu_apurvgzctrlshm
[    0.000000][    T0] OF: reserved mem: 0x000000008cd30000..0x000000008cffffff (2880 KiB) nomap non-reusable mblock-36-apu_apusys-rv_aee-coredump
[    0.000000][    T0] OF: reserved mem: 0x000000008d000000..0x000000008e50ffff (21568 KiB) nomap non-reusable mblock-31-reserve-memory-scp_share
[    0.000000][    T0] OF: reserved mem: 0x000000008e600000..0x000000008ebfffff (6144 KiB) nomap non-reusable mblock-35-apu_apusys-rv_secure
[    0.000000][    T0] OF: reserved mem: 0x000000008ec00000..0x000000008effffff (4096 KiB) nomap non-reusable mblock-34-apu_sdsp_mvpugzshmdata
[    0.000000][    T0] OF: reserved mem: 0x000000008f000000..0x000000008fdfffff (14336 KiB) nomap non-reusable mblock-19-scp_aov_reserved
[    0.000000][    T0] OF: reserved mem: 0x000000008fe00000..0x000000008fffffff (2048 KiB) nomap non-reusable mblock-33-apu_sdsp_mvpugzshmalgo
[    0.000000][    T0] OF: reserved mem: 0x0000000090370000..0x000000009047ffff (1088 KiB) nomap non-reusable mblock-56-sspm_ap-shared
[    0.000000][    T0] OF: reserved mem: 0x0000000090480000..0x00000000906fffff (2560 KiB) nomap non-reusable mblock-26-SSPM-reserved
[    0.000000][    T0] OF: reserved mem: 0x00000000aec00000..0x00000000aef0ffff (3136 KiB) nomap non-reusable mblock-2-pstore
[    0.000000][    T0] OF: reserved mem: 0x00000000b8000000..0x00000000b8f7ffff (15872 KiB) nomap non-reusable mblock-30-SCP-reserved
[    0.000000][    T0] OF: reserved mem: 0x00000000bd200000..0x00000000bdffffff (14336 KiB) nomap non-reusable mblock-46-me_vcp_reserved
[    0.000000][    T0] OF: reserved mem: 0x00000000be000000..0x00000000beafffff (11264 KiB) map non-reusable mblock-5-aee_lk
[    0.000000][    T0] OF: reserved mem: 0x00000000bf000000..0x00000000bf4fffff (5120 KiB) nomap non-reusable mblock-28-tee-secmem
[    0.000000][    T0] OF: reserved mem: 0x00000000bf6e0000..0x00000000bf7fffff (1152 KiB) nomap non-reusable mblock-27-MCUPM-reserved
[    0.000000][    T0] OF: reserved mem: 0x00000000bf800000..0x00000000bfbfffff (4096 KiB) nomap non-reusable mblock-10-emi_isu_buf
[    0.000000][    T0] OF: reserved mem: 0x00000000bfc00000..0x00000000bfdfffff (2048 KiB) nomap non-reusable mblock-12-atf-log-reserved
[    0.000000][    T0] OF: reserved mem: 0x00000000bffe0000..0x00000000bffeffff (64 KiB) nomap non-reusable mblock-38-ccci_tag_mem
[    0.000000][    T0] OF: reserved mem: 0x00000000bfff0000..0x00000000bfffffff (64 KiB) nomap non-reusable mblock-9-emi_mbist_buf
[    0.000000][    T0] OF: reserved mem: 0x00000000c0000000..0x00000000c01fffff (2048 KiB) nomap non-reusable mblock-32-mm_ccu_reserved
[    0.000000][    T0] OF: reserved mem: 0x00000000d2000000..0x00000000d355ffff (21888 KiB) nomap non-reusable mblock-40-ap_md_c_smem
[    0.000000][    T0] OF: reserved mem: 0x00000000d4000000..0x00000000d413ffff (1280 KiB) nomap non-reusable mblock-20-ap_md_nc_smem
[    0.000000][    T0] OF: reserved mem: 0x00000000d6000000..0x00000000d873ffff (40192 KiB) nomap non-reusable mblock-39-md_mem_usage
[    0.000000][    T0] OF: reserved mem: 0x00000000d9000000..0x00000000d914ffff (1344 KiB) nomap non-reusable mblock-41-md_mem_usage
[    0.000000][    T0] OF: reserved mem: 0x00000000da000000..0x00000000e095ffff (107904 KiB) nomap non-reusable mblock-42-md_mem_usage
[    0.000000][    T0] OF: reserved mem: 0x00000000e0a00000..0x00000000e0ebffff (4864 KiB) nomap non-reusable mblock-43-md_mem_usage
[    0.000000][    T0] Reserved memory: created CMA memory pool at 0x00000000e7000000, size 84 MiB
[    0.000000][    T0] OF: reserved mem: initialized node mblock-51-shared-dma-pool_wifi-tx-cma-reserve-memory_cma, compatible id shared-dma-pool
[    0.000000][    T0] OF: reserved mem: 0x00000000e7000000..0x00000000ec3fffff (86016 KiB) map reusable mblock-51-shared-dma-pool_wifi-tx-cma-reserve-memory_cma
[    0.000000][    T0] OF: reserved mem: 0x00000000ed000000..0x00000000edbfffff (12288 KiB) nomap non-reusable mblock-47-consys_wifi_emi
[    0.000000][    T0] OF: reserved mem: 0x00000000edc00000..0x00000000ee5fffff (10240 KiB) nomap non-reusable mblock-48-consys_emi
[    0.000000][    T0] Reserved memory: created DMA memory pool at 0x00000000ee600000, size 0 MiB
[    0.000000][    T0] OF: reserved mem: initialized node mblock-49-shared-dma-pool_wifi-misc-reserve-memory_dma, compatible id shared-dma-pool
[    0.000000][    T0] OF: reserved mem: 0x00000000ee600000..0x00000000ee69ffff (640 KiB) nomap non-reusable mblock-49-shared-dma-pool_wifi-misc-reserve-memory_dma
[    0.000000][    T0] Reserved memory: created DMA memory pool at 0x00000000ee6a0000, size 25 MiB
[    0.000000][    T0] OF: reserved mem: initialized node mblock-50-shared-dma-pool_wifi-reserve-memory_dma, compatible id shared-dma-pool
[    0.000000][    T0] OF: reserved mem: 0x00000000ee6a0000..0x00000000eff9ffff (25600 KiB) nomap non-reusable mblock-50-shared-dma-pool_wifi-reserve-memory_dma
[    0.000000][    T0] OF: reserved mem: 0x00000000f0000000..0x00000000f29bffff (42752 KiB) nomap non-reusable mblock-45-adsp_image_reserved
[    0.000000][    T0] OF: reserved mem: 0x00000000f3700000..0x00000000f3ffffff (9216 KiB) nomap non-reusable mblock-44-md_mem_usage
[    0.000000][    T0] OF: reserved mem: 0x00000000f6800000..0x00000000f71fffff (10240 KiB) nomap non-reusable mblock-14-platform-debug_dfdsoc_dump
[    0.000000][    T0] OF: reserved mem: 0x00000000f7280000..0x00000000f73fffff (1536 KiB) nomap non-reusable mblock-54-me_GPUEB_SHARED
[    0.000000][    T0] OF: reserved mem: 0x00000000f7400000..0x00000000fd2fffff (97280 KiB) nomap non-reusable mblock-29-tee-reserved
[    0.000000][    T0] OF: reserved mem: 0x00000000fd400000..0x00000000fd5fffff (2048 KiB) nomap non-reusable mblock-18-me_GPUmputab_PMA
[    0.000000][    T0] OF: reserved mem: 0x00000000fd670000..0x00000000fd6affff (256 KiB) nomap non-reusable mblock-55-platform-debug_slbc_shared
[    0.000000][    T0] OF: reserved mem: 0x00000000fd6b0000..0x00000000fffeffff (42240 KiB) map non-reusable mblock-16-framebuffer
[    0.000000][    T0] OF: reserved mem: 0x000000013bc00000..0x000000013fffffff (69632 KiB) nomap non-reusable mblock-25-platform_mtksmmu_mpool
[    0.000000][    T0] OF: reserved mem: 0x000000016e000000..0x000000016ed9ffff (13952 KiB) nomap non-reusable mblock-53-adsp_shared_reserved
[    0.000000][    T0] OF: reserved mem: 0x000000027fff0000..0x000000027fffffff (64 KiB) nomap non-reusable mblock-7-dramc-rk0
[    0.000000][    T0] OF: reserved mem: 0x000000033fe00000..0x000000033fffffff (2048 KiB) nomap non-reusable mblock-17-me_cmdq_reserved
[    0.000000][    T0] OF: reserved mem: 0x000000047c800000..0x000000047c9fffff (2048 KiB) nomap non-reusable mblock-15-me_gpu_reserved
[    0.000000][    T0] OF: reserved mem: 0x000000047ca00000..0x000000047cbfffff (2048 KiB) nomap non-reusable mblock-23-mkp
[    0.000000][    T0] OF: reserved mem: 0x000000047cc00000..0x000000047cdfffff (2048 KiB) nomap non-reusable mblock-22-security_pvmfw
[    0.000000][    T0] OF: reserved mem: 0x000000047ce00000..0x000000047fdfffff (49152 KiB) nomap non-reusable mblock-21-gz
[    0.000000][    T0] OF: reserved mem: 0x000000047fe00000..0x000000047fe4ffff (320 KiB) map non-reusable mblock-24-gz-log
[    0.000000][    T0] OF: reserved mem: 0x000000047ffa0000..0x000000047ffaffff (64 KiB) nomap non-reusable mblock-13-security_dice_common
[    0.000000][    T0] OF: reserved mem: 0x000000047ffb0000..0x000000047ffeffff (256 KiB) map non-reusable mblock-11-log_store
[    0.000000][    T0] OF: reserved mem: 0x000000047fff0000..0x000000047fffffff (64 KiB) nomap non-reusable mblock-8-dramc-rk1
[    0.000000][    T0] KP  _  __                    _ ____       _       _     
[    0.000000][    T0] | |/ /___ _ __ _ __   ___| |  _ \ __ _| |_ ___| |__  
[    0.000000][    T0] | ' // _ \ '__| '_ \ / _ \ | |_) / _` | __/ __| '_ \ 
[    0.000000][    T0] | . \  __/ |  | | | |  __/ |  __/ (_| | || (__| | | |
[    0.000000][    T0] |_|\_\___|_|  |_| |_|\___|_|_|   \__,_|\__\___|_| |_|
[    0.000000][    T0] KP Kernel pa: 80000000
[    0.000000][    T0] KP Kernel va: ffffffea4f600000
[    0.000000][    T0] KP Kernel Version: 60659
[    0.000000][    T0] KP KernelPatch Version: d00
[    0.000000][    T0] KP KernelPatch Config: 2
[    0.000000][    T0] KP KernelPatch Compile Time: 05:08:59 Jan 25 2026
[    0.000000][    T0] KP KernelPatch link base: d000, runtime base: ffffffee4b6ac000
[    0.000000][    T0] KP Kernel stext prot: 50000080010783
[    0.000000][    T0] KP Region: ffffffee4b6af000, ffffffee4be00000
[    0.000000][    T0] KP KernelPatch start prot: 4800047c0af703
[    0.000000][    T0] KP Text: ffffffee4b6af000, ffffffee4b6c7640
[    0.000000][    T0] KP Data: ffffffee4b6cf000, ffffffee4b6d8260
[    0.000000][    T0] KP Extra: ffffffee4b6df000, ffffffee4b6ff320
[    0.000000][    T0] KP Hook: ffffffee4b700000, ffffffee4b800000
[    0.000000][    T0] KP RW: ffffffee4b800000, ffffffee4ba00000
[    0.000000][    T0] KP ROX: ffffffee4ba00000, ffffffee4be00000
[    0.000000][    T0] KP add vmalloc area: ffffffee4b6af000, 751000
[    0.000000][    T0] KP Restore: ffffffea504a99b0, ffffffea504a9f70
[    0.000000][    T0] KP ID_AA64AFR0_EL1: 0
[    0.000000][    T0] KP ID_AA64AFR1_EL1: 0
[    0.000000][    T0] KP ID_AA64DFR0_EL1: 100f11f310305719
[    0.000000][    T0] KP ID_AA64DFR1_EL1: 0
[    0.000000][    T0] KP ID_AA64MMFR0_EL1: 2100022200101122
[    0.000000][    T0] KP ID_AA64MMFR1_EL1: 1001111010312122
[    0.000000][    T0] KP ID_AA64MMFR2_EL1: 1221011110101011
[    0.000000][    T0] KP ID_AA64PFR0_EL1: 1201111123111111
[    0.000000][    T0] KP ID_AA64PFR1_EL1: 10321
[    0.000000][    T0] KP MAIR_EL1: 40044ffff
[    0.000000][    T0] KP MIDR_EL1: 410fd811
[    0.000000][    T0] KP MPIDR_EL1: 81000000
[    0.000000][    T0] KP REVIDR_EL1: 3
[    0.000000][    T0] KP SCTLR_EL1: 200002034f4d99d
[    0.000000][    T0] KP TCR_EL1: 45000f2b5593519
[    0.000000][    T0] KP TTBR0_EL1: 81cd3000
[    0.000000][    T0] KP TTBR1_EL1: 81cd4000
[    0.000000][    T0] KP gen rand key: HADiXEnS7ubEJmP
[    0.000000][    T0] KP Symbol: ffffffee4b6d66d0, ffffffee4b6d8260
[    0.000000][    T0] KP sys_call_table addr: ffffffea50690cb8
[    0.000000][    T0] KP compat_sys_call_table addr: ffffffea506973b0
[    0.000000][    T0] KP syscall config_compat: 1
[    0.000000][    T0] KP syscall has_wrapper: 1
[    0.000000][    T0] [+] KP D panic addr: ffffffea5064dca4
[    0.000000][    T0] [+] KP V Wrap func: ffffffea5064dca4, origin: ffffffea5064dca4, replace: ffffffee4b700290, relocate: ffffffee4b700068, chain: ffffffee4b700010
[    0.000000][    T0] [+] KP V Wrap chain add: ffffffea5064dca4, ffffffee4b6b5b20, 0 successed
[    0.000000][    T0] [+] KP V Wrap func: ffffffea5064dca4 succsseed
[    0.000000][    T0] KP hook panic rc: 0
[    0.000000][    T0] [+] KP V Wrap func: ffffffea50657914, origin: ffffffea50657914, replace: ffffffee4b700760, relocate: ffffffee4b700538, chain: ffffffee4b7004e0
[    0.000000][    T0] [+] KP V Wrap chain add: ffffffea50657914, ffffffee4b6b5980, 0 successed
[    0.000000][    T0] [+] KP V Wrap func: ffffffea50657914 succsseed
[    0.000000][    T0] KP hook rest_init rc: 0
[    0.000000][    T0] [+] KP V Wrap func: ffffffea506579fc, origin: ffffffea506579fc, replace: ffffffee4b700c30, relocate: ffffffee4b700a08, chain: ffffffee4b7009b0
[    0.000000][    T0] [+] KP V Wrap chain add: ffffffea506579fc, ffffffee4b6b5894, ffffffee4b6b5880 successed
[    0.000000][    T0] [+] KP V Wrap func: ffffffea506579fc succsseed
[    0.000000][    T0] KP hook kernel_init rc: 0
[    0.000000][    T0] Zone ranges:
[    0.000000][    T0]   DMA32    empty
[    0.000000][    T0]   Normal   [mem 0x0000000080000000-0x000000047fffffff]
[    0.000000][    T0] Movable zone start for each node
[    0.000000][    T0] NoSplit zone start for each node
[    0.000000][    T0] NoMerge zone start for each node
[    0.000000][    T0] Early memory node ranges
[    0.000000][    T0]   node   0: [mem 0x0000000080000000-0x000000008807ffff]
[    0.000000][    T0]   node   0: [mem 0x0000000088080000-0x000000008809ffff]
[    0.000000][    T0]   node   0: [mem 0x00000000880a0000-0x000000008840ffff]
[    0.000000][    T0]   node   0: [mem 0x0000000088410000-0x000000008841ffff]
[    0.000000][    T0]   node   0: [mem 0x0000000088420000-0x00000000887fffff]
[    0.000000][    T0]   node   0: [mem 0x0000000088800000-0x00000000889fffff]
[    0.000000][    T0]   node   0: [mem 0x0000000088a00000-0x000000008bdfffff]
[    0.000000][    T0]   node   0: [mem 0x000000008be00000-0x000000008cbfffff]
[    0.000000][    T0]   node   0: [mem 0x000000008cc00000-0x000000008cd2ffff]
[    0.000000][    T0]   node   0: [mem 0x000000008cd30000-0x000000008e50ffff]
[    0.000000][    T0]   node   0: [mem 0x000000008e510000-0x000000008e5fffff]
[    0.000000][    T0]   node   0: [mem 0x000000008e600000-0x000000008fffffff]
[    0.000000][    T0]   node   0: [mem 0x0000000090000000-0x000000009036ffff]
[    0.000000][    T0]   node   0: [mem 0x0000000090370000-0x00000000906fffff]
[    0.000000][    T0]   node   0: [mem 0x0000000090700000-0x00000000aebfffff]
[    0.000000][    T0]   node   0: [mem 0x00000000aec00000-0x00000000aef0ffff]
[    0.000000][    T0]   node   0: [mem 0x00000000aef10000-0x00000000b7ffffff]
[    0.000000][    T0]   node   0: [mem 0x00000000b8000000-0x00000000b8f7ffff]
[    0.000000][    T0]   node   0: [mem 0x00000000b8f80000-0x00000000bd1fffff]
[    0.000000][    T0]   node   0: [mem 0x00000000bd200000-0x00000000bdffffff]
[    0.000000][    T0]   node   0: [mem 0x00000000be000000-0x00000000beffffff]
[    0.000000][    T0]   node   0: [mem 0x00000000bf000000-0x00000000bf4fffff]
[    0.000000][    T0]   node   0: [mem 0x00000000bf500000-0x00000000bf6dffff]
[    0.000000][    T0]   node   0: [mem 0x00000000bf6e0000-0x00000000bfdfffff]
[    0.000000][    T0]   node   0: [mem 0x00000000bfe00000-0x00000000bffdffff]
[    0.000000][    T0]   node   0: [mem 0x00000000bffe0000-0x00000000c01fffff]
[    0.000000][    T0]   node   0: [mem 0x00000000c0200000-0x00000000d1ffffff]
[    0.000000][    T0]   node   0: [mem 0x00000000d2000000-0x00000000d355ffff]
[    0.000000][    T0]   node   0: [mem 0x00000000d3560000-0x00000000d3ffffff]
[    0.000000][    T0]   node   0: [mem 0x00000000d4000000-0x00000000d413ffff]
[    0.000000][    T0]   node   0: [mem 0x00000000d4140000-0x00000000d5ffffff]
[    0.000000][    T0]   node   0: [mem 0x00000000d6000000-0x00000000d873ffff]
[    0.000000][    T0]   node   0: [mem 0x00000000d8740000-0x00000000d8ffffff]
[    0.000000][    T0]   node   0: [mem 0x00000000d9000000-0x00000000d914ffff]
[    0.000000][    T0]   node   0: [mem 0x00000000d9150000-0x00000000d9ffffff]
[    0.000000][    T0]   node   0: [mem 0x00000000da000000-0x00000000e095ffff]
[    0.000000][    T0]   node   0: [mem 0x00000000e0960000-0x00000000e09fffff]
[    0.000000][    T0]   node   0: [mem 0x00000000e0a00000-0x00000000e0ebffff]
[    0.000000][    T0]   node   0: [mem 0x00000000e0ec0000-0x00000000ecffffff]
[    0.000000][    T0]   node   0: [mem 0x00000000ed000000-0x00000000eff9ffff]
[    0.000000][    T0]   node   0: [mem 0x00000000effa0000-0x00000000efffffff]
[    0.000000][    T0]   node   0: [mem 0x00000000f0000000-0x00000000f29bffff]
[    0.000000][    T0]   node   0: [mem 0x00000000f29c0000-0x00000000f36fffff]
[    0.000000][    T0]   node   0: [mem 0x00000000f3700000-0x00000000f3ffffff]
[    0.000000][    T0]   node   0: [mem 0x00000000f4000000-0x00000000f67fffff]
[    0.000000][    T0]   node   0: [mem 0x00000000f6800000-0x00000000f71fffff]
[    0.000000][    T0]   node   0: [mem 0x00000000f7200000-0x00000000f727ffff]
[    0.000000][    T0]   node   0: [mem 0x00000000f7280000-0x00000000fd2fffff]
[    0.000000][    T0]   node   0: [mem 0x00000000fd300000-0x00000000fd3fffff]
[    0.000000][    T0]   node   0: [mem 0x00000000fd400000-0x00000000fd5fffff]
[    0.000000][    T0]   node   0: [mem 0x00000000fd600000-0x00000000fd66ffff]
[    0.000000][    T0]   node   0: [mem 0x00000000fd670000-0x00000000fd6affff]
[    0.000000][    T0]   node   0: [mem 0x00000000fd6b0000-0x000000012fe1ffff]
[    0.000000][    T0]   node   0: [mem 0x000000012fe20000-0x000000012fe6ffff]
[    0.000000][    T0]   node   0: [mem 0x000000012fe70000-0x000000013bbfffff]
[    0.000000][    T0]   node   0: [mem 0x000000013bc00000-0x000000013fffffff]
[    0.000000][    T0]   node   0: [mem 0x0000000140000000-0x000000016dffffff]
[    0.000000][    T0]   node   0: [mem 0x000000016e000000-0x000000016ed9ffff]
[    0.000000][    T0]   node   0: [mem 0x000000016eda0000-0x000000027ffeffff]
[    0.000000][    T0]   node   0: [mem 0x000000027fff0000-0x000000027fffffff]
[    0.000000][    T0]   node   0: [mem 0x0000000280000000-0x000000033fdfffff]
[    0.000000][    T0]   node   0: [mem 0x000000033fe00000-0x000000033fffffff]
[    0.000000][    T0]   node   0: [mem 0x0000000340000000-0x000000047c0aefff]
[    0.000000][    T0]   node   0: [mem 0x000000047c0af000-0x000000047fdfffff]
[    0.000000][    T0]   node   0: [mem 0x000000047fe00000-0x000000047ff9ffff]
[    0.000000][    T0]   node   0: [mem 0x000000047ffa0000-0x000000047ffaffff]
[    0.000000][    T0]   node   0: [mem 0x000000047ffb0000-0x000000047ffeffff]
[    0.000000][    T0]   node   0: [mem 0x000000047fff0000-0x000000047fffffff]
[    0.000000][    T0] Initmem setup node 0 [mem 0x0000000080000000-0x000000047fffffff]
[    0.000000][    T0] cma: Reserved 16 MiB at 0x0000000100000000 on node -1
[    0.000000][    T0] psci: probing for conduit method from DT.
[    0.000000][    T0] psci: PSCIv1.1 detected in firmware.
[    0.000000][    T0] psci: Using standard PSCI v0.2 function IDs
[    0.000000][    T0] psci: MIGRATE_INFO_TYPE not supported.
[    0.000000][    T0] psci: SMC Calling Convention v1.4
[    0.000000][    T0] Load bootconfig: 816 bytes 48 nodes
[    0.000000][    T0] percpu: Embedded 31 pages/cpu s88552 r8192 d30232 u126976
[    0.000000][    T0] Detected PIPT I-cache on CPU0
[    0.000000][    T0] CPU features: SYS_ID_AA64MMFR1_EL1[11:8]: forced to 0
[    0.000000][    T0] CPU features: SYS_ID_AA64PFR1_EL1[11:8]: forced to 0
[    0.000000][    T0] CPU features: detected: Address authentication (architected QARMA3 algorithm)
[    0.000000][    T0] CPU features: detected: GIC system register CPU interface
[    0.000000][    T0] CPU features: detected: HCRX_EL2 register
[    0.000000][    T0] CPU features: detected: Hardware dirty bit management
[    0.000000][    T0] CPU features: detected: Spectre-v4
[    0.000000][    T0] CPU features: detected: Spectre-BHB
[    0.000000][    T0] CPU features: detected: SSBS not fully self-synchronizing
[    0.000000][    T0] alternatives: applying boot alternatives
[    0.000000][    T0] Kernel command line: console=ttynull stack_depot_disable=on cgroup_disable=pressure kasan.stacktrace=off kvm-arm.mode=protected bootconfig ioremap_guard  console=tty0 root=/dev/ram nosoftlockup kasan.page_alloc.sample=1 8250.nr_uarts=6 vmalloc=400M swiotlb=noforce log_buf_len=2m firmware_class.path=/vendor/firmware cgroup.memory=nosocket,nokmem disable_dma32=on transparent_hugepage=never nohugevmalloc kvm-arm.protected_modules=pkvm_mgmt,pkvm_tmem,pkvm_smmu,pkvm_mkp rcu_nocbs=0-7 MT6379 EVT = 00 loop.max_part=7 ufshcd_core.poll_queues=0 mediatek_drm.dsi_display0=panel_aa599_p_7_a0014_dsi_cmd:PanelID-0x00990500 arm64.nomte mtk_printk_ctrl.disable_uart=1 PMIC_UVLO=NoUVLO usb2jtag_mode=0 phx_rus_conf.main_on=1 phx_rus_conf.recovery_method=2 phx_rus_conf.kernel_time=240 phx_rus_conf.android_time=250 mtkboot.sbootstate=on stack_depot_disable=off root=/dev/ram bootopt=64S3,32N2,64N2 buildvariant=user oplus_bsp_tp_custom.dsi_display0=synaptics-s3910 ramoops.mem_address=0xaec00000 ramoops.mem_size=0x310000 ramoops.
[    0.000000][    T0] cgroup: Disabling pressure control group feature
[    0.000000][    T0] Unknown kernel command line parameters "MT6379 EVT = 00 stage  count vmalloc=400M PMIC_UVLO=NoUVLO usb2jtag_mode=0 bootopt=64S3,32N2,64N2 buildvariant=user oplus_uisoc=25372 oplus_region=151", will be passed to user space.
[    0.000000][    T0] random: crng init done
[    0.000000][    T0] printk: log_buf_len: 2097152 bytes
[    0.000000][    T0] printk: early log buf free: 111808(85%)
[    0.000000][    T0] Dentry cache hash table entries: 2097152 (order: 12, 16777216 bytes, linear)
[    0.000000][    T0] Inode-cache hash table entries: 1048576 (order: 11, 8388608 bytes, linear)
[    0.000000][    T0] Built 1 zonelists, mobility grouping on.  Total pages: 4128768
[    0.000000][    T0] mem auto-init: stack:all(zero), heap alloc:on, heap free:off
[    0.000000][    T0] stackdepot: allocating hash table via alloc_large_system_hash
[    0.000000][    T0] stackdepot hash table entries: 1048576 (order: 11, 8388608 bytes, linear)
[    0.000000][    T0] software IO TLB: SWIOTLB bounce buffer size adjusted to 16MB
[    0.000000][    T0] Memory: 15314864K/16777216K available (16896K kernel code, 2074K rwdata, 12500K rodata, 4160K init, 588K bss, 1146960K reserved, 315392K cma-reserved)
[    0.000000][    T0] SLUB: HWalign=64, Order=0-3, MinObjects=0, CPUs=8, Nodes=1
[    0.000000][    T0] 
[    0.000000][    T0] **********************************************************
[    0.000000][    T0] **   NOTICE NOTICE NOTICE NOTICE NOTICE NOTICE NOTICE   **
[    0.000000][    T0] **                                                      **
[    0.000000][    T0] ** trace_printk() being used. Allocating extra memory.  **
[    0.000000][    T0] **                                                      **
[    0.000000][    T0] ** This means that this is a DEBUG kernel and it is     **
[    0.000000][    T0] ** unsafe for production use.                           **
[    0.000000][    T0] **                                                      **
[    0.000000][    T0] ** If you see this message and you are not debugging    **
[    0.000000][    T0] ** the kernel, report this immediately to your vendor!  **
[    0.000000][    T0] **                                                      **
[    0.000000][    T0] **   NOTICE NOTICE NOTICE NOTICE NOTICE NOTICE NOTICE   **
[    0.000000][    T0] **********************************************************
[    0.000000][    T0] trace event string verifier disabled
[    0.000000][    T0] <hmbird_sched>:register minidump.
[    0.000000][    T0] rcu: Preemptible hierarchical RCU implementation.
[    0.000000][    T0] rcu: 	RCU event tracing is enabled.
[    0.000000][    T0] rcu: 	RCU restricting CPUs from NR_CPUS=32 to nr_cpu_ids=8.
[    0.000000][    T0] rcu: 	RCU priority boosting: priority 1 delay 500 ms.
[    0.000000][    T0] 	Trampoline variant of Tasks RCU enabled.
[    0.000000][    T0] 	Tracing variant of Tasks RCU enabled.
[    0.000000][    T0] rcu: RCU calculated value of scheduler-enlistment delay is 25 jiffies.
[    0.000000][    T0] rcu: Adjusting geometry for rcu_fanout_leaf=16, nr_cpu_ids=8
[    0.000000][    T0] NR_IRQS: 64, nr_irqs: 64, preallocated irqs: 0
[    0.000000][    T0] GIC: enabling workaround for GICv3: ARM64 erratum 2941627
[    0.000000][    T0] GICv3: 960 SPIs implemented
[    0.000000][    T0] GICv3: 224 Extended SPIs implemented
[    0.000000][    T0] Root IRQ handler: gic_handle_irq
[    0.000000][    T0] GICv3: GICv3 features: 16 PPIs
[    0.000000][    T0] GICv3: CPU0: found redistributor 0 region 0:0x000000000c440000
[    0.000000][    T0] GICv3: GIC: PPI partition interrupt-partition-0[0] { /cpus/cpu@0[0] /cpus/cpu@1[1] /cpus/cpu@2[2] /cpus/cpu@3[3] }
[    0.000000][    T0] GICv3: GIC: PPI partition interrupt-partition-1[1] { /cpus/cpu@100[4] /cpus/cpu@101[5] /cpus/cpu@102[6] }
[    0.000000][    T0] GICv3: GIC: PPI partition interrupt-partition-2[2] { /cpus/cpu@200[7] }
[    0.000000][    T0] rcu: 	Offload RCU callbacks from CPUs: 0-7.
[    0.000000][    T0] rcu: srcu_init: Setting srcu_struct sizes based on contention.
[    0.000000][    T0] arch_timer: cp15 timer(s) running at 13.00MHz (virt).
[    0.000000][    T0] clocksource: arch_sys_counter: mask: 0xffffffffffffff max_cycles: 0x2ff89eacb, max_idle_ns: 440795202429 ns
[    0.000000][    T0] sched_clock: 56 bits at 13MHz, resolution 76ns, wraps every 4398046511101ns
[    0.001666][    T0] kfence: initialized - using 524288 bytes for 63 objects at 0x(____ptrval____)-0x(____ptrval____)
[    0.001741][    T0] Calibrating delay loop (skipped), value calculated using timer frequency.. 26.00 BogoMIPS (lpj=52000)
[    0.001746][    T0] pid_max: default: 32768 minimum: 301
[    0.001827][    T0] LSM: initializing lsm=capability,selinux,bpf,integrity
[    0.001863][    T0] SELinux:  Initializing.
[    0.001951][    T0] LSM support for eBPF active
[    0.002004][    T0] Mount-cache hash table entries: 32768 (order: 6, 262144 bytes, linear)
[    0.002020][    T0] Mountpoint-cache hash table entries: 32768 (order: 6, 262144 bytes, linear)
[    0.002332][    T0] KP entering init ...
[    0.002342][    T0] KP alias_page: ffffffc080005000
[    0.002345][    T0] KP alias_pte: 6800008268f703
[    0.002346][    T0] KP hotpatch_init done: 0
[    0.002349][    T0] [+] KP V Hook func: ffffffea4f8b7d90, origin: ffffffea4f8b7d90, replace: ffffffee4b6b6d70, relocate: ffffffee4b700ed8, chain: ffffffee4b700e80
[    0.002367][    T0] [+] KP V Hook func: ffffffea4f8b7d90 succsseed
[    0.002369][    T0] KP bypass_kcfi done: 0
[    0.002371][    T0] KP current: 
[    0.002373][    T0] KP     sp_el0: ffffffea5170e780
[    0.002374][    T0] KP     sp: ffffffea516f3d10
[    0.002425][    T0] KP     init_task addr lookup: ffffffea5170e780
[    0.002427][    T0] KP     init_thread_union addr lookup: ffffffea516f0000
[    0.002428][    T0] KP     sp_el0: current
[    0.002430][    T0] KP     init_task addr: ffffffea5170e780
[    0.002432][    T0] KP     init stack end: ffffffea516f0000
[    0.002433][    T0] KP     thread_size: 4000
[    0.002435][    T0] KP     stack_end_offset: 0
[    0.002436][    T0] KP     thread_info_in_task: 1
[    0.002441][    T0] KP     comm_offset of task: 830
[    0.002443][    T0] KP     stack offset of task: 38
[    0.002445][    T0] KP struct task_struct: 
[    0.002459][    T0] KP     init_cred addr: ffffffea51720a48
[    0.002462][    T0] KP     cred offset: 818
[    0.002463][    T0] KP     real_cred offset: 820
[    0.002473][    T0] KP     seccomp offset: 8e8
[    0.002499][    T0] KP     active_mm offset: 5a8
[    0.002514][    T0] KP struct cred: 
[    0.002536][    T0] KP     full_cap capability: ffffffff
[    0.002541][    T0] KP     cap_effective offset: 40
[    0.002542][    T0] KP     cap_inheritable offset: 30
[    0.002544][    T0] KP     cap_permitted offset: 38
[    0.002545][    T0] KP     cap_bset offset: 48
[    0.002548][    T0] KP     securebits offset: 28
[    0.002554][    T0] KP     uid offset: 8
[    0.002556][    T0] KP     euid offset: 18
[    0.002557][    T0] KP     gid offset: c
[    0.002558][    T0] KP     egid offset: 1c
[    0.002561][    T0] KP     fsuid offset: 20
[    0.002563][    T0] KP     fsgid offset: 24
[    0.002577][    T0] KP     suid offset: 10
[    0.002582][    T0] KP     sgid offset: 14
[    0.002588][    T0] KP     cap_ambient offset: 50
[    0.002599][    T0] KP struct mm_struct: 
[    0.002601][    T0] KP     pgd offset: 70
[    0.002602][    T0] KP resolve_struct done: 0
[    0.002604][    T0] [+] KP V Hook func: ffffffea4fc3765c, origin: ffffffea4fc3765c, replace: ffffffee4b6b5e00, relocate: ffffffee4b7013a8, chain: ffffffee4b701350
[    0.002616][    T0] [+] KP V Hook func: ffffffea4fc3765c succsseed
[    0.002617][    T0] [+] KP V Hook func: ffffffea4fc36550, origin: ffffffea4fc36550, replace: ffffffee4b6b5d20, relocate: ffffffee4b701878, chain: ffffffee4b701820
[    0.002630][    T0] [+] KP V Hook func: ffffffea4fc36550 succsseed
[    0.002632][    T0] KP bypass_selinux done: 0
[    0.002647][    T0] [+] KP V Wrap func: ffffffea4f6aa4a0, origin: ffffffea4f6aa4a0, replace: ffffffee4b701f70, relocate: ffffffee4b701d48, chain: ffffffee4b701cf0
[    0.002652][    T0] [+] KP V Wrap chain add: ffffffea4f6aa4a0, 0, ffffffee4b6ba054 successed
[    0.002664][    T0] [+] KP V Wrap func: ffffffea4f6aa4a0 succsseed
[    0.002667][    T0] KP hook copy_process: ffffffea4f6aa4a0, rc: 0
[    0.002668][    T0] KP task_observer done: 0
[    0.002678][    T0] [+] KP V Wrap func pointer add: ffffffea50690e20, ffffffee4b6b7b94, 0 successed
[    0.002681][    T0] KP supercall_install done: 0
[    0.002682][    T0] KP kstorage_init done: 0
[    0.002687][    T0] [+] KP D su_add_allow_uid: uid: 2000, to_uid: 0, sctx: u:r:magisk:s0, rc: 0
[    0.002692][    T0] [+] KP D su_add_allow_uid: uid: 0, to_uid: 0, sctx: u:r:magisk:s0, rc: 0
[    0.002696][    T0] KP su config: 0, enable: 0, wrap: 0
[    0.002704][    T0] [+] KP V Wrap func pointer add: ffffffea506913a0, ffffffee4b6b7500, 0 successed
[    0.002706][    T0] KP hook __NR_execve rc: 0
[    0.002714][    T0] [+] KP V Wrap func pointer add: ffffffea50690f30, ffffffee4b6b73d0, 0 successed
[    0.002716][    T0] KP hook __NR3264_fstatat rc: 0
[    0.002723][    T0] [+] KP V Wrap func pointer add: ffffffea50690e38, ffffffee4b6b73d0, 0 successed
[    0.002726][    T0] KP hook __NR_faccessat rc: 0
[    0.002733][    T0] [+] KP V Wrap func pointer add: ffffffea50697408, ffffffee4b6b7500, 0 successed
[    0.002735][    T0] KP hook 32 __NR_execve rc: 0
[    0.002743][    T0] [+] KP V Wrap func pointer add: ffffffea50697de8, ffffffee4b6b73d0, 0 successed
[    0.002745][    T0] KP hook 32 __NR_fstatat64 rc: 0
[    0.002753][    T0] [+] KP V Wrap func pointer add: ffffffea50697e20, ffffffee4b6b73d0, 0 successed
[    0.002755][    T0] KP hook 32 __NR_faccessat rc: 0
[    0.002756][    T0] KP su_compat_init done: 0
[    0.002758][    T0] [+] KP V Wrap func pointer add: ffffffea506913a0, ffffffee4b6be414, ffffffee4b6be3d0 successed
[    0.002760][    T0] KP hook __NR_execve rc: 0
[    0.002767][    T0] [+] KP V Wrap func pointer add: ffffffea50691580, ffffffee4b6be414, ffffffee4b6be3d0 successed
[    0.002770][    T0] KP hook __NR_execveat rc: 0
[    0.002771][    T0] KP resolve_pt_regs done: 0
[    0.002801][    T0] [+] KP V Wrap func: ffffffea4fc4f2d0, origin: ffffffea4fc4f2d0, replace: ffffffee4b704ac0, relocate: ffffffee4b704898, chain: ffffffee4b704840
[    0.002805][    T0] [+] KP V Wrap chain add: ffffffea4fc4f2d0, ffffffee4b6c09e0, ffffffee4b6c09f0 successed
[    0.002817][    T0] [+] KP V Wrap func: ffffffea4fc4f2d0 succsseed
[    0.002819][    T0] KP android_sepolicy_flags_fix done: 0
[    0.002820][    T0] [+] KP V Wrap func pointer add: ffffffea506913a0, ffffffee4b6c11a0, ffffffee4b6c0bf4 successed
[    0.002822][    T0] KP hook __NR_execve rc: 0
[    0.002823][    T0] [+] KP V Wrap func pointer add: ffffffea50691580, ffffffee4b6c1174, ffffffee4b6c0c40 successed
[    0.002825][    T0] KP hook __NR_execveat rc: 0
[    0.002833][    T0] [+] KP V Wrap func pointer add: ffffffea50690e78, ffffffee4b6c1770, ffffffee4b6c0b70 successed
[    0.002835][    T0] KP hook __NR_openat rc: 0
[    0.002839][    T0] [+] KP V Wrap func: ffffffea500d70a4, origin: ffffffea500d70a4, replace: ffffffee4b705460, relocate: ffffffee4b705238, chain: ffffffee4b7051e0
[    0.002842][    T0] [+] KP V Wrap chain add: ffffffea500d70a4, ffffffee4b6c0b00, 0 successed
[    0.002854][    T0] [+] KP V Wrap func: ffffffea500d70a4 succsseed
[    0.002855][    T0] KP hook input_handle_event rc: 0
[    0.002856][    T0] KP android_user_init done: 0
[    0.002949][    T1] KP event: pre-kernel-init
[    0.002956][    T1] [+] KP D loading module: 
[    0.002957][    T1] [+] KP D     name: HymoFS
[    0.002959][    T1] [+] KP D     version: v0.0.1
[    0.002961][    T1] [+] KP D     license: GPL v2
[    0.002963][    T1] [+] KP D     author: Anatdx
[    0.002964][    T1] [+] KP D     description: HymoFS kernel patch module
[    0.002980][    T1] [+] KP I alloc module size: 54b6f
[    0.002999][    T1] [+] KP D final section addresses:
[    0.003001][    T1] [+] KP D     .text ffffffee4ba00008 9208
[    0.003010][    T1] [+] KP D     .export_symbol ffffffee4ba0b008 80
[    0.003012][    T1] [+] KP D     .text.unlikely. ffffffee4ba09210 e50
[    0.003014][    T1] [+] KP D     .rodata.cst16 ffffffee4ba0b088 10
[    0.003016][    T1] [+] KP D     .rodata.cst8 ffffffee4ba0b098 10
[    0.003017][    T1] [+] KP D     .init.text ffffffee4ba0a060 148
[    0.003019][    T1] [+] KP D     .bss ffffffee4ba0d008 42480
[    0.003021][    T1] [+] KP D     .kpm.info ffffffee4ba0b0a8 5f
[    0.003023][    T1] [+] KP D     .discard.addressable ffffffee4ba4f488 40
[    0.003025][    T1] [+] KP D     .data ffffffee4ba4f4c8 1141
[    0.003027][    T1] [+] KP D     .rodata.str1.1 ffffffee4ba0b107 ef4
[    0.003029][    T1] [+] KP D     .rodata ffffffee4ba0c000 188
[    0.003031][    T1] [+] KP D     .kpm.init ffffffee4ba50610 8
[    0.003032][    T1] [+] KP D     .kpm.ctl0 ffffffee4ba50618 8
[    0.003034][    T1] [+] KP D     .kpm.ctl1 ffffffee4ba50620 8
[    0.003036][    T1] [+] KP D     .kpm.exit ffffffee4ba50628 8
[    0.003037][    T1] [+] KP D     .plt ffffffee4ba0a1a8 4
[    0.003039][    T1] [+] KP D     .init.plt ffffffee4ba0a1ac 4
[    0.003040][    T1] [+] KP D     .text.ftrace_trampoline ffffffee4ba0a1b0 4
[    0.003042][    T1] [+] KP D     .symtab ffffffee4ba51008 1968
[    0.003044][    T1] [+] KP D     .strtab ffffffee4ba539a1 11d6
[    0.003895][    T1] [+] KP I kernel function vprintk addr: ffffffea4f74d3ac
[    0.003929][    T1] [+] KP I kernel function seq_putc addr: ffffffea4fa0b8b4
[    0.003955][    T1] [+] KP I kernel function seq_puts addr: ffffffea4fa0b8dc
[    0.003981][    T1] [+] KP I kernel function strnlen_user addr: ffffffea4fdb23ec
[    0.004003][    T1] [+] KP I kernel function _raw_spin_lock addr: ffffffea506653c8
[    0.004020][    T1] [+] KP I kernel function _raw_spin_unlock addr: ffffffea50665590
[    0.004037][    T1] [+] KP I kernel function _raw_spin_trylock addr: ffffffea506652a8
[    0.004066][    T1] [+] KP I kernel function mutex_lock addr: ffffffea5065cfb8
[    0.004091][    T1] [+] KP I kernel function mutex_unlock addr: ffffffea5065d0b4
[    0.004110][    T1] [+] KP I kernel function __rcu_read_lock addr: ffffffea4f773ba0
[    0.004136][    T1] [+] KP I kernel function __rcu_read_unlock addr: ffffffea4f773bb8
[    0.004163][    T1] [+] KP I kernel function rcu_barrier addr: ffffffea4f76e82c
[    0.004178][    T1] [+] KP I kernel function down_read addr: ffffffea5065feec
[    0.004199][    T1] [+] KP I kernel function up_read addr: ffffffea4f735740
[    0.004229][    T1] [+] KP I kernel function path_get addr: ffffffea4f9e2794
[    0.004255][    T1] [+] KP I kernel function path_put addr: ffffffea4f9e27d4
[    0.004284][    T1] [+] KP I kernel function system_state addr: ffffffea516fb240
[    0.004301][    T1] [+] KP I kernel function uts_sem addr: ffffffea5171fac0
[    0.004303][    T1] [+] KP I hymofs: resolve symbols done
[    0.004323][    T1] [+] KP I kernel function d_path addr: ffffffea4fa23068
[    0.004352][    T1] [+] KP I kernel function getname addr: ffffffea4f9e230c
[    0.004375][    T1] [+] KP I kernel function getname_uflags addr: ffffffea4f9e22e0
[    0.004396][    T1] [+] KP I kernel function vfs_getattr_nosec addr: ffffffea4f9da860
[    0.004423][    T1] [+] KP I kernel function __arm64_sys_getdents addr: ffffffea4f9ef290
[    0.004446][    T1] [+] KP I kernel function __arm64_sys_getdents64 addr: ffffffea4f9ef448
[    0.004474][    T1] [+] KP I kernel function filename_lookup addr: ffffffea4f9e2dd8
[    0.004501][    T1] [+] KP I kernel function cmdline_proc_show addr: ffffffea4fa8a744
[    0.004532][    T1] [+] KP I kernel function show_mountinfo addr: ffffffea4fa3243c
[    0.004554][    T1] [+] KP I kernel function __arm64_sys_newuname addr: ffffffea4f6ccc54
[    0.004718][    T1] [+] KP I kernel function __arm64_sys_reboot addr: ffffffea4f6e4590
[    0.004739][    T1] [+] KP I kernel function vfs_getxattr addr: ffffffea4fa0cecc
[    0.004762][    T1] [+] KP I kernel function listxattr addr: ffffffea4fa0ee10
[    0.004770][    T1] [+] KP V Wrap func: ffffffea4f6e4590, origin: ffffffea4f6e4590, replace: ffffffee4b705930, relocate: ffffffee4b705708, chain: ffffffee4b7056b0
[    0.004774][    T1] [+] KP V Wrap chain add: ffffffea4f6e4590, ffffffee4ba0745c, 0 successed
[    0.004785][    T1] [+] KP V Wrap func: ffffffea4f6e4590 succsseed
[    0.004787][    T1] [-] KP E hymofs: reboot hook active (regs)
[    0.004789][    T1] [+] KP I load_module: [HymoFS] succeed with [(null)] 
[    0.004792][    T1] KP load kpm: HymoFS, rc: 0
[    0.004946][    T1] cacheinfo: Unable to detect cache hierarchy for CPU 0
[    0.005258][    T1] RCU Tasks: Setting shift to 3 and lim to 1 rcu_task_cb_adjust=1.
[    0.005292][    T1] RCU Tasks Trace: Setting shift to 3 and lim to 1 rcu_task_cb_adjust=1.
[    0.005364][    T1] rcu: Hierarchical SRCU implementation.
[    0.005366][    T1] rcu: 	Max phase no-delay instances is 1000.
[    0.005847][    T1] dyndbg: Ignore empty _ddebug table in a CONFIG_DYNAMIC_DEBUG_CORE build
[    0.009402][    T1] EFI services will not be available.
[    0.009588][    T1] smp: Bringing up secondary CPUs ...
[    0.010156][    T0] Detected PIPT I-cache on CPU1
[    0.010186][    T0] GICv3: CPU1: found redistributor 100 region 0:0x000000000c460000
[    0.010207][    T0] CPU1: Booted secondary processor 0x0000000100 [0x410fd811]
[    0.010836][    T0] Detected PIPT I-cache on CPU2
[    0.010872][    T0] GICv3: CPU2: found redistributor 200 region 0:0x000000000c480000
[    0.010897][    T0] CPU2: Booted secondary processor 0x0000000200 [0x410fd811]
[    0.011566][    T0] Detected PIPT I-cache on CPU3
[    0.011605][    T0] GICv3: CPU3: found redistributor 300 region 0:0x000000000c4a0000
[    0.011631][    T0] CPU3: Booted secondary processor 0x0000000300 [0x410fd811]
[    0.012378][    T0] Detected PIPT I-cache on CPU4
[    0.012417][    T0] GICv3: CPU4: found redistributor 400 region 0:0x000000000c4c0000
[    0.012438][    T0] CPU4: Booted secondary processor 0x0000000400 [0x410fd821]
[    0.013105][    T0] Detected PIPT I-cache on CPU5
[    0.013143][    T0] GICv3: CPU5: found redistributor 500 region 0:0x000000000c4e0000
[    0.013164][    T0] CPU5: Booted secondary processor 0x0000000500 [0x410fd821]
[    0.013811][    T0] Detected PIPT I-cache on CPU6
[    0.013853][    T0] GICv3: CPU6: found redistributor 600 region 0:0x000000000c500000
[    0.013875][    T0] CPU6: Booted secondary processor 0x0000000600 [0x410fd821]
[    0.014586][    T0] Detected PIPT I-cache on CPU7
[    0.014638][    T0] GICv3: CPU7: found redistributor 700 region 0:0x000000000c520000
[    0.014665][    T0] CPU7: Booted secondary processor 0x0000000700 [0x410fd851]
[    0.014780][    T1] smp: Brought up 1 node, 8 CPUs
[    0.014788][    T1] SMP: Total of 8 processors activated.
[    0.014793][    T1] CPU features: detected: Branch Target Identification
[    0.014796][    T1] CPU features: detected: ARMv8.4 Translation Table Level
[    0.014799][    T1] CPU features: detected: Data cache clean to the PoU not required for I/D coherence
[    0.014801][    T1] CPU features: detected: Common not Private translations
[    0.014804][    T1] CPU features: detected: CRC32 instructions
[    0.014805][    T1] CPU features: detected: Data cache clean to Point of Deep Persistence
[    0.014807][    T1] CPU features: detected: Data cache clean to Point of Persistence
[    0.014809][    T1] CPU features: detected: Data independent timing control (DIT)
[    0.014810][    T1] CPU features: detected: E0PD
[    0.014811][    T1] CPU features: detected: Enhanced Counter Virtualization
[    0.014813][    T1] CPU features: detected: Enhanced Counter Virtualization (CNTPOFF)
[    0.014814][    T1] CPU features: detected: Enhanced Privileged Access Never
[    0.014816][    T1] CPU features: detected: Enhanced Virtualization Traps
[    0.014817][    T1] CPU features: detected: Fine Grained Traps
[    0.014819][    T1] CPU features: detected: Generic authentication (architected QARMA3 algorithm)
[    0.014821][    T1] CPU features: detected: RCpc load-acquire (LDAPR)
[    0.014822][    T1] CPU features: detected: LSE atomic instructions
[    0.014824][    T1] CPU features: detected: Privileged Access Never
[    0.014826][    T1] CPU features: detected: RAS Extension Support
[    0.014827][    T1] CPU features: detected: Speculation barrier (SB)
[    0.014828][    T1] CPU features: detected: Stage-2 Force Write-Back
[    0.014830][    T1] CPU features: detected: TLB range maintenance instructions
[    0.014831][    T1] CPU features: detected: WFx with timeout
[    0.014833][    T1] CPU features: detected: Speculative Store Bypassing Safe (SSBS)
[    0.014835][    T1] CPU features: detected: Scalable Vector Extension
[    0.014868][   T48] CPU features: detected CPU4: Activity Monitors Unit (AMU)
[    0.014868][   T56] CPU features: detected CPU5: Activity Monitors Unit (AMU)
[    0.014869][   T63] CPU features: detected CPU6: Activity Monitors Unit (AMU)
[    0.014869][   T41] CPU features: detected CPU3: Activity Monitors Unit (AMU)
[    0.014869][   T22] CPU features: detected CPU0: Activity Monitors Unit (AMU)
[    0.014869][   T34] CPU features: detected CPU2: Activity Monitors Unit (AMU)
[    0.014868][   T70] CPU features: detected CPU7: Activity Monitors Unit (AMU)
[    0.014870][   T27] CPU features: detected CPU1: Activity Monitors Unit (AMU)
[    0.014919][    T1] SVE: maximum available vector length 16 bytes per vector
[    0.014924][    T1] SVE: default vector length 16 bytes per vector
[    0.014930][    T1] CPU: All CPU(s) started at EL1
[    0.014938][    T1] alternatives: applying system-wide alternatives
[    0.045833][    T1] clocksource: jiffies: mask: 0xffffffff max_cycles: 0xffffffff, max_idle_ns: 7645041785100000 ns
[    0.045848][    T1] futex hash table entries: 2048 (order: 5, 131072 bytes, linear)
[    0.047659][    T1] pinctrl core: initialized pinctrl subsystem
[    0.048013][    T1] NET: Registered PF_NETLINK/PF_ROUTE protocol family
[    0.048964][    T1] DMA: preallocated 2048 KiB GFP_KERNEL pool for atomic allocations
[    0.048991][    T1] audit: initializing netlink subsys (disabled)
[    0.049075][   T76] audit: type=2000 audit(0.048:1): state=initialized audit_enabled=0 res=1
[    0.049085][    T1] ramoops: using module parameters
[    0.053972][    T1] pstore: Using crash dump compression: deflate
[    0.053976][    T1] printk: console [ramoops-1] enabled
[    0.054889][    T1] pstore: Registered ramoops as persistent store backend
[    0.054894][    T1] ramoops: using 0x310000@0xaec00000, ecc: 0
[    0.055038][    T1] thermal_sys: Registered thermal governor 'bang_bang'
[    0.055040][    T1] thermal_sys: Registered thermal governor 'step_wise'
[    0.055044][    T1] thermal_sys: Registered thermal governor 'user_space'
[    0.055047][    T1] thermal_sys: Registered thermal governor 'power_allocator'
[    0.055071][    T1] cpuidle: using governor menu
[    0.055329][    T1] hw-breakpoint: found 6 breakpoint and 4 watchpoint registers.
[    0.055428][    T1] ASID allocator initialised with 65536 entries
[    0.055492][    T1] Serial: AMBA PL011 UART driver
[    0.063891][    T1] /spmi@1c01a000/mt6379@e/auxadc: Fixed dependency cycle(s) with /spmi@1c01a000/mt6379@e/auxadc
[    0.063907][    T1] /spmi@1c01a000/mt6379@e/mtk-gauge: Fixed dependency cycle(s) with /spmi@1c01a000/mt6379@e/mtk-gauge
[    0.063918][    T1] /spmi@1c01a000/mt6379@e/auxadc2: Fixed dependency cycle(s) with /spmi@1c01a000/mt6379@e/auxadc2
[    0.063926][    T1] /spmi@1c01a000/mt6379@e/mtk-gauge2: Fixed dependency cycle(s) with /spmi@1c01a000/mt6379@e/mtk-gauge2
[    0.074946][    T1] OF: /ktf-mmqos-test: could not find phandle 262214
[    0.075165][    T1] OF: /soc/ccu_rproc@3c080000: could not find phandle 263105
[    0.075209][    T1] OF: /soc/ccu_rproc1@3c180000: could not find phandle 263107
[    0.078558][    T1] OF: /soc/mml0-rdma0@3e050000: could not find phandle 262212
[    0.078596][    T1] OF: /soc/mml0-rdma2@3e070000: could not find phandle 262208
[    0.078670][    T1] OF: /soc/mml0-wrot0@3e0f0000: could not find phandle 262213
[    0.078703][    T1] OF: /soc/mml0-wrot2@3e110000: could not find phandle 262209
[    0.078743][    T1] OF: /soc/mml0-rrot0@3e120000: could not find phandle 262214
[    0.078844][    T1] OF: /soc/mml1-rdma0@3e450000: could not find phandle 262244
[    0.078876][    T1] OF: /soc/mml1-rdma2@3e470000: could not find phandle 262240
[    0.078939][    T1] OF: /soc/mml1-wrot0@3e4f0000: could not find phandle 262245
[    0.078970][    T1] OF: /soc/mml1-wrot2@3e510000: could not find phandle 262241
[    0.079007][    T1] OF: /soc/mml1-rrot0@3e520000: could not find phandle 262246
[    0.079864][    T1] OF: /soc/disp-mdp-rdma0@32170000: could not find phandle 263174
[    0.079905][    T1] OF: /soc/disp-mdp-rdma1@325e0000: could not find phandle 263209
[    0.079947][    T1] OF: /soc/disp1-wdma1@325a0000: could not find phandle 263210
[    0.079986][    T1] OF: /soc/disp1-wdma2@325b0000: could not find phandle 263211
[    0.080028][    T1] OF: /soc/disp1-wdma4@325d0000: could not find phandle 263213
[    0.080075][    T1] OF: /soc/disp-ovl0-exdma2@32850000: could not find phandle 262146
[    0.080109][    T1] OF: /soc/disp-ovl0-exdma3@32860000: could not find phandle 262178
[    0.080143][    T1] OF: /soc/disp-ovl0-exdma4@32870000: could not find phandle 262787
[    0.080175][    T1] OF: /soc/disp-ovl0-exdma5@32880000: could not find phandle 262819
[    0.080206][    T1] OF: /soc/disp-ovl0-exdma6@32890000: could not find phandle 262179
[    0.080241][    T1] OF: /soc/disp-ovl0-exdma7@328a0000: could not find phandle 262147
[    0.080276][    T1] OF: /soc/disp-ovl0-exdma8@328b0000: could not find phandle 262820
[    0.080309][    T1] OF: /soc/disp-ovl0-exdma9@328c0000: could not find phandle 262788
[    0.080395][    T1] OF: /soc/disp-wdma0@329f0000: could not find phandle 262824
[    0.080443][    T1] OF: /soc/disp-ovl1-exdma2@32c50000: could not find phandle 263234
[    0.080475][    T1] OF: /soc/disp-ovl1-exdma3@32c60000: could not find phandle 263266
[    0.080508][    T1] OF: /soc/disp-ovl1-exdma4@32c70000: could not find phandle 263299
[    0.080539][    T1] OF: /soc/disp-ovl1-exdma5@32c80000: could not find phandle 263331
[    0.080572][    T1] OF: /soc/disp-ovl1-exdma6@32c90000: could not find phandle 263267
[    0.080603][    T1] OF: /soc/disp-ovl1-exdma7@32ca0000: could not find phandle 263235
[    0.080635][    T1] OF: /soc/disp-ovl1-exdma8@32cb0000: could not find phandle 263332
[    0.080668][    T1] OF: /soc/disp-ovl1-exdma9@32cc0000: could not find phandle 263300
[    0.080755][    T1] OF: /soc/disp-wdma0@32df0000: could not find phandle 263336
[    0.080960][    T1] OF: /soc/disp-oddmr0@32500000: could not find phandle 263200
[    0.081004][    T1] OF: /soc/disp-postmask0@32180000: could not find phandle 263172
[    0.081439][    T1] OF: /soc/jpgenc@38030000: could not find phandle 262375
[    0.081487][    T1] OF: /soc/jpgenc@38830000: could not find phandle 262407
[    0.081553][    T1] OF: /soc/jpgdec0@38040000: could not find phandle 262385
[    0.081594][    T1] OF: /soc/jpgdec1@38840000: could not find phandle 262417
[    0.081944][    T1] OF: /soc/cam-raw-a@3a800000: could not find phandle 262656
[    0.081989][    T1] OF: /soc/cam-yuv-a@3a880000: could not find phandle 262688
[    0.082030][    T1] OF: /soc/cam-raw-b@3a900000: could not find phandle 263520
[    0.082073][    T1] OF: /soc/cam-yuv-b@3a980000: could not find phandle 263584
[    0.082114][    T1] OF: /soc/cam-raw-c@3aa00000: could not find phandle 263552
[    0.082157][    T1] OF: /soc/cam-yuv-c@3aa80000: could not find phandle 263616
[    0.082205][    T1] OF: /soc/camsv1@3a500000: could not find phandle 262592
[    0.082249][    T1] OF: /soc/camsv2@3a510000: could not find phandle 262560
[    0.082294][    T1] OF: /soc/camsv3@3a520000: could not find phandle 263072
[    0.082341][    T1] OF: /soc/camsv4@3a530000: could not find phandle 263073
[    0.082386][    T1] OF: /soc/camsv5@3a540000: could not find phandle 263074
[    0.082430][    T1] OF: /soc/camsv6@3a550000: could not find phandle 263075
[    0.082473][    T1] OF: /soc/mraw1@3a700000: could not find phandle 262944
[    0.082515][    T1] OF: /soc/mraw2@3a710000: could not find phandle 262976
[    0.082556][    T1] OF: /soc/mraw3@3a720000: could not find phandle 262946
[    0.082599][    T1] OF: /soc/mraw4@3a730000: could not find phandle 262978
[    0.082645][    T1] OF: /soc/pda@3a750000: could not find phandle 262948
[    0.084166][    T1] /soc/i2c@139b0000/sensor1@10: Fixed dependency cycle(s) with /soc/seninf-top@3a300000/seninf-csi-port-0
[    0.084211][    T1] /soc/i2c@13a30000/sensor0@1a: Fixed dependency cycle(s) with /soc/seninf-top@3a300000/seninf-csi-port-3
[    0.084262][    T1] /soc/i2c@13ab0000/sensor2@0c: Fixed dependency cycle(s) with /soc/seninf-top@3a300000/seninf-csi-port-4
[    0.084364][    T1] /soc/typec-mux-switch: Fixed dependency cycle(s) with /spmi@1c01a000/mt6379@e/tcpc
[    0.084407][    T1] /soc/gce@300c0000: Fixed dependency cycle(s) with /soc/gce@300c0000
[    0.084417][    T1] /soc/gce@30140000: Fixed dependency cycle(s) with /soc/gce@30140000
[    0.085560][    T1] /soc/dsi@32490000: Fixed dependency cycle(s) with /soc/dsi@32490000/panel7@6
[    0.085586][    T1] /soc/dsi@32490000/panel7@6: Fixed dependency cycle(s) with /soc/dsi@32490000
[    0.087948][    T1] /soc/seninf-top@3a300000/seninf-csi-port-0: Fixed dependency cycle(s) with /soc/i2c@139b0000/sensor1@10
[    0.087963][    T1] /soc/seninf-top@3a300000/seninf-csi-port-3: Fixed dependency cycle(s) with /soc/i2c@13a30000/sensor0@1a
[    0.087975][    T1] /soc/seninf-top@3a300000/seninf-csi-port-4: Fixed dependency cycle(s) with /soc/i2c@13ab0000/sensor2@0c
[    0.089412][    T1] /soc/funnel@d041000: Fixed dependency cycle(s) with /soc/etf@d044000
[    0.089419][    T1] /soc/funnel@d041000: Fixed dependency cycle(s) with /soc/gpu-etm
[    0.089429][    T1] /soc/funnel@d041000: Fixed dependency cycle(s) with /soc/funnel0
[    0.089434][    T1] /soc/funnel@d041000: Fixed dependency cycle(s) with /soc/btm2
[    0.089440][    T1] /soc/funnel@d041000: Fixed dependency cycle(s) with /soc/btm1
[    0.089445][    T1] /soc/funnel@d041000: Fixed dependency cycle(s) with /soc/btm0
[    0.089450][    T1] /soc/funnel@d041000: Fixed dependency cycle(s) with /soc/btts
[    0.089458][    T1] /soc/etf@d044000: Fixed dependency cycle(s) with /soc/etr@d07d000
[    0.089471][    T1] /soc/etf@d044000: Fixed dependency cycle(s) with /soc/funnel@d041000
[    0.089486][    T1] /soc/etr@d07d000: Fixed dependency cycle(s) with /soc/etf@d044000
[    0.089500][    T1] /soc/btts: Fixed dependency cycle(s) with /soc/funnel@d041000
[    0.089514][    T1] /soc/btm0: Fixed dependency cycle(s) with /soc/funnel@d041000
[    0.089527][    T1] /soc/btm1: Fixed dependency cycle(s) with /soc/funnel@d041000
[    0.089541][    T1] /soc/btm2: Fixed dependency cycle(s) with /soc/funnel@d041000
[    0.089555][    T1] /soc/gpu-etm: Fixed dependency cycle(s) with /soc/funnel@d041000
[    0.089569][    T1] /soc/ete0: Fixed dependency cycle(s) with /soc/funnel0
[    0.089582][    T1] /soc/ete1: Fixed dependency cycle(s) with /soc/funnel0
[    0.089596][    T1] /soc/ete2: Fixed dependency cycle(s) with /soc/funnel0
[    0.089610][    T1] /soc/ete3: Fixed dependency cycle(s) with /soc/funnel0
[    0.089623][    T1] /soc/ete4: Fixed dependency cycle(s) with /soc/funnel0
[    0.089637][    T1] /soc/ete5: Fixed dependency cycle(s) with /soc/funnel0
[    0.089650][    T1] /soc/ete6: Fixed dependency cycle(s) with /soc/funnel0
[    0.089664][    T1] /soc/ete7: Fixed dependency cycle(s) with /soc/funnel0
[    0.089673][    T1] /soc/funnel0: Fixed dependency cycle(s) with /soc/funnel@d041000
[    0.089678][    T1] /soc/funnel0: Fixed dependency cycle(s) with /soc/ete7
[    0.089683][    T1] /soc/funnel0: Fixed dependency cycle(s) with /soc/ete6
[    0.089688][    T1] /soc/funnel0: Fixed dependency cycle(s) with /soc/ete5
[    0.089693][    T1] /soc/funnel0: Fixed dependency cycle(s) with /soc/ete4
[    0.089698][    T1] /soc/funnel0: Fixed dependency cycle(s) with /soc/ete3
[    0.089703][    T1] /soc/funnel0: Fixed dependency cycle(s) with /soc/ete2
[    0.089708][    T1] /soc/funnel0: Fixed dependency cycle(s) with /soc/ete1
[    0.089712][    T1] /soc/funnel0: Fixed dependency cycle(s) with /soc/ete0
[    0.092159][    T1] /soc/i2c@139b0000/sensor1@10: Fixed dependency cycle(s) with /soc/seninf-top@3a300000/seninf-csi-port-0
[    0.092339][    T1] /soc/i2c@13a30000/sensor0@1a: Fixed dependency cycle(s) with /soc/seninf-top@3a300000/seninf-csi-port-3
[    0.092585][    T1] /soc/i2c@13ab0000/sensor2@0c: Fixed dependency cycle(s) with /soc/seninf-top@3a300000/seninf-csi-port-4
[    0.093807][    T1] /spmi@1c01a000/mt6379@e/tcpc: Fixed dependency cycle(s) with /soc/typec-mux-switch
[    0.093831][    T1] /soc/typec-mux-switch: Fixed dependency cycle(s) with /spmi@1c01a000/mt6379@e/tcpc
[    0.094126][    T1] /soc/gce@300c0000: Fixed dependency cycle(s) with /soc/gce@300c0000
[    0.094233][    T1] /soc/gce@30140000: Fixed dependency cycle(s) with /soc/gce@30140000
[    0.098772][    T1] /soc/dsi@32490000: Fixed dependency cycle(s) with /soc/dsi@32490000/panel7@6
[    0.098824][    T1] /soc/dsi@32490000/panel7@6: Fixed dependency cycle(s) with /soc/dsi@32490000
[    0.107952][    T1] /soc/seninf-top@3a300000/seninf-csi-port-0: Fixed dependency cycle(s) with /soc/i2c@139b0000/sensor1@10
[    0.107972][    T1] /soc/seninf-top@3a300000/seninf-csi-port-3: Fixed dependency cycle(s) with /soc/i2c@13a30000/sensor0@1a
[    0.107987][    T1] /soc/seninf-top@3a300000/seninf-csi-port-4: Fixed dependency cycle(s) with /soc/i2c@13ab0000/sensor2@0c
[    0.111604][    T1] /soc/funnel@d041000: Fixed dependency cycle(s) with /soc/etf@d044000
[    0.111612][    T1] /soc/funnel@d041000: Fixed dependency cycle(s) with /soc/gpu-etm
[    0.111623][    T1] /soc/funnel@d041000: Fixed dependency cycle(s) with /soc/funnel0
[    0.111628][    T1] /soc/funnel@d041000: Fixed dependency cycle(s) with /soc/btm2
[    0.111633][    T1] /soc/funnel@d041000: Fixed dependency cycle(s) with /soc/btm1
[    0.111638][    T1] /soc/funnel@d041000: Fixed dependency cycle(s) with /soc/btm0
[    0.111643][    T1] /soc/funnel@d041000: Fixed dependency cycle(s) with /soc/btts
[    0.111698][    T1] /soc/funnel@d041000: Fixed dependency cycle(s) with /soc/etf@d044000
[    0.111716][    T1] /soc/etf@d044000: Fixed dependency cycle(s) with /soc/etr@d07d000
[    0.111730][    T1] /soc/etf@d044000: Fixed dependency cycle(s) with /soc/funnel@d041000
[    0.111783][    T1] /soc/etf@d044000: Fixed dependency cycle(s) with /soc/etr@d07d000
[    0.111810][    T1] /soc/etr@d07d000: Fixed dependency cycle(s) with /soc/etf@d044000
[    0.111852][    T1] /soc/funnel@d041000: Fixed dependency cycle(s) with /soc/btts
[    0.111877][    T1] /soc/btts: Fixed dependency cycle(s) with /soc/funnel@d041000
[    0.111920][    T1] /soc/funnel@d041000: Fixed dependency cycle(s) with /soc/btm0
[    0.111945][    T1] /soc/btm0: Fixed dependency cycle(s) with /soc/funnel@d041000
[    0.111984][    T1] /soc/funnel@d041000: Fixed dependency cycle(s) with /soc/btm1
[    0.112008][    T1] /soc/btm1: Fixed dependency cycle(s) with /soc/funnel@d041000
[    0.112048][    T1] /soc/funnel@d041000: Fixed dependency cycle(s) with /soc/btm2
[    0.112072][    T1] /soc/btm2: Fixed dependency cycle(s) with /soc/funnel@d041000
[    0.112111][    T1] /soc/funnel@d041000: Fixed dependency cycle(s) with /soc/gpu-etm
[    0.112137][    T1] /soc/gpu-etm: Fixed dependency cycle(s) with /soc/funnel@d041000
[    0.112184][    T1] /soc/ete0: Fixed dependency cycle(s) with /soc/funnel0
[    0.112220][    T1] /soc/ete1: Fixed dependency cycle(s) with /soc/funnel0
[    0.112254][    T1] /soc/ete2: Fixed dependency cycle(s) with /soc/funnel0
[    0.112288][    T1] /soc/ete3: Fixed dependency cycle(s) with /soc/funnel0
[    0.112326][    T1] /soc/ete4: Fixed dependency cycle(s) with /soc/funnel0
[    0.112359][    T1] /soc/ete5: Fixed dependency cycle(s) with /soc/funnel0
[    0.112394][    T1] /soc/ete6: Fixed dependency cycle(s) with /soc/funnel0
[    0.112429][    T1] /soc/ete7: Fixed dependency cycle(s) with /soc/funnel0
[    0.112466][    T1] /soc/ete7: Fixed dependency cycle(s) with /soc/funnel0
[    0.112490][    T1] /soc/ete6: Fixed dependency cycle(s) with /soc/funnel0
[    0.112513][    T1] /soc/ete5: Fixed dependency cycle(s) with /soc/funnel0
[    0.112536][    T1] /soc/ete4: Fixed dependency cycle(s) with /soc/funnel0
[    0.112559][    T1] /soc/ete3: Fixed dependency cycle(s) with /soc/funnel0
[    0.112583][    T1] /soc/ete2: Fixed dependency cycle(s) with /soc/funnel0
[    0.112606][    T1] /soc/ete1: Fixed dependency cycle(s) with /soc/funnel0
[    0.112632][    T1] /soc/ete0: Fixed dependency cycle(s) with /soc/funnel0
[    0.112651][    T1] /soc/funnel@d041000: Fixed dependency cycle(s) with /soc/funnel0
[    0.112672][    T1] /soc/funnel0: Fixed dependency cycle(s) with /soc/funnel@d041000
[    0.112688][    T1] /soc/funnel0: Fixed dependency cycle(s) with /soc/ete7
[    0.112706][    T1] /soc/funnel0: Fixed dependency cycle(s) with /soc/ete6
[    0.112724][    T1] /soc/funnel0: Fixed dependency cycle(s) with /soc/ete5
[    0.112741][    T1] /soc/funnel0: Fixed dependency cycle(s) with /soc/ete4
[    0.112757][    T1] /soc/funnel0: Fixed dependency cycle(s) with /soc/ete3
[    0.112772][    T1] /soc/funnel0: Fixed dependency cycle(s) with /soc/ete2
[    0.112789][    T1] /soc/funnel0: Fixed dependency cycle(s) with /soc/ete1
[    0.112807][    T1] /soc/funnel0: Fixed dependency cycle(s) with /soc/ete0
[    0.116615][    T1] OF: /dvs@3a770000: could not find phandle 262756
[    0.116892][    T1] OF: /dvp@3a770800: could not find phandle 262756
[    0.117142][    T1] OF: /dvgf@3a770c00: could not find phandle 262756
[    0.121036][    T1] /soc/usb0@16701000: Fixed dependency cycle(s) with /extcon-usb
[    0.121067][    T1] /extcon-usb: Fixed dependency cycle(s) with /soc/usb0@16701000
[    0.121261][    T1] /spmi@1c01a000/mt6379@e/led-controller/led@2: Fixed dependency cycle(s) with /mtk-composite-v4l2-1
[    0.121287][    T1] /spmi@1c01a000/mt6379@e/led-controller/led@1: Fixed dependency cycle(s) with /mtk-composite-v4l2-1
[    0.121295][    T1] /spmi@1c01a000/mt6379@e/led-controller/led@0: Fixed dependency cycle(s) with /mtk-composite-v4l2-1
[    0.121301][    T1] /mtk-composite-v4l2-1: Fixed dependency cycle(s) with /spmi@1c01a000/mt6379@e/led-controller/led@2
[    0.121308][    T1] /mtk-composite-v4l2-1: Fixed dependency cycle(s) with /spmi@1c01a000/mt6379@e/led-controller/led@1
[    0.121314][    T1] /mtk-composite-v4l2-1: Fixed dependency cycle(s) with /spmi@1c01a000/mt6379@e/led-controller/led@0
[    0.121382][    T1] /soc/i2c@13a30000/camera_ois_power@33: Fixed dependency cycle(s) with /mtk-composite-v4l2-2
[    0.121404][    T1] /soc/i2c@13a30000/camera_af_main@0c: Fixed dependency cycle(s) with /mtk-composite-v4l2-2
[    0.121412][    T1] /mtk-composite-v4l2-2: Fixed dependency cycle(s) with /soc/i2c@13a30000/camera_ois_power@33
[    0.121419][    T1] /mtk-composite-v4l2-2: Fixed dependency cycle(s) with /soc/i2c@13a30000/camera_af_main@0c
[    0.126177][    T1] Modules: 23664 pages in range for non-PLT usage
[    0.126180][    T1] Modules: 515184 pages in range for PLT usage
[    0.127899][    T1] iommu: Default domain type: Translated
[    0.127911][    T1] iommu: DMA domain TLB invalidation policy: strict mode
[    0.128106][    T1] SCSI subsystem initialized
[    0.128151][    T1] usbcore: registered new interface driver usbfs
[    0.128163][    T1] usbcore: registered new interface driver hub
[    0.128176][    T1] usbcore: registered new device driver usb
[    0.128231][    T1] mc: Linux media interface: v0.10
[    0.128245][    T1] videodev: Linux video capture interface: v2.00
[    0.128276][    T1] EDAC MC: Ver: 3.0.0
[    0.128649][    T1] scmi_core: SCMI protocol bus registered
[    0.128749][    T1] Advanced Linux Sound Architecture Driver Initialized.
[    0.129275][    T1] clocksource: Switched to clocksource arch_sys_counter
[    0.129427][    T1] VFS: Disk quotas dquot_6.6.0
[    0.129442][    T1] VFS: Dquot-cache hash table entries: 512 (order 0, 4096 bytes)
[    0.129717][    T1] NET: Registered PF_INET protocol family
[    0.129871][    T1] IP idents hash table entries: 262144 (order: 9, 2097152 bytes, linear)
[    0.134125][    T1] tcp_listen_portaddr_hash hash table entries: 8192 (order: 5, 131072 bytes, linear)
[    0.134228][    T1] Table-perturb hash table entries: 65536 (order: 6, 262144 bytes, linear)
[    0.134289][    T1] TCP established hash table entries: 131072 (order: 8, 1048576 bytes, linear)
[    0.135125][    T1] TCP bind hash table entries: 65536 (order: 9, 2097152 bytes, linear)
[    0.136369][    T1] TCP: Hash tables configured (established 131072 bind 65536)
[    0.136421][    T1] UDP hash table entries: 8192 (order: 6, 262144 bytes, linear)
[    0.136691][    T1] UDP-Lite hash table entries: 8192 (order: 6, 262144 bytes, linear)
[    0.136988][    T1] NET: Registered PF_UNIX/PF_LOCAL protocol family
[    0.137008][    T1] NET: Registered PF_XDP protocol family
[    0.137015][    T1] PCI: CLS 0 bytes, default 64
[    0.137136][   T82] Trying to unpack rootfs image as initramfs...
[    0.141319][    T1] kvm [1]: HYP mode not available
[    0.142241][    T1] Initialise system trusted keyrings
[    0.142311][    T1] workingset: timestamp_bits=46 max_order=22 bucket_order=0
[    0.142615][    T1] fuse: init (API version 7.39)
[    0.149361][    T1] Key type asymmetric registered
[    0.149370][    T1] Asymmetric key parser 'x509' registered
[    0.149397][    T1] Block layer SCSI generic (bsg) driver version 0.4 loaded (major 240)
[    0.149497][    T1] io scheduler mq-deadline registered
[    0.149501][    T1] io scheduler kyber registered
[    0.149516][    T1] io scheduler bfq registered
[    0.158456][    T1] Serial: 8250/16550 driver, 6 ports, IRQ sharing disabled
[    0.161409][    T1] printk: console [ttynull0] enabled
[    0.164571][    T1] brd: module loaded
[    0.167425][    T1] loop: module loaded
[    0.168334][    T1] wireguard: WireGuard 1.0.0 loaded. See www.wireguard.com for information.
[    0.168339][    T1] wireguard: Copyright (C) 2015-2019 Jason A. Donenfeld <Jason@zx2c4.com>. All Rights Reserved.
[    0.168679][    T1] tun: Universal TUN/TAP device driver, 1.6
[    0.170593][    T1] usbcore: registered new interface driver uas
[    0.170607][    T1] usbcore: registered new interface driver usb-storage
[    0.170692][    T1] usbcore: registered new interface driver xpad
[    0.170812][    T1] gspca_main: v2.14.0 registered
[    0.170823][    T1] usbcore: registered new interface driver uvcvideo
[    0.171585][    T1] device-mapper: uevent: version 1.0.3
[    0.171629][    T1] device-mapper: ioctl: 4.48.0-ioctl (2023-03-01) initialised: dm-devel@redhat.com
[    0.172635][    T1] sdhci: Secure Digital Host Controller Interface driver
[    0.172640][    T1] sdhci: Copyright(c) Pierre Ossman
[    0.172643][    T1] sdhci-pltfm: SDHCI platform and OF driver helper
[    0.174081][    T1] SMCCC: SOC_ID: ARCH_SOC_ID not implemented, skipping ....
[    0.174347][    T1] hid: raw HID events driver (C) Jiri Kosina
[    0.174646][    T1] usbcore: registered new interface driver usbhid
[    0.174650][    T1] usbhid: USB HID core driver
[    0.174696][    T1] ashmem: initialized
[    0.176311][    T1] hw perfevents: enabled with armv8_pmuv3 PMU driver, 32 counters available
[    0.176650][    T1] hw perfevents: enabled with armv9_cortex_x4 PMU driver, 32 counters available
[    0.176907][    T1] hw perfevents: enabled with armv9_cortex_a720 PMU driver, 21 counters available
[    0.178254][    T1] gnss: GNSS driver registered with major 505
[    0.179068][    T1] usbcore: registered new interface driver snd-usb-audio
[    0.179436][    T1] GACT probability NOT on
[    0.179448][    T1] Mirror/redirect action on
[    0.179459][    T1] netem: version 1.3
[    0.179469][    T1] u32 classifier
[    0.179472][    T1]     input device check on
[    0.179475][    T1]     Actions configured
[    0.179515][   T87] watchdog: Delayed init of the lockup detector failed: -19
[    0.179518][   T87] watchdog: Hard watchdog permanently disabled
[    0.199137][    T1] xt_time: kernel timezone is -0000
[    0.199200][    T1] ipip: IPv4 and MPLS over IPv4 tunneling driver
[    0.199389][    T1] gre: GRE over IPv4 demultiplexor driver
[    0.199393][    T1] ip_gre: GRE over IPv4 tunneling driver
[    0.199674][    T1] IPv4 over IPsec tunneling driver
[    0.199783][    T1] Initializing XFRM netlink socket
[    0.199790][    T1] IPsec XFRM device driver
[    0.199822][    T1] NET: Registered PF_INET6 protocol family
[    0.200288][    T1] Segment Routing with IPv6
[    0.200298][    T1] In-situ OAM (IOAM) with IPv6
[    0.200333][    T1] mip6: Mobile IPv6
[    0.200481][    T1] sit: IPv6, IPv4 and MPLS over IPv4 tunneling driver
[    0.200723][    T1] ip6_gre: GRE over IPv6 tunneling driver
[    0.200836][    T1] NET: Registered PF_PACKET protocol family
[    0.200842][    T1] NET: Registered PF_KEY protocol family
[    0.200940][    T1] NET: Registered PF_VSOCK protocol family
[    0.204008][    T1] registered taskstats version 1
[    0.204096][    T1] Loading compiled-in X.509 certificates
[    0.204992][    T1] Loaded X.509 cert 'Build time autogenerated kernel key: fa633b45cfd23f6eee6bae365be34db0417b73d1'
[    0.208797][    T1] page_owner is disabled
[    0.208890][    T1] Key type .fscrypt registered
[    0.208894][    T1] Key type fscrypt-provisioning registered
[    0.210660][    T1] clk: Disabling unused clocks
[    0.210672][    T1] ALSA device list:
[    0.210677][    T1]   No soundcards found.
[    0.276528][   T82] rootfs image is not initramfs (Decoding failed); looks like an initrd
[    0.301618][   T82] Freeing initrd memory: 55908K
[    0.302159][    T1] Freeing unused kernel memory: 4160K
[    0.302248][    T1] Run /init as init process
[    0.302452][    T1] KP event: post-kernel-init
[    0.303691][    T1] init: init first stage started!
[    0.306442][    T1] init: softdep lines in modules.softdep must have at least 4 entries
[    0.306455][    T1] init: softdep lines in modules.softdep must have at least 4 entries
[    0.306460][    T1] init: softdep lines in modules.softdep must have at least 4 entries
[    0.306465][    T1] init: softdep lines in modules.softdep must have at least 4 entries
[    0.306470][    T1] init: softdep lines in modules.softdep must have at least 4 entries
[    0.306475][    T1] init: softdep lines in modules.softdep must have at least 4 entries
[    0.306690][    T1] init: Loading module /lib/modules/bootprof.ko with args ''
[    0.306795][    T1] bootprof: loading out-of-tree module taints kernel.
[    0.307216][    T1] BOOTPROF: pl=1210, bl2ext=1721 ,lk=7978, logo=1506, tfa=382, sec_os=2, gz=293
[    0.307286][    T1] BOOTPROF:       307.286538: ON (TH:15)
[    0.307291][    T1] BOOTPROF:       307.291384:Kernel_init_done
[    0.307330][    T1] init: Loaded kernel module /lib/modules/bootprof.ko
[    0.307417][    T1] init: Loading module /lib/modules/mrdump.ko with args ''
[    0.308144][    T1] mboot_params:[DT] 0x800@0x11d000, 0x2(0xec0)
[    0.308153][    T1] mboot_params: [DT] 0x10000@0x88090000
[    0.308214][    T1] mboot_params: using dram:0x88081000(0x1000)
[    0.308220][    T1] mboot_params: buffer start: 0xffffffc08012d000, size: 0x1000
[    0.308224][    T1] mboot_params: last init function: 0x0
[    0.308259][    T1] mrdump_parse_chosen: mrdump_cbaddr=0x0000000088082000, mrdump_cbsize=0x0000000000008000
[    0.308265][    T1] mrdump_parse_chosen: lk version MRDUMP11
[    0.308268][    T1] mrdump_parse_chosen: ddr reserve mode no
[    0.308315][    T1] [mrdump] phys:0x88080000 - 0x88090000 (0x10000)
[    0.308327][    T1] [mrdump] rmem->priv = ffffffc080c30000
[    0.308384][    T1] mrdump_cblock_init: done.
[    0.308389][    T1] minirdump: [DT] reserved 0x88090000+0x10000->0000000097ad7e45
[    0.308418][  T102] mrdump_ka_work_func: retry in 0.1 second
[    0.309502][    T1] aee kernel api ready
[    0.310348][    T1] mrdump: hang data 0xffffff8029c00000 size:0x400000
[    0.310768][    T1] monitor_hang: monitor_hang_boot_up_enable=0.
[    0.311534][    T1] MKP: mkp_init:43 start
[    0.311541][    T1] MKP: mkp_init:55 failed, ret: -3
[    0.312081][    T1] MKP: resource base=0x0000000080000000, size=0x0000000000010000
[    0.312198][    T1] enable_action_panic: enable mkp panic
[    0.312280][  T102] aee_get_stext failed
[    0.312282][  T102] aee_get_etext failed
[    0.312285][  T102] aee_get_init_begin failed
[    0.312288][  T102] mkp: init_debug_kinfo failed
[    0.312292][  T102] MKP: mkp_protect_kernel_work_fn: retry in 0.1 second
[    0.312938][    T1] MKP: mkp_init:64 done
[    0.313471][    T1] mtk_dbgtop_drm was loaded
[    0.313631][    T1] mtk_dbgtop_drm 1000d000.drm: driver probed
[    0.313635][    T1] mtk_dbgtop_drm 1000d000.drm: mtk_dbgtop_drm_probe: version = 2.
[    0.313639][    T1] mtk_dbgtop_drm 1000d000.drm: mtk_dbgtop_drm_probe: found sec-write = 1.
[    0.313651][    T1] mtk_dbgtop_drm 1000d000.drm: base 00000000ea757d84
[    0.314896][    T1] dbg-error-flag dbg-error-flag: driver probed
[    0.315062][    T1] dbg-error-flag dbg-error-flag: get systimer-l-offset(0xac)
[    0.315068][    T1] dbg-error-flag dbg-error-flag: get systimer-h-offset(0xb0)
[    0.315071][    T1] dbg-error-flag dbg-error-flag: get irq-status-offset(0x8c)
[    0.315074][    T1] dbg-error-flag dbg-error-flag: get wdt-status-offset(0x88)
[    0.315077][    T1] dbg-error-flag dbg-error-flag: get error-type-offset(0x98)
[    0.315081][    T1] dbg-error-flag dbg-error-flag: get vlp-trace-halt-irq-mask(mask = 0x1)
[    0.315085][    T1] dbg-error-flag dbg-error-flag: get infra-lastbus-timeout-mask(mask = 0x2)
[    0.315089][    T1] dbg-error-flag dbg-error-flag: get peri-lastbus-timeout-mask(mask = 0x4)
[    0.315092][    T1] dbg-error-flag dbg-error-flag: get dram-md32-wdt-event-ch-a-mask(mask = 0x8)
[    0.315096][    T1] dbg-error-flag dbg-error-flag: get dram-md32-wdt-event-ch-b-mask(mask = 0x10)
[    0.315099][    T1] dbg-error-flag dbg-error-flag: get dram-md32-wdt-event-ch-c-mask(mask = 0x20)
[    0.315102][    T1] dbg-error-flag dbg-error-flag: get dram-md32-wdt-event-ch-d-mask(mask = 0x40)
[    0.315107][    T1] dbg-error-flag dbg-error-flag: get ap-tracker-timeout-mask(mask = 0x100)
[    0.315111][    T1] dbg-error-flag dbg-error-flag: get infra-tracker-timeout-mask(mask = 0x200)
[    0.315116][    T1] dbg-error-flag dbg-error-flag: get apu-smmu-irq-mask(mask = 0x800)
[    0.315119][    T1] dbg-error-flag dbg-error-flag: get mfg-to-soc-dfd-event-mask(mask = 0x1000)
[    0.315123][    T1] dbg-error-flag dbg-error-flag: get mminfra-smmu-irq-mask(mask = 0x2000)
[    0.315127][    T1] dbg-error-flag dbg-error-flag: get mfg-to-emi-slv-parity-mask(mask = 0x4000)
[    0.315130][    T1] dbg-error-flag dbg-error-flag: get mcu2sub-emi-m1-parity-mask(mask = 0x8000)
[    0.315133][    T1] dbg-error-flag dbg-error-flag: get mcu2sub-emi-m0-parity-mask(mask = 0x10000)
[    0.315137][    T1] dbg-error-flag dbg-error-flag: get mcu2emi-m1-parity-mask(mask = 0x20000)
[    0.315140][    T1] dbg-error-flag dbg-error-flag: get mcu2emi-m0-parity-mask(mask = 0x40000)
[    0.315144][    T1] dbg-error-flag dbg-error-flag: get mcu2infra-reg-parity-mask(mask = 0x80000)
[    0.315148][    T1] dbg-error-flag dbg-error-flag: get infra-l3-cache2mcu-parity-mask(mask = 0x100000)
[    0.315151][    T1] dbg-error-flag dbg-error-flag: get gpueb-parity-fail-mask(mask = 0x200000)
[    0.315155][    T1] dbg-error-flag dbg-error-flag: get emi-parity-cen-mask(mask = 0x400000)
[    0.315158][    T1] dbg-error-flag dbg-error-flag: get emi-parity-sub-cen-mask(mask = 0x800000)
[    0.315162][    T1] dbg-error-flag dbg-error-flag: get emi-parity-chan1-mask(mask = 0x1000000)
[    0.315165][    T1] dbg-error-flag dbg-error-flag: get emi-parity-chan2-mask(mask = 0x2000000)
[    0.315169][    T1] dbg-error-flag dbg-error-flag: get emi-parity-chan3-mask(mask = 0x4000000)
[    0.315172][    T1] dbg-error-flag dbg-error-flag: get emi-parity-chan4-mask(mask = 0x8000000)
[    0.315176][    T1] dbg-error-flag dbg-error-flag: get dramc-error-flag-ch-a-mask(mask = 0x10000000)
[    0.315180][    T1] dbg-error-flag dbg-error-flag: get dramc-error-flag-ch-b-mask(mask = 0x20000000)
[    0.315183][    T1] dbg-error-flag dbg-error-flag: get dramc-error-flag-ch-c-mask(mask = 0x40000000)
[    0.315187][    T1] dbg-error-flag dbg-error-flag: get dramc-error-flag-ch-d-mask(mask = 0x80000000)
[    0.315330][    T1] dbg-error-flag dbg-error-flag: get irq-status0-offset(0x14)
[    0.315335][    T1] dbg-error-flag dbg-error-flag: get irq-status1-offset(0x18)
[    0.315338][    T1] dbg-error-flag dbg-error-flag: get irq-systimer-l-offset(0x60)
[    0.315342][    T1] dbg-error-flag dbg-error-flag: get irq-systimer-h-offset(0x64)
[    0.315345][    T1] dbg-error-flag dbg-error-flag: get error-type-offset(0x24)
[    0.315348][    T1] dbg-error-flag dbg-error-flag: get drm-req-systimer-l-offset(0x48)
[    0.315352][    T1] dbg-error-flag dbg-error-flag: get drm-req-systimer-h-offset(0x4c)
[    0.315355][    T1] dbg-error-flag dbg-error-flag: get drm-ack-systimer-l-offset(0x50)
[    0.315359][    T1] dbg-error-flag dbg-error-flag: get drm-ack-systimer-h-offset(0x54)
[    0.315365][    T1] dbg-error-flag dbg-error-flag: get vlp-tracker-timeout-mask(mask = 0x100)
[    0.315372][    T1] dbg-error-flag dbg-error-flag: get soc-dbg-err-flag-wdt-irq-mask(mask = 0x1)
[    0.315375][    T1] dbg-error-flag dbg-error-flag: get mmu-to-soc-dfd-trigger-event-mask(mask = 0x2)
[    0.315379][    T1] dbg-error-flag dbg-error-flag: get mfg2soc-dfd-smmu-trigger-event-mask(mask = 0x4)
[    0.316581][    T1] bus_parity c1b0900.bus-parity: driver probed
[    0.316588][    T1] bus_parity c1b0900.bus-parity: nr_mcu_bpm=6, nr_infra_bpm=6
[    0.316958][    T1] bus_parity c1b0900.bus-parity: can't find node 'mediatek,bus_tracer-v1' from dts.
[    0.317081][    T1] bus_parity c1b0900.bus-parity: find node 'mediatek, soc-dbg-error-flag' from dts.
[    0.317135][    T1] get chipid 0x1357:0x8a00:0xca01:0x1.
[    0.318262][    T1] last_bus lastbus: driver probed
[    0.318269][    T1] last_bus_probe: name = debug_ctrl_ao_DBGSYS_AO
[    0.318274][    T1] last_bus_probe: name = debug_ctrl_ao_APINFRA_IO_AO
[    0.318278][    T1] last_bus_probe: name = debug_ctrl_ao_APINFRA_IO_CTRL_AO
[    0.318281][    T1] last_bus_probe: name = debug_ctrl_ao_APINFRA_DRAMC_AO
[    0.318284][    T1] last_bus_probe: name = debug_ctrl_ao_APINFRA_EMI_AO
[    0.318288][    T1] last_bus_probe: name = debug_ctrl_ao_APINFRA_BIG4_AO
[    0.318291][    T1] last_bus_probe: name = debug_ctrl_ao_APINFRA_IO_INTF_AO
[    0.318294][    T1] last_bus_probe: name = debug_ctrl_ao_APINFRA_MEM_INTF_AO
[    0.318297][    T1] last_bus_probe: name = debug_ctrl_ao_APINFRA_INT_AO
[    0.318300][    T1] last_bus_probe: name = debug_ctrl_ao_APINFRA_MMU_AO
[    0.318303][    T1] last_bus_probe: name = debug_ctrl_ao_APINFRA_SLB_AO
[    0.318307][    T1] last_bus_probe: name = debug_ctrl_ao_APINFRA_MEM_AO
[    0.318310][    T1] last_bus_probe: name = debug_ctrl_ao_APINFRA_MEM_CTRL_AO
[    0.318313][    T1] last_bus_probe: name = debug_ctrl_ao_APINFRA_SSR_AO
[    0.318316][    T1] last_bus_probe: name = debug_ctrl_ao_NEMI_AO
[    0.318319][    T1] last_bus_probe: name = debug_ctrl_ao_SEMI_AO
[    0.318322][    T1] last_bus_probe: name = debug_ctrl_ao_EMI_INFRA_AO
[    0.318325][    T1] last_bus_probe: name = debug_ctrl_ao_PERI_PAR_AO
[    0.318328][    T1] last_bus_probe: name = debug_ctrl_ao_VLP_AO
[    0.318331][    T1] last_bus_probe: name = debug_ctrl_ao_MMUP_AO
[    0.318335][    T1] last_bus lastbus: couldn't find property bus-status-offset(-22)
[    0.318338][    T1] last_bus lastbus: couldn't find property bus-status-num(-22)
[    0.318341][    T1] last_bus_probe: num_used_monitors = 20
[    0.320098][    T1] log_store: get address 0xa0d.
[    0.320105][    T1] log_store:[DT] log_store: 0x11df00@0x100
[    0.320108][    T1] log_store: get ok, sram addr:0x11df00, size:0x100
[    0.320113][    T1] log_store: sram header address 0x0000000098271c50.
[    0.320118][    T1] sig 0x5678ef90 flag 0x237 add 0x47ffb0000 size 0x40000 offsize 0x20 point 0x1a08c
[    0.320239][    T1] log_store: pmic child device not found.
[    0.320245][    T1] log_store: bootmode: 0x0 boottype: 0x2.
[    0.320248][    T1] log store:sram_dram_buff addr 0x47ffb0000, size 0x40000.
[    0.320262][    T1] [PHY layout]log_store_mem:0x47ffb0000-0x47ffeffff (0x40000)
[    0.320266][    T1] buff 00000000d3f81bc9, sig cdab3412 size 40000 pl 0, sz 1a08c lk 1a08c, sz 25f74 p c, l c
[    0.321108][    T1] proactive_compact: Register fragmentation_index interface passed!
[    0.321113][    T1] proactive_compact: proactive_compact init success!
[    0.322352][    T1] osvelte     1     1 I init            : init_kallsyms_lookup_name:250 +
[    0.322436][    T1] osvelte     1     1 I init            : osvelte_lowmem_dbg_init:765 +
[    0.322456][    T1] osvelte     1     1 I init            : mm_config_init:532 cmdline 
[    0.322763][    T1] logger: created 512K log 'osvelte'
[    0.323887][    T1] [mtk_boot_common] Roland:init_boot_common 376 0 2
[    0.324219][    T1] oplusboot: unknown parameter 'charger' ignored
[    0.325033][    T1] oplus_project_init start
[    0.325562][    T1] BOOTPROF:       325.561922: ON
[    0.325582][    T1] [PHOENIX] phx_parse_cmdline: hang_oplus_main_on 1
[    0.325587][    T1] [PHOENIX] phx_parse_cmdline: hang_oplus_recovery_method 2
[    0.325591][    T1] [PHOENIX] phx_parse_cmdline: phx_hlos_wd_pet_time 240
[    0.325594][    T1] [PHOENIX] phoenix_hlos_watchdog_init: phoenix hlos watchdog: on
[    0.325598][    T1] [PHOENIX] phx_is_qcom_platform: MTK platform
[    0.325599][    T1] [PHOENIX] phx_is_normal_mode_mtk: mtk_boot_mode: 0
[    0.325680][    T1] KE new cdt newcdt:4294967295 nVersion:1 Project:24813, Dtsi:24813, Audio:24813, nRF:43, PCB:40 eng_version:0 confidential:0
[    0.325685][    T1] Feature is: 
[    0.325686][    T1] [0]:2	
[    0.325689][    T1] [1]:0	
[    0.325691][    T1] [2]:0	
[    0.325694][    T1] [3]:0	
[    0.325696][    T1] [4]:0	
[    0.325699][    T1] [5]:0	
[    0.325701][    T1] [6]:0	
[    0.325704][    T1] [7]:0	
[    0.325706][    T1] [8]:0	
[    0.325708][    T1] [9]:0	
[    0.325711][    T1] [10]:0	
[    0.325713][    T1] [11]:0	
[    0.325716][    T1] [12]:0	
[    0.325719][    T1] [13]:0	
[    0.325721][    T1] [14]:0	
[    0.325723][    T1] [15]:0	
[    0.325726][    T1] [16]:0	
[    0.325728][    T1] [17]:0	
[    0.325731][    T1] [18]:0	
[    0.325733][    T1] [19]:0	
[    0.325735][    T1] [20]:0	
[    0.325738][    T1] [21]:0	
[    0.325740][    T1] [22]:0	
[    0.325742][    T1] [23]:0	
[    0.325745][    T1] [24]:0	
[    0.325747][    T1] [25]:0	
[    0.325750][    T1] [26]:0	
[    0.325752][    T1] [27]:0	
[    0.325754][    T1] [28]:0	
[    0.325757][    T1] [29]:0	
[    0.325759][    T1] [30]:0	
[    0.325762][    T1] [31]:0	
[    0.325764][    T1] [32]:0	
[    0.325767][    T1] [33]:0	
[    0.325769][    T1] [34]:0	
[    0.325771][    T1] [35]:0	
[    0.325774][    T1] [36]:0	
[    0.325776][    T1] [37]:0	
[    0.325779][    T1] [38]:0	
[    0.325781][    T1] [39]:0	
[    0.325784][    T1] 
[    0.325788][    T1] OCP: 0 0x0   0 0x0  
[    0.325791][    T1] oplus project info loading finished
[    0.325794][    T1] [PHOENIX] phoenix_hlos_watchdog_init: phoenix hlos watchdog pet time: 240
[    0.327853][    T1] mtk-wdt 1c010000.watchdog: error -ENXIO: IRQ index 0 not found
[    0.327863][    T1] [wdtk] kick watchdog
[    0.327934][   T86] [wdtk] kick watchdog
[    0.327941][    T1] mtk-wdt 1c010000.watchdog: Watchdog enabled (timeout=31 sec, nowayout=0)
[    0.330057][    T1] hangdet_init: compatible node found: watchdog
[    0.330069][    T1] apwdt enabled
[    0.330396][    T1] hangdet_init: compatible node found: systimer
[    0.330483][    T1] hangdet_init systimer_cnt 166644923
[    0.330488][    T1] hangdet_init set wdk_ktime 330488307
[    0.330552][   T82] [wdk] bind thread 163 to cpu 0
[    0.330594][  T163] [wdk-c] cpu=0 o_k=0 lbit=0x1 cbit=0xff,fe,7,1,330493538,1,0,0,0,0,[330587461,15000000] 31 ffffffff  
[    0.330623][  T163] 
[    0.330623][    T1] Planted kprobe at ffffffea4f795f20 for hrtimer_start_range_ns
[    0.330637][   T82] [wdk] bind thread 164 to cpu 1
[    0.330683][  T164] [wdk-c] cpu=1 o_k=1 lbit=0x3 cbit=0xff,fc,7,1,330493538,3,0,0,0,0,[330676615,14999908] 31 ffffffff  
[    0.330720][    T1] Planted kprobe at ffffffea4f7a72b8 for hrtimer_start_range_ns
[    0.330721][  T164] 
[    0.330725][    T1] reboot set flag, old value 0x6c002000, 1.
[    0.330731][    T1] reboot set flag new value 0x6c002800.
[    0.330738][   T82] [wdk] bind thread 165 to cpu 2
[    0.330777][  T165] [wdk-c] cpu=2 o_k=2 lbit=0x7 cbit=0xff,f8,7,1,330493538,7,0,0,0,0,[330771076,14999813] 31 ffffffff  
[    0.330787][  T165] 
[    0.330801][   T82] [wdk] bind thread 166 to cpu 3
[    0.330847][  T166] [wdk-c] cpu=3 o_k=3 lbit=0xf cbit=0xff,f0,7,1,330493538,f,0,0,0,0,[330838769,14999746] 31 ffffffff  
[    0.330858][  T166] 
[    0.330890][   T82] [wdk] bind thread 167 to cpu 4
[    0.330962][   T82] [wdk] bind thread 168 to cpu 5
[    0.330990][  T168] [wdk-c] cpu=5 o_k=5 lbit=0x2f cbit=0xff,d0,7,1,330493538,3f,0,0,0,0,[330985922,14999596] 31 ffffffff  
[    0.330996][  T168] 
[    0.331026][   T82] [wdk] bind thread 169 to cpu 6
[    0.331053][  T169] [wdk-c] cpu=6 o_k=6 lbit=0x6f cbit=0xff,90,7,1,330493538,7f,0,0,0,0,[331049922,14999532] 31 ffffffff  
[    0.331056][  T169] 
[    0.331076][   T82] [wdk] bind thread 170 to cpu 7
[    0.331082][   T82] [wdk] WDT start kicker done CPU_NR=8 online cpu NR8
[    0.331085][   T82] [wdk]init_wk done late_initcall cpus_kick_bit=0xff -----
[    0.331115][  T170] [wdk-c] cpu=7 o_k=7 lbit=0xef cbit=0xff,10,7,1,330493538,ff,0,0,0,0,[331108076,14999475] 31 ffffffff  
[    0.331128][  T170] 
[    0.331709][  T167] [thread:167] 1970-01-01 00:00:00.330438 UTC;android time 1970-01-01 00:00:00.330438
[    0.331773][  T167] [wdk-k] cpu=4 o_k=4 lbit=0xff cbit=0xff,0,7,1,330493538,ff,0,0,0,0,[331703461,14998879] 31 ffffffff  
[    0.331776][  T167] 
[    0.333361][    T1] [DEVAPC]: driver registered
[    0.333372][    T1] [DEVAPC]: subsys_enabled[0]:1
[    0.333376][    T1] [DEVAPC]: subsys_enabled[1]:1
[    0.333381][    T1] [DEVAPC]: subsys_enabled[2]:1
[    0.333386][    T1] [DEVAPC]: subsys_enabled[3]:1
[    0.333392][    T1] [DEVAPC]: subsys_enabled[4]:1
[    0.333398][    T1] [DEVAPC]: subsys_enabled[5]:1
[    0.333402][    T1] [DEVAPC]: subsys_enabled[6]:1
[    0.333406][    T1] [DEVAPC]: subsys_enabled[7]:1
[    0.333412][    T1] [DEVAPC]: subsys_enabled[8]:1
[    0.333525][    T1] [DEVAPC]: IRQ[0]:32
[    0.333539][    T1] [DEVAPC]: IRQ[1]:33
[    0.333551][    T1] [DEVAPC]: IRQ[2]:34
[    0.333562][    T1] [DEVAPC]: IRQ[3]:35
[    0.333573][    T1] [DEVAPC]: IRQ[4]:36
[    0.333585][    T1] [DEVAPC]: IRQ[5]:37
[    0.333596][    T1] [DEVAPC]: IRQ[6]:38
[    0.333614][    T1] [DEVAPC]: IRQ[7]:39
[    0.333627][    T1] [DEVAPC]: IRQ[8]:40
[    0.333638][    T1] [DEVAPC]: IRQ[9]:41
[    0.333649][    T1] [DEVAPC]: IRQ[10]:42
[    0.333661][    T1] [DEVAPC]: IRQ[11]:43
[    0.333673][    T1] [DEVAPC]: IRQ[12]:44
[    0.333688][    T1] [DEVAPC]: IRQ[13]:45
[    0.333699][    T1] [DEVAPC]: IRQ[14]:46
[    0.333710][    T1] [DEVAPC]: IRQ[15]:47
[    0.333721][    T1] [DEVAPC]: IRQ[16]:48
[    0.333732][    T1] [DEVAPC]: IRQ[17]:49
[    0.333744][    T1] [DEVAPC]: IRQ[18]:50
[    0.333847][    T1] [DEVAPC]: (Infra) Cannot get devapc clock from CCF (-2)
[    0.333954][    T1] [DEVAPC]: no violation for slave:0x0
[    0.333964][    T1] [DEVAPC]: no violation for slave:0x1
[    0.333973][    T1] [DEVAPC]: no violation for slave:0x2
[    0.334033][    T1] [DEVAPC]: no violation for slave:0x3
[    0.334072][    T1] [DEVAPC]: no violation for slave:0x4
[    0.334168][    T1] [DEVAPC]: no violation for slave:0x5
[    0.334196][    T1] [DEVAPC]: no violation for slave:0x6
[    0.334207][    T1] [DEVAPC]: no violation for slave:0x7
[    0.334227][    T1] [DEVAPC]: no violation for slave:0x8
[    0.334236][    T1] [DEVAPC]: no violation for slave:0x9
[    0.334252][    T1] [DEVAPC]: no violation for slave:0xa
[    0.334269][    T1] [DEVAPC]: no violation for slave:0xb
[    0.334283][    T1] [DEVAPC]: no violation for slave:0xc
[    0.334392][    T1] [DEVAPC]: no violation for slave:0xd
[    0.334458][    T1] [DEVAPC]: no violation for slave:0xe
[    0.334724][    T1] [DEVAPC]: no violation for slave:0xf
[    0.334969][    T1] [DEVAPC]: no violation for slave:0x10
[    0.335100][    T1] [DEVAPC]: no violation for slave:0x11
[    0.335116][    T1] [DEVAPC]: no violation for slave:0x12
[    0.335138][    T1] [DEVAPC]: no violation for slave:0x13
[    0.338844][    T1] [DEVAPC]: start_devapc done
[    0.339761][    T1] [scmi] secure-sspm-mbox-clr not support
[    0.339766][    T1] [scmi] secure-sspm-md2spm-clr support, secure_sspm_md2spm_clr_support: 1
[    0.339771][    T1] mtk_tinysys_mbox 1c351000.tinysys-mbox: MTK MBOX Mailbox registered
[    0.340562][   T82] arm-scmi firmware:scmi: SCMI Notifications - Core Enabled.
[    0.340747][   T82] arm-scmi firmware:scmi: SCMI Protocol v1.0 'mtk:mtk' Firmware version 0x5353504d
[    0.340900][   T82] arm-scmi firmware:scmi: Detected UNSUPPORTED higher version 0x10000 for protocol 0x80.Backward compatibility is NOT assured.
[    0.341242][    T1] ise-wakelock 0
[    0.341248][    T1] ise_lpm_freerun_en 0
[    0.341252][    T1] ise_lpm_deinit_bypass 0
[    0.341325][    T1] ise not enable, start to deinit
[    0.341325][    T1]  
[    0.343317][    T1] mt6991-pinctrl 1002d000.pinctrl: mtk_eint_do_init eint total 293 pins.
[    0.343346][    T1] mt6991-pinctrl 1002d000.pinctrl: mtk_eint_do_init eint in new mode, assign the matrix number to 230.
[    0.346869][   T83] input: gpio-keys as /devices/platform/odm/odm:oplus_magic_key/input/input0
[    0.353116][    T1] mtk-dvfsrc 1c013000.dvfsrc: error -ENXIO: IRQ index 0 not found
[    0.356054][    T1] mtk-dvfsrc-devfreq mtk-dvfsrc-devfreq: _opp_is_duplicate: duplicate OPPs detected. Existing: freq: 9594000000, volt: 0, enabled: 1. New: freq: 9594000000, volt: 0, enabled: 1
[    0.357783][    T1] [Power/dcm] 
[    0.357783][    T1] ******** dcm dump register *********
[    0.357791][    T1] [Power/dcm] CLK_AXI_VDNR_DCM_TOP_APINFRA_IO_INTX_BUS_u_APINFRA_IO_INTX_BUS_CTRL_0(0xffffffc080a3d008): 0x80822015
[    0.357796][    T1] [Power/dcm] CLK_FMEM_SUB_CFG_VDNR_DCM_TOP_APINFRA_MEM_INTX_BUS_u_APINFRA_MEM_INTX_BUS_CTRL_0(0xffffffc080a5500c): 0x8082201d
[    0.357799][    T1] [Power/dcm] CLK_FMEM_SUB_VDNR_DCM_TOP_APINFRA_MEM_INTX_BUS_u_APINFRA_MEM_INTX_BUS_CTRL_0(0xffffffc080a55014): 0x00440091
[    0.357802][    T1] [Power/dcm] CLK_FMEM_SUB_VDNR_DCM_TOP_APINFRA_MEM_INTX_BUS_u_APINFRA_MEM_INTX_BUS_CTRL_1(0xffffffc080a55018): 0x403ff010
[    0.357806][    T1] [Power/dcm] CLK_FMEM_SUB_VDNR_DCM_TOP_APINFRA_MEM_INTX_BUS_u_APINFRA_MEM_INTX_BUS_CTRL_2(0xffffffc080a5501c): 0x807e0208
[    0.357809][    T1] [Power/dcm] CLK_FMEM_SUB_VDNR_DCM_TOP_APINFRA_MEM_INTX_BUS_u_APINFRA_MEM_INTX_BUS_CTRL_3(0xffffffc080a55020): 0x201e0208
[    0.357812][    T1] [Power/dcm] CLK_FMEM_SUB_VDNR_DCM_TOP_APINFRA_MEM_INTX_BUS_u_APINFRA_MEM_INTX_BUS_CTRL_4(0xffffffc080a55024): 0x01fe0208
[    0.357815][    T1] [Power/dcm] CLK_FMEM_SUB_VDNR_DCM_TOP_APINFRA_MEM_INTX_BUS_u_APINFRA_MEM_INTX_BUS_CTRL_5(0xffffffc080a55028): 0x00c04110
[    0.357819][    T1] [Power/dcm] CLK_IO_NOC_VDNR_DCM_TOP_APINFRA_IO_INTF_PAR_BUS_u_APINFRA_IO_INTF_PAR_BUS_CTRL_0(0xffffffc080a45004): 0x80822011
[    0.357822][    T1] [Power/dcm] MCUSYS_PAR_WRAP_NON_SEC_ACP_SLAVE_DCM_EN                    (0xffffffc080a352dc): 0x00000001
[    0.357825][    T1] [Power/dcm] MCUSYS_PAR_WRAP_NON_SEC_ADB_FIFO_DCM_EN                     (0xffffffc080a35278): 0x1fff07ff
[    0.357828][    T1] [Power/dcm] MCUSYS_PAR_WRAP_NON_SEC_CBIP_CABGEN_1TO2_CONFIG             (0xffffffc080a352ac): 0x00000308
[    0.357831][    T1] [Power/dcm] MCUSYS_PAR_WRAP_NON_SEC_CBIP_CABGEN_1TO2_INFRA_CONFIG       (0xffffffc080a352c4): 0x00000308
[    0.357835][    T1] [Power/dcm] MCUSYS_PAR_WRAP_NON_SEC_CBIP_CABGEN_1TO2_L3GIC_CONFIG       (0xffffffc080a352bc): 0x00000308
[    0.357837][    T1] [Power/dcm] MCUSYS_PAR_WRAP_NON_SEC_CBIP_CABGEN_2TO1_CONFIG             (0xffffffc080a352a4): 0x00000000
[    0.357840][    T1] [Power/dcm] MCUSYS_PAR_WRAP_NON_SEC_CBIP_CABGEN_2TO5_CONFIG             (0xffffffc080a352b0): 0x00001f08
[    0.357843][    T1] [Power/dcm] MCUSYS_PAR_WRAP_NON_SEC_CBIP_CABGEN_3TO1_CONFIG             (0xffffffc080a352a0): 0x00000308
[    0.357846][    T1] [Power/dcm] MCUSYS_PAR_WRAP_NON_SEC_CBIP_CABGEN_4TO2_CONFIG             (0xffffffc080a352a8): 0x00000708
[    0.357849][    T1] [Power/dcm] MCUSYS_PAR_WRAP_NON_SEC_CBIP_P2P_CONFIG0                    (0xffffffc080a352b4): 0x00000007
[    0.357852][    T1] [Power/dcm] MCUSYS_PAR_WRAP_NON_SEC_CI700_DCM_CTRL                      (0xffffffc080a35298): 0x8a080003
[    0.357855][    T1] [Power/dcm] MCUSYS_PAR_WRAP_NON_SEC_EBG_CKE_WRAP_FIFO_CFG               (0xffffffc080a35404): 0x00000000
[    0.357858][    T1] [Power/dcm] MCUSYS_PAR_WRAP_NON_SEC_GIC_SPI_SLOW_CK_CFG                 (0xffffffc080a352e0): 0x00000001
[    0.357861][    T1] [Power/dcm] MCUSYS_PAR_WRAP_NON_SEC_L3GIC_ARCH_CG_CONFIG                (0xffffffc080a35294): 0x00000001
[    0.357864][    T1] [Power/dcm] MCUSYS_PAR_WRAP_NON_SEC_L3_SHARE_DCM_CTRL                   (0xffffffc080a35078): 0x00000001
[    0.357867][    T1] [Power/dcm] MCUSYS_PAR_WRAP_NON_SEC_MP0_DCM_CFG0                        (0xffffffc080a3527c): 0x01ffffff
[    0.357870][    T1] [Power/dcm] MCUSYS_PAR_WRAP_NON_SEC_MP_ADB_DCM_CFG0                     (0xffffffc080a35270): 0x00010007
[    0.357873][    T1] [Power/dcm] MCUSYS_PAR_WRAP_NON_SEC_MP_CENTRAL_FABRIC_SUB_CHANNEL_CG    (0xffffffc080a352b8): 0x00000001
[    0.357876][    T1] [Power/dcm] MCUSYS_PAR_WRAP_NON_SEC_QDCM_CONFIG0                        (0xffffffc080a35280): 0x01111001
[    0.357879][    T1] [Power/dcm] MCUSYS_PAR_WRAP_NON_SEC_QDCM_CONFIG1                        (0xffffffc080a35284): 0x00001111
[    0.357882][    T1] [Power/dcm] MCUSYS_PAR_WRAP_NON_SEC_QDCM_CONFIG2                        (0xffffffc080a35288): 0x99999999
[    0.357885][    T1] [Power/dcm] MCUSYS_PAR_WRAP_NON_SEC_QDCM_CONFIG3                        (0xffffffc080a3528c): 0x00009999
[    0.357888][    T1] [Power/dcm] VDNR_DCM_TOP_APINFRA_MEM_INTF_PAR_BUS_u_APINFRA_MEM_INTF_PAR_BUS_CTRL_0(0xffffffc080a4d000): 0x80822012
[    0.357895][    T1] [Power/dcm] current sw version: 1
[    0.357898][    T1] [Power/dcm] B0_VDNR_DCM_TOP_PERI_PAR_BUS_u_PERI_PAR_BUS_CTRL_0          (0xffffffc080a5d020): 0x22014923
[    0.357901][    T1] [Power/dcm] B0_VDNR_DCM_TOP_PERI_PAR_BUS_u_PERI_PAR_BUS_CTRL_1          (0xffffffc080a5d024): 0x04403010
[    0.357905][    T1] [Power/dcm] B0_VDNR_DCM_TOP_PERI_PAR_BUS_u_PERI_PAR_BUS_CTRL_2          (0xffffffc080a5d028): 0x04403010
[    0.357908][    T1] [Power/dcm] B0_VDNR_DCM_TOP_PERI_PAR_BUS_u_PERI_PAR_BUS_CTRL_3          (0xffffffc080a5d02c): 0x04407930
[    0.357911][    T1] [Power/dcm] VDNR_DCM_TOP_VLP_PAR_BUS_TOP_u_VLP_PAR_BUS_TOP_CTRL_0       (0xffffffc080a6505c): 0x80802027
[    0.357914][    T1] [Power/dcm] [dcm_restore]type:0x00000000, INIT_DCM_TYPE_BY_K=0x0
[    0.361879][    T1] mtk_iommu: debug mtk_m4u_dbg_probe start, smmu_v3_enable:1
[    0.368175][    T1] emicen was loaded
[    0.368389][    T1] emicen_drv 10469000.emicen: driver probed
[    0.368416][    T1] emicen_drv 10469000.emicen: cen->offset 0x80000000
[    0.368441][    T1] emicen_drv 10469000.emicen: No chn_swap info
[    0.368444][    T1] emicen_drv 10469000.emicen: No chn_swap info
[    0.368447][    T1] emicen_drv 10469000.emicen: No chn_swap info
[    0.368450][    T1] emicen_drv 10469000.emicen: No chn_swap info
[    0.368452][    T1] emicen_drv 10469000.emicen: cen->chn_swap[0] 0
[    0.368455][    T1] emicen_drv 10469000.emicen: cen->chn_swap[1] 1
[    0.368458][    T1] emicen_drv 10469000.emicen: cen->chn_swap[2] 2
[    0.368461][    T1] emicen_drv 10469000.emicen: cen->chn_swap[3] 3
[    0.368465][    T1] emicen_drv 10469000.emicen: No a2d-conf-offset
[    0.368468][    T1] emicen_drv 10469000.emicen: No a2d-chn-conf-offset
[    0.368471][    T1] a2d_cen: 0xf053f154, 0x10000000, 0x88880043, 0x10804330, 0xc0, 0x9044000
[    0.368474][    T1] a2d_chn: 0x488fc51, 0x80c5, 0x1ac00901
[    0.368477][    T1] emicen_drv 10469000.emicen: version(2) ch_cnt(4), rk_cnt(2)
[    0.368481][    T1] emicen_drv 10469000.emicen: rk_size0(0x200000000)
[    0.368484][    T1] emicen_drv 10469000.emicen: rk_size1(0x200000000)
[    0.368487][    T1] emicen_drv 10469000.emicen: a2d-disph 0xe
[    0.368490][    T1] emicen_drv 10469000.emicen: a2d-hash 0xb
[    0.368493][    T1] emicen_drv 10469000.emicen: emi_a2d_emi_cen[0] 0xf053f154
[    0.368496][    T1] emicen_drv 10469000.emicen: emi_a2d_emi_cen[1] 0x10000000
[    0.368499][    T1] emicen_drv 10469000.emicen: emi_a2d_emi_cen[2] 0x88880043
[    0.368501][    T1] emicen_drv 10469000.emicen: emi_a2d_emi_cen[3] 0x10804330
[    0.368504][    T1] emicen_drv 10469000.emicen: emi_a2d_emi_cen[4] 0xc0
[    0.368507][    T1] emicen_drv 10469000.emicen: emi_a2d_emi_cen[5] 0x9044000
[    0.368510][    T1] emicen_drv 10469000.emicen: emi_a2d_emi_chn[0] 0x488fc51
[    0.368512][    T1] emicen_drv 10469000.emicen: emi_a2d_emi_chn[1] 0x80c5
[    0.368516][    T1] emicen_drv 10469000.emicen: emi_a2d_emi_chn[2] 0x1ac00901
[    0.368971][    T1] emiisu wad loaded
[    0.369084][    T1] emiisu_drv soc:emiisu: driver probed
[    0.369099][    T1] emiisu_probe: Turn off EMIISU dump
[    0.369102][    T1] set_isu_ctrl_flag: lsu_ctrl_flag_last: 0xffffffff
[    0.369104][    T1] set_isu_ctrl_flag: cur_ctrl_trace_idx=0
[    0.369108][    T1] set_isu_ctrl_flag: isu_ctrl_trace[0]: ts=369107692, val=1f, readback=dec0dec0
[    0.369112][    T1] set_isu_ctrl_flag: KERN_REC_OFF_PROBE
[    0.369114][    T1] emiisu_drv soc:emiisu: buf_size(400000),buf_addr(ffffffc081800000),ver_addr(ffffffc080afd8e4),con_addr(ffffffc080c058d0),ctrl_intf(1)
[    0.372103][    T1] arm-smmu-v3 14900000.iommu: [arm_smmu_device_dt_probe] coherent:1(256), options:0x0, features:0x100
[    0.372118][    T1] arm-smmu-v3 14900000.iommu: [arm_smmu_device_probe] res:0x14900000~0x14adffff, ioaddr:0x14900000, base:0xffffffc080ae5000, page1:0xffffffc080aed000, wp:0xffffffc080af5000
[    0.372133][    T1] arm-smmu-v3 14900000.iommu: [mtk_smmu_data_init] plat_data{smmu_plat:1, flags:0x944, smmu_type:2}
[    0.372144][    T1] mtk-smmu-v3: [mtk_smmu_config_translation] smmu:SOCSYS, trans:0x3, ret:0
[    0.372149][    T1] arm-smmu-v3 14900000.iommu: [populate_iommu_groups] groups_node full_name:iommu-groups, nr_groups:1
[    0.372164][    T1] mtk-smmu-v3: populate_iommu_groups, group label=soc_common, id=0x0000000000000000
[    0.372168][    T1] arm-smmu-v3 14900000.iommu: [populate_iommu_groups], group label=soc_common, id=0x0000000000000000, domain_type=0x3, smmu_type=2
[    0.372172][    T1] mtk-smmu-v3: [mtk_smmu_irq_pause_timer_init] smmu:SOCSYS
[    0.372220][    T1] arm-smmu-v3 14900000.iommu: [arm_smmu_probe_irq] combined irq:347
[    0.372224][    T1] arm-smmu-v3 14900000.iommu: [arm_smmu_device_probe] delay_hw_init:0
[    0.372230][    T1] arm-smmu-v3 14900000.iommu: [arm_smmu_device_hw_probe] coherent:1, IDR0:0x0=0x80f363f, split:8
[    0.372238][    T1] arm-smmu-v3 14900000.iommu: ias 40-bit, oas 36-bit (features 0x0000dfae)
[    0.372621][    T1] arm-smmu-v3 14900000.iommu: allocated 16384 entries for cmdq
[    0.372738][    T1] arm-smmu-v3 14900000.iommu: allocated 32768 entries for evtq
[    0.372799][    T1] [arm_smmu_init_bypass_stes] strtab:0xffffff8080240000, nent:256, bypass:0, force:0, val:0x9
[    0.372804][    T1] arm-smmu-v3 14900000.iommu: [mtk_smmu_hw_init] plat_data{smmu_plat:1, flags:0x944, smmu:SOCSYS}
[    0.372808][    T1] arm-smmu-v3 14900000.iommu: [arm_smmu_sid_in_range] ret:1 sid:0, num_l1_ents:256, limit:256
[    0.372812][    T1] arm-smmu-v3 14900000.iommu: [smmu_init_wpcfg] start, wp_base:0xffffffc080af5000
[    0.372821][    T1] arm-smmu-v3 14900000.iommu: [smmu_init_wpcfg] AXSLC done SMMU_TCU_CTL1_AXSLC(0xffffffc080af5204)=0x28100e2
[    0.372825][    T1] arm-smmu-v3 14900000.iommu: [smmu_init_wpcfg] GLB_CTL0(0xffffffc080af5000)=0x1c0805
[    0.373405][    T1] arm-smmu-v3 14900000.iommu: [arm_smmu_device_probe] device_reset:0
[    0.373876][    T1] arm-smmu-v3 4c000000.iommu: [arm_smmu_device_dt_probe] coherent:1(256), options:0x0, features:0x100
[    0.373891][    T1] arm-smmu-v3 4c000000.iommu: [arm_smmu_device_probe] res:0x4c000000~0x4c1dffff, ioaddr:0x4c000000, base:0xffffffc080c15000, page1:0xffffffc080c1d000, wp:0xffffffc080c2d000
[    0.373902][    T1] arm-smmu-v3 4c000000.iommu: [mtk_smmu_data_init] plat_data{smmu_plat:1, flags:0x9e0, smmu_type:1}
[    0.373906][    T1] arm-smmu-v3 4c000000.iommu: parse tcu-prefetch:2
[    0.373913][    T1] mtk-smmu-v3: [mtk_smmu_config_translation] smmu:APU, trans:0x3, ret:0
[    0.373919][    T1] arm-smmu-v3 4c000000.iommu: [populate_iommu_groups] groups_node full_name:iommu-groups, nr_groups:2
